--------- beginning of system
12-04 20:38:42.539  1348  1348 I vold    : Vold 3.0 (the awakening) firing up
12-04 20:38:42.540  1348  1348 V vold    : Detected support for: ext4 vfat
12-04 20:38:42.555  1348  1353 D vold    : e4crypt_init_user0
12-04 20:38:42.556  1348  1353 D vold    : e4crypt_prepare_user_storage for volume null, user 0, serial 0, flags 1
12-04 20:38:42.556  1348  1353 D vold    : Preparing: /data/system/users/0
12-04 20:38:42.556  1348  1353 D vold    : Preparing: /data/misc/profiles/cur/0
12-04 20:38:42.556  1348  1353 D vold    : Preparing: /data/system_de/0
12-04 20:38:42.556  1348  1353 D vold    : Preparing: /data/misc_de/0
12-04 20:38:42.556  1348  1353 D vold    : Preparing: /data/user_de/0
12-04 20:38:42.556  1348  1353 D vold    : e4crypt_unlock_user_key 0 serial=0 token_present=0
12-04 20:38:42.556  1348  1353 E vold    : Failed to chmod /data/system_ce/0: No such file or directory
12-04 20:38:42.556  1348  1353 E vold    : Failed to chmod /data/misc_ce/0: No such file or directory
12-04 20:38:42.556  1348  1353 E vold    : Failed to chmod /data/media/0: No such file or directory
12-04 20:38:42.559  1348  1351 D vold    : Recognized experimental block major ID 253 as virtio-blk (emulator's virtual SD card device)
12-04 20:38:42.559  1348  1351 V vold    : /system/bin/sgdisk
12-04 20:38:42.559  1348  1351 V vold    :     --android-dump
12-04 20:38:42.559  1348  1351 V vold    :     /dev/block/vold/disk:253,80
12-04 20:38:42.576  1348  1351 V vold    : DISK mbr
12-04 20:38:42.576  1348  1351 V vold    : 
12-04 20:38:42.576  1348  1351 W vold    : disk:253,80 has unknown partition table; trying entire device
12-04 20:38:42.576  1348  1351 V vold    : /system/bin/blkid
12-04 20:38:42.576  1348  1351 V vold    :     -c
12-04 20:38:42.576  1348  1351 V vold    :     /dev/null
12-04 20:38:42.576  1348  1351 V vold    :     -s
12-04 20:38:42.576  1348  1351 V vold    :     TYPE
12-04 20:38:42.576  1348  1351 V vold    :     -s
12-04 20:38:42.577  1348  1351 V vold    :     UUID
12-04 20:38:42.577  1348  1351 V vold    :     -s
12-04 20:38:42.577  1348  1351 V vold    :     LABEL
12-04 20:38:42.577  1348  1351 V vold    :     /dev/block/vold/disk:253,80
12-04 20:38:42.593  1348  1351 V vold    : /dev/block/vold/disk:253,80: LABEL="SDCARD" UUID="100D-2A1E" TYPE="vfat" 
12-04 20:38:42.593  1348  1351 V vold    : 
12-04 20:38:42.916  1403  1403 I android.hardware.wifi@1.0-service: Wifi Hal is booting up...
12-04 20:38:42.944  1348  1353 D VoldCryptCmdListener: cryptfs mountdefaultencrypted
12-04 20:38:42.949  1348  1420 I Cryptfs : cryptfs_check_passwd
12-04 20:38:42.950  1348  1420 D Cryptfs : crypt_ftr->fs_size = 12582912
12-04 20:38:42.950  1348  1420 I Cryptfs : Using scrypt with keymaster for cryptfs KDF
12-04 20:38:43.355  1348  1420 I Cryptfs : Signing safely-padded object
12-04 20:38:43.545  1348  1420 I Cryptfs : Enabling support for allow_discards in dmcrypt.
12-04 20:38:43.605  1348  1351 D vold    : Disk at 252:0 changed
12-04 20:38:43.767  1348  1420 I Cryptfs : Password matches
12-04 20:38:43.767  1348  1420 D Cryptfs : test_mount_encrypted_fs(): Master key saved
12-04 20:38:43.768  1348  1420 D Cryptfs : Password is default - restarting filesystem
12-04 20:38:43.800  1348  1420 D Cryptfs : unmounting /data succeeded
12-04 20:38:43.801  1348  1420 I vold    : [libfs_mgr]superblock s_max_mnt_count:65535,/dev/block/dm-0
12-04 20:38:43.801  1348  1420 I vold    : [libfs_mgr]Filesystem on /dev/block/dm-0 was not cleanly shutdown; state flags: 0x1, incompat feature flags: 0x46
12-04 20:38:44.260  1348  1420 I vold    : [libfs_mgr]check_fs(): mount(/dev/block/dm-0,/data,ext4)=0: Success
12-04 20:38:44.325  1348  1420 I vold    : [libfs_mgr]check_fs(): unmount(/data) succeeded
12-04 20:38:44.325  1348  1420 I vold    : [libfs_mgr]Running /system/bin/e2fsck on /dev/block/dm-0
12-04 20:38:44.673  1348  1420 I vold    : [libfs_mgr]e2fsck returned status 0x100
12-04 20:38:44.680  1348  1420 I vold    : [libfs_mgr]__mount(source=/dev/block/dm-0,target=/data,type=ext4)=0: Success
12-04 20:38:44.683  1348  1420 D Cryptfs : Just triggered post_fs_data
12-04 20:38:44.716  1348  1353 D vold    : e4crypt_init_user0
12-04 20:38:44.716  1348  1353 D vold    : e4crypt_prepare_user_storage for volume null, user 0, serial 0, flags 1
12-04 20:38:44.716  1348  1353 D vold    : Preparing: /data/system/users/0
12-04 20:38:44.717  1348  1353 D vold    : Preparing: /data/misc/profiles/cur/0
12-04 20:38:44.717  1348  1353 D vold    : Preparing: /data/system_de/0
12-04 20:38:44.717  1348  1353 D vold    : Preparing: /data/misc_de/0
12-04 20:38:44.718  1348  1353 D vold    : Preparing: /data/user_de/0
12-04 20:38:44.718  1348  1353 D vold    : e4crypt_unlock_user_key 0 serial=0 token_present=0
12-04 20:38:44.737  1348  1420 D Cryptfs : post_fs_data done
12-04 20:38:44.738  1348  1420 D Cryptfs : Just triggered restart_framework
12-04 20:38:44.889  1476  1476 I installd: installd firing up
12-04 20:38:45.031  1484  1484 I wificond: wificond is starting up...
12-04 20:38:46.853  1599  1599 I SystemServer: InitBeforeStartServices
12-04 20:38:46.856  1599  1599 I SystemServer: Entered the Android system server!
12-04 20:38:47.018  1599  1599 I SystemServer: StartServices
12-04 20:38:47.018  1599  1599 I SystemServer: Reading configuration...
12-04 20:38:47.018  1599  1599 I SystemServer: ReadingSystemConfig
12-04 20:38:47.019  1599  1599 I SystemServer: StartInstaller
12-04 20:38:47.019  1599  1599 I SystemServiceManager: Starting com.android.server.pm.Installer
12-04 20:38:47.024  1599  1599 I SystemServer: DeviceIdentifiersPolicyService
12-04 20:38:47.024  1599  1599 I SystemServiceManager: Starting com.android.server.os.DeviceIdentifiersPolicyService
12-04 20:38:47.025  1599  1599 I SystemServer: StartActivityManager
12-04 20:38:47.025  1599  1599 I SystemServiceManager: Starting com.android.server.am.ActivityManagerService$Lifecycle
12-04 20:38:47.064  1599  1599 I ActivityManager: Memory class: 384
12-04 20:38:47.096  1599  1599 D BatteryStatsImpl: Reading daily items from /data/system/batterystats-daily.xml
12-04 20:38:47.158  1599  1616 E BatteryExternalStatsWorker: no controller energy info supplied for telephony
12-04 20:38:47.159  1599  1616 E KernelUidCpuFreqTimeReader: Failed to read /proc/uid_time_in_state: java.io.FileNotFoundException: /proc/uid_time_in_state (No such file or directory)
12-04 20:38:47.160  1599  1616 E KernelCpuSpeedReader: Failed to read cpu-freq: /sys/devices/system/cpu/cpu0/cpufreq/stats/time_in_state (No such file or directory)
12-04 20:38:47.160  1599  1616 W KernelMemoryBandwidthStats: No kernel memory bandwidth stats available
12-04 20:38:47.212  1599  1599 I IntentFirewall: Read new rules (A:0 B:0 S:0)
12-04 20:38:47.215  1599  1599 D AppOps  : AppOpsService published
12-04 20:38:47.216  1599  1599 I SystemServer: StartPowerManager
12-04 20:38:47.216  1599  1599 I SystemServiceManager: Starting com.android.server.power.PowerManagerService
12-04 20:38:47.238  1599  1599 I SystemServer: InitPowerManagement
12-04 20:38:47.243  1599  1599 I SystemServer: StartRecoverySystemService
12-04 20:38:47.244  1599  1599 I SystemServiceManager: Starting com.android.server.RecoverySystemService
12-04 20:38:47.252  1599  1599 W RescueParty: Noticed 1 events for UID 0 in last 7 sec
12-04 20:38:47.252  1599  1599 I SystemServer: StartLightsService
12-04 20:38:47.252  1599  1599 I SystemServiceManager: Starting com.android.server.lights.LightsService
12-04 20:38:47.252  1599  1599 I SystemServer: StartDisplayManager
12-04 20:38:47.252  1599  1599 I SystemServiceManager: Starting com.android.server.display.DisplayManagerService
12-04 20:38:47.258  1599  1599 I SystemServer: WaitForDisplay
12-04 20:38:47.258  1599  1599 I SystemServiceManager: Starting phase 100
12-04 20:38:47.261  1599  1620 E LocalDisplayAdapter: Default and active color mode is no longer available! Reverting to first available mode.
12-04 20:38:47.264  1599  1620 I DisplayManagerService: Display device added: DisplayDeviceInfo{"Built-in Screen": uniqueId="local:0", 1080 x 1920, modeId 1, defaultModeId 1, supportedModes [{id=1, width=1080, height=1920, fps=60.000004}], colorMode -22, supportedColorModes [-22], HdrCapabilities android.view.Display$HdrCapabilities@1d6308, density 420, 420.0 x 420.0 dpi, appVsyncOff 1000000, presDeadline 16666666, touch INTERNAL, rotation 0, type BUILT_IN, state UNKNOWN, FLAG_DEFAULT_DISPLAY, FLAG_ROTATES_WITH_CONTENT, FLAG_SECURE, FLAG_SUPPORTS_PROTECTED_BUFFERS}
12-04 20:38:47.266  1599  1620 I DisplayManagerService: Display device changed state: "Built-in Screen", ON
12-04 20:38:47.266  1599  1599 I SystemServer: StartPackageManagerService
12-04 20:38:47.297  1599  1599 D SELinuxMMAC: Using policy file /system/etc/selinux/plat_mac_permissions.xml
12-04 20:38:47.298  1599  1599 D SELinuxMMAC: Using policy file /vendor/etc/selinux/nonplat_mac_permissions.xml
12-04 20:38:47.341  1599  1599 W PackageManager: Unknown permission: com.google.android.gms.permission.GAMES_DEBUG_SETTINGS
12-04 20:38:47.348  1599  1599 I chatty  : uid=1000 system_server identical 2 lines
12-04 20:38:47.361  1599  1599 W PackageManager: Unknown permission: com.google.android.gms.permission.GAMES_DEBUG_SETTINGS
12-04 20:38:47.419  1599  1599 W PackageManager: Failed to parse /system/framework/oat: Missing base APK in /system/framework/oat
12-04 20:38:47.420  1599  1599 W PackageManager: Failed to parse /system/framework/x86: Missing base APK in /system/framework/x86
12-04 20:38:47.519  1599  1599 W PackageManager: Failed to scan /system/priv-app/Phonesky: Package com.android.vending at /system/priv-app/Phonesky ignored: updated version 82284210 better than this 80806200
12-04 20:38:47.552  1599  1599 W PackageManager: Failed to scan /system/priv-app/WallpaperPickerGooglePrebuilt: Package com.google.android.apps.wallpaper at /system/priv-app/WallpaperPickerGooglePrebuilt ignored: updated version 169416333 better than this 166921241
12-04 20:38:47.557  1599  1599 W PackageManager: Failed to scan /system/priv-app/Velvet: Package com.google.android.googlequicksearchbox at /system/priv-app/Velvet ignored: updated version 300950076 better than this 300745886
12-04 20:38:47.575  1599  1599 W PackageManager: Failed to scan /system/priv-app/PrebuiltGmsCore: Package com.google.android.gms at /system/priv-app/PrebuiltGmsCore ignored: updated version 204217022 better than this 11580470
12-04 20:38:47.581  1599  1599 W PackageManager: Failed to scan /system/app/CalendarGooglePrebuilt: Package com.google.android.calendar at /system/app/CalendarGooglePrebuilt ignored: updated version 2016195441 better than this 2015475782
12-04 20:38:47.588  1599  1599 W PackageManager: Failed to scan /system/app/Chrome: Package com.android.chrome at /system/app/Chrome ignored: updated version 372915712 better than this 316409812
12-04 20:38:47.602  1599  1599 W PackageManager: Failed to scan /system/app/Drive: Package com.google.android.apps.docs at /system/app/Drive ignored: updated version 191920570 better than this 71832670
12-04 20:38:47.625  1599  1599 W PackageManager: Failed to scan /system/app/GoogleTTS: Package com.google.android.tts at /system/app/GoogleTTS ignored: updated version 210315360 better than this 210313013
12-04 20:38:47.632  1599  1599 W PackageManager: Failed to scan /system/app/LatinIMEGooglePrebuilt: Package com.google.android.inputmethod.latin at /system/app/LatinIMEGooglePrebuilt ignored: updated version 26821115 better than this 26641611
12-04 20:38:47.647  1599  1599 W PackageManager: Failed to scan /system/app/Music2: Package com.google.android.music at /system/app/Music2 ignored: updated version 80591 better than this 50220
12-04 20:38:47.648  1599  1599 W PackageManager: Failed to scan /system/app/Maps: Package com.google.android.apps.maps at /system/app/Maps ignored: updated version 1016301040 better than this 956702030
12-04 20:38:47.648  1599  1599 W PackageManager: Failed to scan /system/app/PrebuiltDeskClockGoogle: Package com.google.android.deskclock at /system/app/PrebuiltDeskClockGoogle ignored: updated version 61100212 better than this 51002602
12-04 20:38:47.649  1599  1599 W PackageManager: Failed to scan /system/app/Photos: Package com.google.android.apps.photos at /system/app/Photos ignored: updated version 3490131 better than this 1840240
12-04 20:38:47.649  1599  1599 W PackageManager: Failed to scan /system/app/PrebuiltBugle: Package com.google.android.apps.messaging at /system/app/PrebuiltBugle ignored: updated version 43098378 better than this 25212570
12-04 20:38:47.665  1599  1599 W PackageManager: Failed to scan /system/app/PrebuiltGmail: Package com.google.android.gm at /system/app/PrebuiltGmail ignored: updated version 61459269 better than this 59629630
12-04 20:38:47.671  1599  1599 W PackageManager: Failed to scan /system/app/YouTube: Package com.google.android.youtube at /system/app/YouTube ignored: updated version 1420543700 better than this 121741370
12-04 20:38:47.674  1599  1599 I PackageManager: Finished scanning system apps. Time: 267 ms, packageCount: 84 , timePerPackage: 3 , cached: 100
12-04 20:38:47.903  1599  1641 W PackageParser: Unknown element under <manifest>: attribution at /data/app/com.google.android.gms-48Svdf5INO96isYnHbxcsg==/base.apk Binary XML file line #5
12-04 20:38:47.903  1599  1641 W PackageParser: Unknown element under <manifest>: attribution at /data/app/com.google.android.gms-48Svdf5INO96isYnHbxcsg==/base.apk Binary XML file line #6
12-04 20:38:47.903  1599  1641 W PackageParser: Unknown element under <manifest>: attribution at /data/app/com.google.android.gms-48Svdf5INO96isYnHbxcsg==/base.apk Binary XML file line #7
12-04 20:38:47.903  1599  1641 W PackageParser: Unknown element under <manifest>: attribution at /data/app/com.google.android.gms-48Svdf5INO96isYnHbxcsg==/base.apk Binary XML file line #8
12-04 20:38:47.903  1599  1641 W PackageParser: Unknown element under <manifest>: attribution at /data/app/com.google.android.gms-48Svdf5INO96isYnHbxcsg==/base.apk Binary XML file line #9
12-04 20:38:47.903  1599  1641 W PackageParser: Unknown element under <manifest>: attribution at /data/app/com.google.android.gms-48Svdf5INO96isYnHbxcsg==/base.apk Binary XML file line #10
12-04 20:38:47.903  1599  1641 W PackageParser: Unknown element under <manifest>: attribution at /data/app/com.google.android.gms-48Svdf5INO96isYnHbxcsg==/base.apk Binary XML file line #11
12-04 20:38:47.903  1599  1641 W PackageParser: Unknown element under <manifest>: attribution at /data/app/com.google.android.gms-48Svdf5INO96isYnHbxcsg==/base.apk Binary XML file line #12
12-04 20:38:47.903  1599  1641 W PackageParser: Unknown element under <manifest>: attribution at /data/app/com.google.android.gms-48Svdf5INO96isYnHbxcsg==/base.apk Binary XML file line #13
12-04 20:38:47.903  1599  1641 W PackageParser: Unknown element under <manifest>: attribution at /data/app/com.google.android.gms-48Svdf5INO96isYnHbxcsg==/base.apk Binary XML file line #14
12-04 20:38:47.903  1599  1641 W PackageParser: Unknown element under <manifest>: attribution at /data/app/com.google.android.gms-48Svdf5INO96isYnHbxcsg==/base.apk Binary XML file line #15
12-04 20:38:47.903  1599  1641 W PackageParser: Unknown element under <manifest>: attribution at /data/app/com.google.android.gms-48Svdf5INO96isYnHbxcsg==/base.apk Binary XML file line #16
12-04 20:38:47.903  1599  1641 W PackageParser: Unknown element under <manifest>: attribution at /data/app/com.google.android.gms-48Svdf5INO96isYnHbxcsg==/base.apk Binary XML file line #17
12-04 20:38:47.903  1599  1641 W PackageParser: Unknown element under <manifest>: attribution at /data/app/com.google.android.gms-48Svdf5INO96isYnHbxcsg==/base.apk Binary XML file line #18
12-04 20:38:47.903  1599  1641 W PackageParser: Unknown element under <manifest>: attribution at /data/app/com.google.android.gms-48Svdf5INO96isYnHbxcsg==/base.apk Binary XML file line #19
12-04 20:38:47.903  1599  1641 W PackageParser: Unknown element under <manifest>: attribution at /data/app/com.google.android.gms-48Svdf5INO96isYnHbxcsg==/base.apk Binary XML file line #20
12-04 20:38:47.903  1599  1641 W PackageParser: Unknown element under <manifest>: attribution at /data/app/com.google.android.gms-48Svdf5INO96isYnHbxcsg==/base.apk Binary XML file line #21
12-04 20:38:47.903  1599  1641 W PackageParser: Unknown element under <manifest>: attribution at /data/app/com.google.android.gms-48Svdf5INO96isYnHbxcsg==/base.apk Binary XML file line #22
12-04 20:38:47.903  1599  1641 W PackageParser: Unknown element under <manifest>: attribution at /data/app/com.google.android.gms-48Svdf5INO96isYnHbxcsg==/base.apk Binary XML file line #23
12-04 20:38:47.903  1599  1641 W PackageParser: Unknown element under <manifest>: attribution at /data/app/com.google.android.gms-48Svdf5INO96isYnHbxcsg==/base.apk Binary XML file line #24
12-04 20:38:47.903  1599  1641 W PackageParser: Unknown element under <manifest>: attribution at /data/app/com.google.android.gms-48Svdf5INO96isYnHbxcsg==/base.apk Binary XML file line #25
12-04 20:38:47.903  1599  1641 W PackageParser: Unknown element under <manifest>: attribution at /data/app/com.google.android.gms-48Svdf5INO96isYnHbxcsg==/base.apk Binary XML file line #26
12-04 20:38:47.903  1599  1641 W PackageParser: Unknown element under <manifest>: attribution at /data/app/com.google.android.gms-48Svdf5INO96isYnHbxcsg==/base.apk Binary XML file line #27
12-04 20:38:47.903  1599  1641 W PackageParser: Unknown element under <manifest>: attribution at /data/app/com.google.android.gms-48Svdf5INO96isYnHbxcsg==/base.apk Binary XML file line #28
12-04 20:38:47.903  1599  1641 W PackageParser: Unknown element under <manifest>: attribution at /data/app/com.google.android.gms-48Svdf5INO96isYnHbxcsg==/base.apk Binary XML file line #29
12-04 20:38:47.903  1599  1641 W PackageParser: Unknown element under <manifest>: attribution at /data/app/com.google.android.gms-48Svdf5INO96isYnHbxcsg==/base.apk Binary XML file line #30
12-04 20:38:47.903  1599  1641 W PackageParser: Unknown element under <manifest>: attribution at /data/app/com.google.android.gms-48Svdf5INO96isYnHbxcsg==/base.apk Binary XML file line #31
12-04 20:38:47.904  1599  1641 W PackageParser: Unknown element under <manifest>: attribution at /data/app/com.google.android.gms-48Svdf5INO96isYnHbxcsg==/base.apk Binary XML file line #32
12-04 20:38:47.904  1599  1641 W PackageParser: Unknown element under <manifest>: attribution at /data/app/com.google.android.gms-48Svdf5INO96isYnHbxcsg==/base.apk Binary XML file line #33
12-04 20:38:47.904  1599  1641 W PackageParser: Unknown element under <manifest>: attribution at /data/app/com.google.android.gms-48Svdf5INO96isYnHbxcsg==/base.apk Binary XML file line #34
12-04 20:38:47.904  1599  1641 W PackageParser: Unknown element under <manifest>: attribution at /data/app/com.google.android.gms-48Svdf5INO96isYnHbxcsg==/base.apk Binary XML file line #35
12-04 20:38:47.904  1599  1641 W PackageParser: Unknown element under <manifest>: attribution at /data/app/com.google.android.gms-48Svdf5INO96isYnHbxcsg==/base.apk Binary XML file line #36
12-04 20:38:47.904  1599  1641 W PackageParser: Unknown element under <manifest>: attribution at /data/app/com.google.android.gms-48Svdf5INO96isYnHbxcsg==/base.apk Binary XML file line #37
12-04 20:38:47.904  1599  1641 W PackageParser: Unknown element under <manifest>: attribution at /data/app/com.google.android.gms-48Svdf5INO96isYnHbxcsg==/base.apk Binary XML file line #38
12-04 20:38:47.904  1599  1641 W PackageParser: Unknown element under <manifest>: attribution at /data/app/com.google.android.gms-48Svdf5INO96isYnHbxcsg==/base.apk Binary XML file line #39
12-04 20:38:47.904  1599  1641 W PackageParser: Unknown element under <manifest>: attribution at /data/app/com.google.android.gms-48Svdf5INO96isYnHbxcsg==/base.apk Binary XML file line #40
12-04 20:38:47.904  1599  1641 W PackageParser: Unknown element under <manifest>: attribution at /data/app/com.google.android.gms-48Svdf5INO96isYnHbxcsg==/base.apk Binary XML file line #41
12-04 20:38:47.905  1599  1641 W PackageParser: Unknown element under <manifest>: attribution at /data/app/com.google.android.gms-48Svdf5INO96isYnHbxcsg==/base.apk Binary XML file line #42
12-04 20:38:47.905  1599  1641 W PackageParser: Unknown element under <manifest>: attribution at /data/app/com.google.android.gms-48Svdf5INO96isYnHbxcsg==/base.apk Binary XML file line #43
12-04 20:38:47.905  1599  1641 W PackageParser: Unknown element under <manifest>: attribution at /data/app/com.google.android.gms-48Svdf5INO96isYnHbxcsg==/base.apk Binary XML file line #44
12-04 20:38:47.905  1599  1641 W PackageParser: Unknown element under <manifest>: attribution at /data/app/com.google.android.gms-48Svdf5INO96isYnHbxcsg==/base.apk Binary XML file line #45
12-04 20:38:47.905  1599  1641 W PackageParser: Unknown element under <manifest>: attribution at /data/app/com.google.android.gms-48Svdf5INO96isYnHbxcsg==/base.apk Binary XML file line #46
12-04 20:38:47.905  1599  1641 W PackageParser: Unknown element under <manifest>: attribution at /data/app/com.google.android.gms-48Svdf5INO96isYnHbxcsg==/base.apk Binary XML file line #47
12-04 20:38:47.905  1599  1641 W PackageParser: Unknown element under <manifest>: attribution at /data/app/com.google.android.gms-48Svdf5INO96isYnHbxcsg==/base.apk Binary XML file line #48
12-04 20:38:47.905  1599  1641 W PackageParser: Unknown element under <manifest>: attribution at /data/app/com.google.android.gms-48Svdf5INO96isYnHbxcsg==/base.apk Binary XML file line #49
12-04 20:38:47.905  1599  1641 W PackageParser: Unknown element under <manifest>: attribution at /data/app/com.google.android.gms-48Svdf5INO96isYnHbxcsg==/base.apk Binary XML file line #50
12-04 20:38:47.905  1599  1641 W PackageParser: Unknown element under <manifest>: attribution at /data/app/com.google.android.gms-48Svdf5INO96isYnHbxcsg==/base.apk Binary XML file line #51
12-04 20:38:47.905  1599  1641 W PackageParser: Unknown element under <manifest>: attribution at /data/app/com.google.android.gms-48Svdf5INO96isYnHbxcsg==/base.apk Binary XML file line #52
12-04 20:38:47.905  1599  1641 W PackageParser: Unknown element under <manifest>: attribution at /data/app/com.google.android.gms-48Svdf5INO96isYnHbxcsg==/base.apk Binary XML file line #53
12-04 20:38:47.905  1599  1641 W PackageParser: Unknown element under <manifest>: attribution at /data/app/com.google.android.gms-48Svdf5INO96isYnHbxcsg==/base.apk Binary XML file line #54
12-04 20:38:47.905  1599  1641 W PackageParser: Unknown element under <manifest>: attribution at /data/app/com.google.android.gms-48Svdf5INO96isYnHbxcsg==/base.apk Binary XML file line #55
12-04 20:38:47.905  1599  1641 W PackageParser: Unknown element under <manifest>: attribution at /data/app/com.google.android.gms-48Svdf5INO96isYnHbxcsg==/base.apk Binary XML file line #56
12-04 20:38:47.905  1599  1641 W PackageParser: Unknown element under <manifest>: attribution at /data/app/com.google.android.gms-48Svdf5INO96isYnHbxcsg==/base.apk Binary XML file line #57
12-04 20:38:47.905  1599  1641 W PackageParser: Unknown element under <manifest>: attribution at /data/app/com.google.android.gms-48Svdf5INO96isYnHbxcsg==/base.apk Binary XML file line #58
12-04 20:38:47.905  1599  1641 W PackageParser: Unknown element under <manifest>: attribution at /data/app/com.google.android.gms-48Svdf5INO96isYnHbxcsg==/base.apk Binary XML file line #59
12-04 20:38:47.905  1599  1641 W PackageParser: Unknown element under <manifest>: attribution at /data/app/com.google.android.gms-48Svdf5INO96isYnHbxcsg==/base.apk Binary XML file line #60
12-04 20:38:47.905  1599  1641 W PackageParser: Unknown element under <manifest>: attribution at /data/app/com.google.android.gms-48Svdf5INO96isYnHbxcsg==/base.apk Binary XML file line #61
12-04 20:38:47.905  1599  1641 W PackageParser: Unknown element under <manifest>: attribution at /data/app/com.google.android.gms-48Svdf5INO96isYnHbxcsg==/base.apk Binary XML file line #62
12-04 20:38:47.905  1599  1641 W PackageParser: Unknown element under <manifest>: attribution at /data/app/com.google.android.gms-48Svdf5INO96isYnHbxcsg==/base.apk Binary XML file line #63
12-04 20:38:47.905  1599  1641 W PackageParser: Unknown element under <manifest>: attribution at /data/app/com.google.android.gms-48Svdf5INO96isYnHbxcsg==/base.apk Binary XML file line #64
12-04 20:38:47.905  1599  1641 W PackageParser: Unknown element under <manifest>: attribution at /data/app/com.google.android.gms-48Svdf5INO96isYnHbxcsg==/base.apk Binary XML file line #65
12-04 20:38:47.905  1599  1641 W PackageParser: Unknown element under <manifest>: attribution at /data/app/com.google.android.gms-48Svdf5INO96isYnHbxcsg==/base.apk Binary XML file line #66
12-04 20:38:47.905  1599  1641 W PackageParser: Unknown element under <manifest>: attribution at /data/app/com.google.android.gms-48Svdf5INO96isYnHbxcsg==/base.apk Binary XML file line #67
12-04 20:38:47.905  1599  1641 W PackageParser: Unknown element under <manifest>: attribution at /data/app/com.google.android.gms-48Svdf5INO96isYnHbxcsg==/base.apk Binary XML file line #68
12-04 20:38:47.905  1599  1641 W PackageParser: Unknown element under <manifest>: attribution at /data/app/com.google.android.gms-48Svdf5INO96isYnHbxcsg==/base.apk Binary XML file line #69
12-04 20:38:47.905  1599  1641 W PackageParser: Unknown element under <manifest>: attribution at /data/app/com.google.android.gms-48Svdf5INO96isYnHbxcsg==/base.apk Binary XML file line #70
12-04 20:38:47.905  1599  1641 W PackageParser: Unknown element under <manifest>: attribution at /data/app/com.google.android.gms-48Svdf5INO96isYnHbxcsg==/base.apk Binary XML file line #71
12-04 20:38:47.905  1599  1641 W PackageParser: Unknown element under <manifest>: attribution at /data/app/com.google.android.gms-48Svdf5INO96isYnHbxcsg==/base.apk Binary XML file line #72
12-04 20:38:47.905  1599  1641 W PackageParser: Unknown element under <manifest>: attribution at /data/app/com.google.android.gms-48Svdf5INO96isYnHbxcsg==/base.apk Binary XML file line #73
12-04 20:38:47.905  1599  1641 W PackageParser: Unknown element under <manifest>: attribution at /data/app/com.google.android.gms-48Svdf5INO96isYnHbxcsg==/base.apk Binary XML file line #74
12-04 20:38:47.905  1599  1641 W PackageParser: Unknown element under <manifest>: attribution at /data/app/com.google.android.gms-48Svdf5INO96isYnHbxcsg==/base.apk Binary XML file line #75
12-04 20:38:47.905  1599  1641 W PackageParser: Unknown element under <manifest>: attribution at /data/app/com.google.android.gms-48Svdf5INO96isYnHbxcsg==/base.apk Binary XML file line #76
12-04 20:38:47.905  1599  1641 W PackageParser: Unknown element under <manifest>: attribution at /data/app/com.google.android.gms-48Svdf5INO96isYnHbxcsg==/base.apk Binary XML file line #77
12-04 20:38:47.905  1599  1641 W PackageParser: Unknown element under <manifest>: attribution at /data/app/com.google.android.gms-48Svdf5INO96isYnHbxcsg==/base.apk Binary XML file line #78
12-04 20:38:47.906  1599  1641 W PackageParser: Unknown element under <manifest>: attribution at /data/app/com.google.android.gms-48Svdf5INO96isYnHbxcsg==/base.apk Binary XML file line #79
12-04 20:38:47.906  1599  1641 W PackageParser: Unknown element under <manifest>: attribution at /data/app/com.google.android.gms-48Svdf5INO96isYnHbxcsg==/base.apk Binary XML file line #80
12-04 20:38:47.906  1599  1641 W PackageParser: Unknown element under <manifest>: attribution at /data/app/com.google.android.gms-48Svdf5INO96isYnHbxcsg==/base.apk Binary XML file line #81
12-04 20:38:47.906  1599  1641 W PackageParser: Unknown element under <manifest>: attribution at /data/app/com.google.android.gms-48Svdf5INO96isYnHbxcsg==/base.apk Binary XML file line #82
12-04 20:38:47.906  1599  1641 W PackageParser: Unknown element under <manifest>: attribution at /data/app/com.google.android.gms-48Svdf5INO96isYnHbxcsg==/base.apk Binary XML file line #83
12-04 20:38:47.908  1599  1640 W PackageParser: Unknown element under <manifest>: queries at /data/app/com.android.vending-QKzKLhUzgk2FldQSG-sr9g==/base.apk Binary XML file line #274
12-04 20:38:47.906  1599  1641 W PackageParser: Unknown element under <manifest>: attribution at /data/app/com.google.android.gms-48Svdf5INO96isYnHbxcsg==/base.apk Binary XML file line #84
12-04 20:38:47.911  1599  1641 W PackageParser: Unknown element under <manifest>: attribution at /data/app/com.google.android.gms-48Svdf5INO96isYnHbxcsg==/base.apk Binary XML file line #85
12-04 20:38:47.911  1599  1641 W PackageParser: Unknown element under <manifest>: attribution at /data/app/com.google.android.gms-48Svdf5INO96isYnHbxcsg==/base.apk Binary XML file line #86
12-04 20:38:47.911  1599  1641 W PackageParser: Unknown element under <manifest>: attribution at /data/app/com.google.android.gms-48Svdf5INO96isYnHbxcsg==/base.apk Binary XML file line #87
12-04 20:38:47.911  1599  1641 W PackageParser: Unknown element under <manifest>: attribution at /data/app/com.google.android.gms-48Svdf5INO96isYnHbxcsg==/base.apk Binary XML file line #88
12-04 20:38:47.911  1599  1641 W PackageParser: Unknown element under <manifest>: attribution at /data/app/com.google.android.gms-48Svdf5INO96isYnHbxcsg==/base.apk Binary XML file line #89
12-04 20:38:47.912  1599  1641 W PackageParser: Unknown element under <manifest>: attribution at /data/app/com.google.android.gms-48Svdf5INO96isYnHbxcsg==/base.apk Binary XML file line #90
12-04 20:38:47.916  1599  1641 W PackageParser: Unknown element under <manifest>: attribution at /data/app/com.google.android.gms-48Svdf5INO96isYnHbxcsg==/base.apk Binary XML file line #91
12-04 20:38:47.916  1599  1641 W PackageParser: Unknown element under <manifest>: attribution at /data/app/com.google.android.gms-48Svdf5INO96isYnHbxcsg==/base.apk Binary XML file line #92
12-04 20:38:47.916  1599  1641 W PackageParser: Unknown element under <manifest>: attribution at /data/app/com.google.android.gms-48Svdf5INO96isYnHbxcsg==/base.apk Binary XML file line #93
12-04 20:38:47.916  1599  1641 W PackageParser: Unknown element under <manifest>: attribution at /data/app/com.google.android.gms-48Svdf5INO96isYnHbxcsg==/base.apk Binary XML file line #94
12-04 20:38:47.916  1599  1641 W PackageParser: Unknown element under <manifest>: attribution at /data/app/com.google.android.gms-48Svdf5INO96isYnHbxcsg==/base.apk Binary XML file line #95
12-04 20:38:47.916  1599  1641 W PackageParser: Unknown element under <manifest>: attribution at /data/app/com.google.android.gms-48Svdf5INO96isYnHbxcsg==/base.apk Binary XML file line #96
12-04 20:38:47.916  1599  1641 W PackageParser: Unknown element under <manifest>: attribution at /data/app/com.google.android.gms-48Svdf5INO96isYnHbxcsg==/base.apk Binary XML file line #97
12-04 20:38:47.916  1599  1641 W PackageParser: Unknown element under <manifest>: attribution at /data/app/com.google.android.gms-48Svdf5INO96isYnHbxcsg==/base.apk Binary XML file line #98
12-04 20:38:47.916  1599  1641 W PackageParser: Unknown element under <manifest>: attribution at /data/app/com.google.android.gms-48Svdf5INO96isYnHbxcsg==/base.apk Binary XML file line #99
12-04 20:38:47.916  1599  1641 W PackageParser: Unknown element under <manifest>: attribution at /data/app/com.google.android.gms-48Svdf5INO96isYnHbxcsg==/base.apk Binary XML file line #100
12-04 20:38:47.916  1599  1641 W PackageParser: Unknown element under <manifest>: attribution at /data/app/com.google.android.gms-48Svdf5INO96isYnHbxcsg==/base.apk Binary XML file line #101
12-04 20:38:47.916  1599  1641 W PackageParser: Unknown element under <manifest>: attribution at /data/app/com.google.android.gms-48Svdf5INO96isYnHbxcsg==/base.apk Binary XML file line #102
12-04 20:38:47.916  1599  1641 W PackageParser: Unknown element under <manifest>: attribution at /data/app/com.google.android.gms-48Svdf5INO96isYnHbxcsg==/base.apk Binary XML file line #103
12-04 20:38:47.916  1599  1641 W PackageParser: Unknown element under <manifest>: attribution at /data/app/com.google.android.gms-48Svdf5INO96isYnHbxcsg==/base.apk Binary XML file line #104
12-04 20:38:47.916  1599  1641 W PackageParser: Unknown element under <manifest>: attribution at /data/app/com.google.android.gms-48Svdf5INO96isYnHbxcsg==/base.apk Binary XML file line #105
12-04 20:38:47.916  1599  1641 W PackageParser: Unknown element under <manifest>: attribution at /data/app/com.google.android.gms-48Svdf5INO96isYnHbxcsg==/base.apk Binary XML file line #106
12-04 20:38:47.916  1599  1641 W PackageParser: Unknown element under <manifest>: attribution at /data/app/com.google.android.gms-48Svdf5INO96isYnHbxcsg==/base.apk Binary XML file line #107
12-04 20:38:47.916  1599  1641 W PackageParser: Unknown element under <manifest>: attribution at /data/app/com.google.android.gms-48Svdf5INO96isYnHbxcsg==/base.apk Binary XML file line #108
12-04 20:38:47.916  1599  1641 W PackageParser: Unknown element under <manifest>: attribution at /data/app/com.google.android.gms-48Svdf5INO96isYnHbxcsg==/base.apk Binary XML file line #109
12-04 20:38:47.916  1599  1641 W PackageParser: Unknown element under <manifest>: attribution at /data/app/com.google.android.gms-48Svdf5INO96isYnHbxcsg==/base.apk Binary XML file line #110
12-04 20:38:47.916  1599  1641 W PackageParser: Unknown element under <manifest>: attribution at /data/app/com.google.android.gms-48Svdf5INO96isYnHbxcsg==/base.apk Binary XML file line #111
12-04 20:38:47.916  1599  1641 W PackageParser: Unknown element under <manifest>: attribution at /data/app/com.google.android.gms-48Svdf5INO96isYnHbxcsg==/base.apk Binary XML file line #112
12-04 20:38:47.916  1599  1641 W PackageParser: Unknown element under <manifest>: attribution at /data/app/com.google.android.gms-48Svdf5INO96isYnHbxcsg==/base.apk Binary XML file line #113
12-04 20:38:47.916  1599  1641 W PackageParser: Unknown element under <manifest>: attribution at /data/app/com.google.android.gms-48Svdf5INO96isYnHbxcsg==/base.apk Binary XML file line #114
12-04 20:38:47.916  1599  1641 W PackageParser: Unknown element under <manifest>: attribution at /data/app/com.google.android.gms-48Svdf5INO96isYnHbxcsg==/base.apk Binary XML file line #115
12-04 20:38:47.916  1599  1641 W PackageParser: Unknown element under <manifest>: attribution at /data/app/com.google.android.gms-48Svdf5INO96isYnHbxcsg==/base.apk Binary XML file line #116
12-04 20:38:47.916  1599  1641 W PackageParser: Unknown element under <manifest>: attribution at /data/app/com.google.android.gms-48Svdf5INO96isYnHbxcsg==/base.apk Binary XML file line #117
12-04 20:38:47.916  1599  1641 W PackageParser: Unknown element under <manifest>: attribution at /data/app/com.google.android.gms-48Svdf5INO96isYnHbxcsg==/base.apk Binary XML file line #118
12-04 20:38:47.916  1599  1641 W PackageParser: Unknown element under <manifest>: attribution at /data/app/com.google.android.gms-48Svdf5INO96isYnHbxcsg==/base.apk Binary XML file line #119
12-04 20:38:47.916  1599  1641 W PackageParser: Unknown element under <manifest>: attribution at /data/app/com.google.android.gms-48Svdf5INO96isYnHbxcsg==/base.apk Binary XML file line #120
12-04 20:38:47.916  1599  1641 W PackageParser: Unknown element under <manifest>: attribution at /data/app/com.google.android.gms-48Svdf5INO96isYnHbxcsg==/base.apk Binary XML file line #121
12-04 20:38:47.916  1599  1641 W PackageParser: Unknown element under <manifest>: attribution at /data/app/com.google.android.gms-48Svdf5INO96isYnHbxcsg==/base.apk Binary XML file line #122
12-04 20:38:47.916  1599  1641 W PackageParser: Unknown element under <manifest>: attribution at /data/app/com.google.android.gms-48Svdf5INO96isYnHbxcsg==/base.apk Binary XML file line #123
12-04 20:38:47.918  1599  1641 W PackageParser: Unknown element under <manifest>: attribution at /data/app/com.google.android.gms-48Svdf5INO96isYnHbxcsg==/base.apk Binary XML file line #124
12-04 20:38:47.918  1599  1641 W PackageParser: Unknown element under <manifest>: attribution at /data/app/com.google.android.gms-48Svdf5INO96isYnHbxcsg==/base.apk Binary XML file line #125
12-04 20:38:47.918  1599  1641 W PackageParser: Unknown element under <manifest>: attribution at /data/app/com.google.android.gms-48Svdf5INO96isYnHbxcsg==/base.apk Binary XML file line #126
12-04 20:38:47.918  1599  1641 W PackageParser: Unknown element under <manifest>: attribution at /data/app/com.google.android.gms-48Svdf5INO96isYnHbxcsg==/base.apk Binary XML file line #127
12-04 20:38:47.918  1599  1641 W PackageParser: Unknown element under <manifest>: attribution at /data/app/com.google.android.gms-48Svdf5INO96isYnHbxcsg==/base.apk Binary XML file line #128
12-04 20:38:47.918  1599  1641 W PackageParser: Unknown element under <manifest>: attribution at /data/app/com.google.android.gms-48Svdf5INO96isYnHbxcsg==/base.apk Binary XML file line #129
12-04 20:38:47.918  1599  1641 W PackageParser: Unknown element under <manifest>: attribution at /data/app/com.google.android.gms-48Svdf5INO96isYnHbxcsg==/base.apk Binary XML file line #130
12-04 20:38:47.918  1599  1641 W PackageParser: Unknown element under <manifest>: attribution at /data/app/com.google.android.gms-48Svdf5INO96isYnHbxcsg==/base.apk Binary XML file line #131
12-04 20:38:47.918  1599  1641 W PackageParser: Unknown element under <manifest>: attribution at /data/app/com.google.android.gms-48Svdf5INO96isYnHbxcsg==/base.apk Binary XML file line #132
12-04 20:38:47.918  1599  1641 W PackageParser: Unknown element under <manifest>: attribution at /data/app/com.google.android.gms-48Svdf5INO96isYnHbxcsg==/base.apk Binary XML file line #133
12-04 20:38:47.918  1599  1641 W PackageParser: Unknown element under <manifest>: attribution at /data/app/com.google.android.gms-48Svdf5INO96isYnHbxcsg==/base.apk Binary XML file line #134
12-04 20:38:47.918  1599  1641 W PackageParser: Unknown element under <manifest>: attribution at /data/app/com.google.android.gms-48Svdf5INO96isYnHbxcsg==/base.apk Binary XML file line #135
12-04 20:38:47.918  1599  1641 W PackageParser: Unknown element under <manifest>: attribution at /data/app/com.google.android.gms-48Svdf5INO96isYnHbxcsg==/base.apk Binary XML file line #136
12-04 20:38:47.918  1599  1641 W PackageParser: Unknown element under <manifest>: attribution at /data/app/com.google.android.gms-48Svdf5INO96isYnHbxcsg==/base.apk Binary XML file line #137
12-04 20:38:47.918  1599  1641 W PackageParser: Unknown element under <manifest>: attribution at /data/app/com.google.android.gms-48Svdf5INO96isYnHbxcsg==/base.apk Binary XML file line #138
12-04 20:38:47.918  1599  1641 W PackageParser: Unknown element under <manifest>: attribution at /data/app/com.google.android.gms-48Svdf5INO96isYnHbxcsg==/base.apk Binary XML file line #139
12-04 20:38:47.918  1599  1641 W PackageParser: Unknown element under <manifest>: attribution at /data/app/com.google.android.gms-48Svdf5INO96isYnHbxcsg==/base.apk Binary XML file line #140
12-04 20:38:47.918  1599  1641 W PackageParser: Unknown element under <manifest>: attribution at /data/app/com.google.android.gms-48Svdf5INO96isYnHbxcsg==/base.apk Binary XML file line #141
12-04 20:38:47.918  1599  1641 W PackageParser: Unknown element under <manifest>: attribution at /data/app/com.google.android.gms-48Svdf5INO96isYnHbxcsg==/base.apk Binary XML file line #142
12-04 20:38:47.939  1599  1641 W PackageParser: Unknown element under <manifest>: queries at /data/app/com.google.android.gms-48Svdf5INO96isYnHbxcsg==/base.apk Binary XML file line #548
12-04 20:38:48.071  1599  1599 I PackageManager: Finished scanning non-system apps. Time: 397 ms, packageCount: 23 , timePerPackage: 17 , cached: 19
12-04 20:38:48.075  1599  1599 I PackageManager: Time to scan packages: 0.668 seconds
12-04 20:38:48.076  1599  1599 I PackageManager: Un-granting permission android.permission.INSTALL_GRANT_RUNTIME_PERMISSIONS from package com.android.vending (protectionLevel=770 flags=0x384abec5)
12-04 20:38:48.076  1599  1599 I PackageManager: Un-granting permission android.permission.GRANT_RUNTIME_PERMISSIONS from package com.android.vending (protectionLevel=770 flags=0x384abec5)
12-04 20:38:48.076  1599  1599 I PackageManager: Un-granting permission android.permission.REVOKE_RUNTIME_PERMISSIONS from package com.android.vending (protectionLevel=770 flags=0x384abec5)
12-04 20:38:48.076  1599  1599 I PackageManager: Un-granting permission android.permission.SET_PREFERRED_APPLICATIONS from package com.android.vending (protectionLevel=514 flags=0x384abec5)
12-04 20:38:48.076  1599  1599 I PackageManager: Un-granting permission android.permission.ACCESS_INSTANT_APPS from package com.android.vending (protectionLevel=770 flags=0x384abec5)
12-04 20:38:48.076  1599  1599 I PackageManager: Un-granting permission android.permission.CLEAR_APP_USER_DATA from package com.google.android.packageinstaller (protectionLevel=258 flags=0x38483e45)
12-04 20:38:48.076  1599  1599 I PackageManager: Un-granting permission android.permission.GRANT_RUNTIME_PERMISSIONS from package com.google.android.packageinstaller (protectionLevel=770 flags=0x38483e45)
12-04 20:38:48.076  1599  1599 I PackageManager: Un-granting permission android.permission.REVOKE_RUNTIME_PERMISSIONS from package com.google.android.packageinstaller (protectionLevel=770 flags=0x38483e45)
12-04 20:38:48.076  1599  1599 I PackageManager: Un-granting permission android.permission.INSTALL_GRANT_RUNTIME_PERMISSIONS from package com.google.android.packageinstaller (protectionLevel=770 flags=0x38483e45)
12-04 20:38:48.076  1599  1599 I PackageManager: Un-granting permission android.permission.INTERACT_ACROSS_USERS_FULL from package com.google.android.packageinstaller (protectionLevel=258 flags=0x38483e45)
12-04 20:38:48.076  1599  1599 I PackageManager: Un-granting permission android.permission.KILL_UID from package com.google.android.packageinstaller (protectionLevel=258 flags=0x38483e45)
12-04 20:38:48.076  1599  1599 I PackageManager: Un-granting permission android.permission.MANAGE_APP_OPS_RESTRICTIONS from package com.google.android.packageinstaller (protectionLevel=258 flags=0x38483e45)
12-04 20:38:48.076  1599  1599 I PackageManager: Un-granting permission android.permission.HIDE_NON_SYSTEM_OVERLAY_WINDOWS from package com.google.android.packageinstaller (protectionLevel=258 flags=0x38483e45)
12-04 20:38:48.076  1599  1599 I PackageManager: Un-granting permission android.permission.ACCESS_INSTANT_APPS from package com.google.android.packageinstaller (protectionLevel=770 flags=0x38483e45)
12-04 20:38:48.077  1599  1599 V PackageManager: reconcileAppsData for null u0 0x3 migrateAppData=true
12-04 20:38:48.181  1599  1599 V PackageManager: reconcileAppsData finished 18 packages
12-04 20:38:48.413  1599  1599 I SystemServer: StartOtaDexOptService
12-04 20:38:48.414  1599  1599 D OTADexopt: No upgrade, skipping A/B artifacts check.
12-04 20:38:48.414  1599  1599 I SystemServer: StartUserManagerService
12-04 20:38:48.414  1599  1599 I SystemServiceManager: Starting com.android.server.pm.UserManagerService$LifeCycle
12-04 20:38:48.414  1599  1599 I SystemServer: InitAttributerCache
12-04 20:38:48.414  1599  1599 I SystemServer: SetSystemProcess
12-04 20:38:48.431  1599  1599 I SystemServer: StartOverlayManagerService
12-04 20:38:48.434  1599  1599 I SystemServer: StartDropBoxManager
12-04 20:38:48.435  1599  1599 I SystemServiceManager: Starting com.android.server.DropBoxManagerService
12-04 20:38:48.440  1599  1599 I SystemServer: StartBatteryService
12-04 20:38:48.440  1599  1599 I SystemServiceManager: Starting com.android.server.BatteryService
12-04 20:38:48.445  1599  1599 I SystemServer: StartUsageService
12-04 20:38:48.447  1599  1599 I SystemServiceManager: Starting com.android.server.usage.UsageStatsService
12-04 20:38:48.447  1599  1616 E BatteryExternalStatsWorker: no controller energy info supplied for telephony
12-04 20:38:48.447  1599  1616 E KernelUidCpuFreqTimeReader: Failed to read /proc/uid_time_in_state: java.io.FileNotFoundException: /proc/uid_time_in_state (No such file or directory)
12-04 20:38:48.448  1599  1616 E KernelCpuSpeedReader: Failed to read cpu-freq: /sys/devices/system/cpu/cpu0/cpufreq/stats/time_in_state (No such file or directory)
12-04 20:38:48.450  1599  1616 I BatteryStatsImpl: Resetting battery stats: level=100 status=4 dischargeLevel=100 lowAmount=0 highAmount=0
12-04 20:38:48.463  1599  1599 I SystemServer: StartWebViewUpdateService
12-04 20:38:48.464  1599  1599 I SystemServiceManager: Starting com.android.server.webkit.WebViewUpdateService
12-04 20:38:48.466  1599  1616 E KernelUidCpuFreqTimeReader: Failed to read /proc/uid_time_in_state: java.io.FileNotFoundException: /proc/uid_time_in_state (No such file or directory)
12-04 20:38:48.467  1599  1616 E KernelCpuSpeedReader: Failed to read cpu-freq: /sys/devices/system/cpu/cpu0/cpufreq/stats/time_in_state (No such file or directory)
12-04 20:38:48.481  1599  1599 I SystemServer: StartKeyAttestationApplicationIdProviderService
12-04 20:38:48.481  1599  1611 I SystemServer: SecondaryZygotePreload
12-04 20:38:48.486  1599  1599 I SystemServer: StartKeyChainSystemService
12-04 20:38:48.486  1599  1599 I SystemServiceManager: Starting com.android.server.security.KeyChainSystemService
12-04 20:38:48.487  1599  1599 I SystemServer: StartSchedulingPolicyService
12-04 20:38:48.493  1599  1599 I SystemServer: StartTelecomLoaderService
12-04 20:38:48.495  1599  1599 I SystemServiceManager: Starting com.android.server.telecom.TelecomLoaderService
12-04 20:38:48.495  1599  1599 I SystemServer: StartTelephonyRegistry
12-04 20:38:48.502  1599  1611 E SystemServer: Unable to preload default resources
12-04 20:38:48.506  1599  1599 I SystemServer: StartEntropyMixer
12-04 20:38:48.528  1599  1599 I EntropyMixer: Added HW RNG output to entropy pool
12-04 20:38:48.528  1599  1599 I EntropyMixer: Writing entropy...
12-04 20:38:48.535  1599  1599 I SystemServer: StartAccountManagerService
12-04 20:38:48.537  1599  1599 I SystemServiceManager: Starting com.android.server.accounts.AccountManagerService$Lifecycle
12-04 20:38:48.551  1599  1599 I SystemServer: StartContentService
12-04 20:38:48.557  1599  1599 I SystemServiceManager: Starting com.android.server.content.ContentService$Lifecycle
12-04 20:38:48.564  1599  1599 I SystemServer: InstallSystemProviders
12-04 20:38:48.611  1599  1599 I SystemServer: StartVibratorService
12-04 20:38:48.616  1599  1599 I SystemServer: StartConsumerIrService
12-04 20:38:48.617  1599  1599 I SystemServer: StartAlarmManagerService
12-04 20:38:48.617  1599  1599 I SystemServiceManager: Starting com.android.server.AlarmManagerService
12-04 20:38:48.624  1599  1599 I SystemServer: InitWatchdog
12-04 20:38:48.625  1599  1599 I SystemServer: StartInputManagerService
12-04 20:38:48.629  1599  1599 I InputManager: Initializing input manager, mUseDevInputEventForAudioJack=true
12-04 20:38:48.630  1599  1599 I SystemServer: StartWindowManagerService
12-04 20:38:48.678  1599  1620 I WindowManager: No existing display settings /data/system/display_settings.xml; starting empty
12-04 20:38:48.847  1599  1643 I PackageManager: Deferred reconcileAppsData finished 89 packages
12-04 20:38:48.923  1599  1599 I SystemServer: StartVrManagerService
12-04 20:38:48.923  1599  1599 I SystemServiceManager: Starting com.android.server.vr.VrManagerService
12-04 20:38:48.923  1599  1614 W Looper  : Dispatch took 204ms on android.ui, h=Handler (android.os.Handler) {144e51} cb=android.os.Handler$BlockingRunnable@c2836b6 msg=0
12-04 20:38:48.946  1599  1599 I SystemServer: SetWindowManagerService
12-04 20:38:48.951  1599  1599 I SystemServer: StartInputManager
12-04 20:38:48.951  1599  1599 I InputManager: Starting input manager
12-04 20:38:48.952  1599  1599 I SystemServer: DisplayManagerWindowManagerAndInputReady
12-04 20:38:48.952  1599  1599 I SystemServer: No Bluetooth Service (emulator)
12-04 20:38:48.952  1599  1599 I SystemServer: IpConnectivityMetrics
12-04 20:38:48.953  1599  1599 I SystemServiceManager: Starting com.android.server.connectivity.IpConnectivityMetrics
12-04 20:38:48.956  1599  1599 I SystemServer: PinnerService
12-04 20:38:48.956  1599  1599 I SystemServiceManager: Starting com.android.server.PinnerService
12-04 20:38:48.958  1599  1599 I SystemServer: StartInputMethodManagerLifecycle
12-04 20:38:48.958  1599  1599 I SystemServiceManager: Starting com.android.server.InputMethodManagerService$Lifecycle
12-04 20:38:48.967  1599  1599 I SystemServer: StartAccessibilityManagerService
12-04 20:38:48.971  1599  1599 I SystemServer: MakeDisplayReady
12-04 20:38:48.973  1599  1599 I ActivityManager: Config changes=5df8 {1.0 ?mcc?mnc [en_US] ldltr sw411dp w411dp h731dp 420dpi nrml long port ?uimode ?night -touch -keyb/v/h -nav/h appBounds=Rect(0, 0 - 1080, 1920) s.2}
12-04 20:38:48.975  1599  1599 I ActivityManager: Override config changes=40007dfc {1.0 ?mcc?mnc [en_US] ldltr sw411dp w411dp h731dp 420dpi nrml long port ?uimode ?night -touch -keyb/v/h -nav/h appBounds=Rect(0, 0 - 1080, 1920) s.2} for displayId=0
12-04 20:38:48.980  1599  1599 W LocalDisplayAdapter: Unable to find color mode 0, ignoring request.
12-04 20:38:48.990  1599  1612 I UsageStatsService: User[0] Rollover scheduled @ 2020-11-30 19:55:50(1606762550322)
12-04 20:38:48.990  1599  1612 I UsageStatsService: User[0] Rolling over usage stats
12-04 20:38:48.990  1599  1612 I UsageStatsService: User[0] Flushing usage stats to disk
12-04 20:38:48.997  1599  1599 I ActivityManager: Config changes=500 {1.0 ?mcc?mnc [en_US] ldltr sw411dp w411dp h659dp 420dpi nrml port ?uimode ?night -touch -keyb/v/h -nav/h appBounds=Rect(0, 0 - 1080, 1794) s.3}
