12-04 22:36:13.324  8051  8051 E AndroidRuntime: 	at android.view.ThreadedRenderer.updateRootDisplayList(ThreadedRenderer.java:675)
12-04 22:36:13.324  8051  8051 E AndroidRuntime: 	at android.view.ThreadedRenderer.draw(ThreadedRenderer.java:783)
12-04 22:36:13.324  8051  8051 E AndroidRuntime: 	at android.view.ViewRootImpl.draw(ViewRootImpl.java:2992)
12-04 22:36:13.324  8051  8051 E AndroidRuntime: 	at android.view.ViewRootImpl.performDraw(ViewRootImpl.java:2806)
12-04 22:36:13.324  8051  8051 E AndroidRuntime: 	at android.view.ViewRootImpl.performTraversals(ViewRootImpl.java:2359)
12-04 22:36:13.324  8051  8051 E AndroidRuntime: 	at android.view.ViewRootImpl.doTraversal(ViewRootImpl.java:1392)
12-04 22:36:13.324  8051  8051 E AndroidRuntime: 	at android.view.ViewRootImpl$TraversalRunnable.run(ViewRootImpl.java:6752)
12-04 22:36:13.324  8051  8051 E AndroidRuntime: 	at android.view.Choreographer$CallbackRecord.run(Choreographer.java:911)
12-04 22:36:13.324  8051  8051 E AndroidRuntime: 	at android.view.Choreographer.doCallbacks(Choreographer.java:723)
12-04 22:36:13.324  8051  8051 E AndroidRuntime: 	at android.view.Choreographer.doFrame(Choreographer.java:658)
12-04 22:36:13.324  8051  8051 E AndroidRuntime: 	at android.view.Choreographer$FrameDisplayEventReceiver.run(Choreographer.java:897)
12-04 22:36:13.324  8051  8051 E AndroidRuntime: 	at android.os.Handler.handleCallback(Handler.java:790)
12-04 22:36:13.324  8051  8051 E AndroidRuntime: 	at android.os.Handler.dispatchMessage(Handler.java:99)
12-04 22:36:13.324  8051  8051 E AndroidRuntime: 	at android.os.Looper.loop(Looper.java:164)
12-04 22:36:13.324  8051  8051 E AndroidRuntime: 	at android.app.ActivityThread.main(ActivityThread.java:6494)
12-04 22:36:13.324  8051  8051 E AndroidRuntime: 	at java.lang.reflect.Method.invoke(Native Method)
12-04 22:36:13.324  8051  8051 E AndroidRuntime: 	at com.android.internal.os.RuntimeInit$MethodAndArgsCaller.run(RuntimeInit.java:438)
12-04 22:36:13.324  8051  8051 E AndroidRuntime: 	at com.android.internal.os.ZygoteInit.main(ZygoteInit.java:807)
12-04 22:36:13.331  1599  2124 W ActivityManager:   Force finishing activity com.ilinkon.net/.MainActivity
12-04 22:36:13.343  1599  1614 I ActivityManager: Showing crash dialog for package com.ilinkon.net u0
12-04 22:36:13.391  1599  1613 W BroadcastQueue: Background execution not allowed: receiving Intent { act=android.intent.action.DROPBOX_ENTRY_ADDED flg=0x10 (has extras) } to com.google.android.gms/.stats.service.DropBoxEntryAddedReceiver
12-04 22:36:13.391  1599  1613 W BroadcastQueue: Background execution not allowed: receiving Intent { act=android.intent.action.DROPBOX_ENTRY_ADDED flg=0x10 (has extras) } to com.google.android.gms/.chimera.GmsIntentOperationService$PersistentTrustedReceiver
12-04 22:36:13.836  1599  1613 W ActivityManager: Activity pause timeout for ActivityRecord{939bc8f u0 com.ilinkon.net/.MainActivity t126 f}
12-04 22:36:13.863  1599  1613 I WindowManager: Failed to capture screenshot of Token{aa30b1c ActivityRecord{939bc8f u0 com.ilinkon.net/.MainActivity t126 f}} appWin=Window{c047838 u0 com.ilinkon.net/com.ilinkon.net.MainActivity} drawState=1
12-04 22:36:14.524  1599  1614 W Looper  : Dispatch took 1042ms on android.ui, h=Handler (android.view.Choreographer$FrameHandler) {7db20fd} cb=android.view.Choreographer$FrameDisplayEventReceiver@d0851f2 msg=0
12-04 22:36:17.372  1599  2124 W ActivityManager:   Force finishing activity com.ilinkon.net/.MainActivity
12-04 22:36:17.405  1599  2124 I ActivityManager: Killing 8051:com.ilinkon.net/u0a88 (adj 900): crash
12-04 22:36:17.504  1599  1620 W ActivityManager: setHasOverlayUi called on unknown pid: 8051
12-04 22:36:17.589  1599  1646 W AppOps  : Finishing op nesting under-run: uid 1000 pkg android code 24 time=0 duration=0 nesting=0
12-04 22:36:18.936  1599  2124 I ActivityManager: START u0 {act=android.intent.action.MAIN cat=[android.intent.category.LAUNCHER] flg=0x10200000 cmp=com.ilinkon.net/.MainActivity bnds=[35,1345][237,1607]} from uid 10022
12-04 22:36:19.011  1599  2124 I ActivityManager: Start proc 8092:com.ilinkon.net/u0a88 for activity com.ilinkon.net/.MainActivity
12-04 22:36:19.231  1599  2124 W ActivityManager: Slow operation: 86ms so far, now at attachApplicationLocked: after mServices.attachApplicationLocked
12-04 22:36:19.237  1599  4567 I ActivityManager: START u0 {act=android.intent.action.MAIN cat=[android.intent.category.LAUNCHER] flg=0x10200000 cmp=com.ilinkon.net/.MainActivity bnds=[35,1345][237,1607]} from uid 10022
12-04 22:36:21.015  8092  8092 E AndroidRuntime: FATAL EXCEPTION: main
12-04 22:36:21.015  8092  8092 E AndroidRuntime: Process: com.ilinkon.net, PID: 8092
12-04 22:36:21.015  8092  8092 E AndroidRuntime: java.lang.RuntimeException: Canvas: trying to draw too large(163584100bytes) bitmap.
12-04 22:36:21.015  8092  8092 E AndroidRuntime: 	at android.view.DisplayListCanvas.throwIfCannotDraw(DisplayListCanvas.java:229)
12-04 22:36:21.015  8092  8092 E AndroidRuntime: 	at android.view.RecordingCanvas.drawBitmap(RecordingCanvas.java:97)
12-04 22:36:21.015  8092  8092 E AndroidRuntime: 	at android.graphics.drawable.BitmapDrawable.draw(BitmapDrawable.java:529)
12-04 22:36:21.015  8092  8092 E AndroidRuntime: 	at android.widget.ImageView.onDraw(ImageView.java:1367)
12-04 22:36:21.015  8092  8092 E AndroidRuntime: 	at android.view.View.draw(View.java:19192)
12-04 22:36:21.015  8092  8092 E AndroidRuntime: 	at android.view.View.updateDisplayListIfDirty(View.java:18142)
12-04 22:36:21.015  8092  8092 E AndroidRuntime: 	at android.view.View.draw(View.java:18920)
12-04 22:36:21.015  8092  8092 E AndroidRuntime: 	at android.view.ViewGroup.drawChild(ViewGroup.java:4236)
12-04 22:36:21.015  8092  8092 E AndroidRuntime: 	at android.view.ViewGroup.dispatchDraw(ViewGroup.java:4022)
12-04 22:36:21.015  8092  8092 E AndroidRuntime: 	at android.view.View.draw(View.java:19195)
12-04 22:36:21.015  8092  8092 E AndroidRuntime: 	at android.view.View.updateDisplayListIfDirty(View.java:18142)
12-04 22:36:21.015  8092  8092 E AndroidRuntime: 	at android.view.View.draw(View.java:18920)
12-04 22:36:21.015  8092  8092 E AndroidRuntime: 	at android.view.ViewGroup.drawChild(ViewGroup.java:4236)
12-04 22:36:21.015  8092  8092 E AndroidRuntime: 	at android.view.ViewGroup.dispatchDraw(ViewGroup.java:4022)
12-04 22:36:21.015  8092  8092 E AndroidRuntime: 	at android.view.View.updateDisplayListIfDirty(View.java:18133)
12-04 22:36:21.015  8092  8092 E AndroidRuntime: 	at android.view.View.draw(View.java:18920)
12-04 22:36:21.015  8092  8092 E AndroidRuntime: 	at android.view.ViewGroup.drawChild(ViewGroup.java:4236)
12-04 22:36:21.015  8092  8092 E AndroidRuntime: 	at android.view.ViewGroup.dispatchDraw(ViewGroup.java:4022)
12-04 22:36:21.015  8092  8092 E AndroidRuntime: 	at android.view.View.updateDisplayListIfDirty(View.java:18133)
12-04 22:36:21.015  8092  8092 E AndroidRuntime: 	at android.view.View.draw(View.java:18920)
12-04 22:36:21.015  8092  8092 E AndroidRuntime: 	at android.view.ViewGroup.drawChild(ViewGroup.java:4236)
12-04 22:36:21.015  8092  8092 E AndroidRuntime: 	at android.view.ViewGroup.dispatchDraw(ViewGroup.java:4022)
12-04 22:36:21.015  8092  8092 E AndroidRuntime: 	at android.view.View.updateDisplayListIfDirty(View.java:18133)
12-04 22:36:21.015  8092  8092 E AndroidRuntime: 	at android.view.View.draw(View.java:18920)
12-04 22:36:21.015  8092  8092 E AndroidRuntime: 	at android.view.ViewGroup.drawChild(ViewGroup.java:4236)
12-04 22:36:21.015  8092  8092 E AndroidRuntime: 	at android.view.ViewGroup.dispatchDraw(ViewGroup.java:4022)
12-04 22:36:21.015  8092  8092 E AndroidRuntime: 	at android.view.View.updateDisplayListIfDirty(View.java:18133)
12-04 22:36:21.015  8092  8092 E AndroidRuntime: 	at android.view.View.draw(View.java:18920)
12-04 22:36:21.015  8092  8092 E AndroidRuntime: 	at android.view.ViewGroup.drawChild(ViewGroup.java:4236)
12-04 22:36:21.015  8092  8092 E AndroidRuntime: 	at android.view.ViewGroup.dispatchDraw(ViewGroup.java:4022)
12-04 22:36:21.015  8092  8092 E AndroidRuntime: 	at android.view.View.draw(View.java:19195)
12-04 22:36:21.015  8092  8092 E AndroidRuntime: 	at com.android.internal.policy.DecorView.draw(DecorView.java:788)
12-04 22:36:21.015  8092  8092 E AndroidRuntime: 	at android.view.View.updateDisplayListIfDirty(View.java:18142)
12-04 22:36:21.015  8092  8092 E AndroidRuntime: 	at android.view.ThreadedRenderer.updateViewTreeDisplayList(ThreadedRenderer.java:669)
12-04 22:36:21.015  8092  8092 E AndroidRuntime: 	at android.view.ThreadedRenderer.updateRootDisplayList(ThreadedRenderer.java:675)
12-04 22:36:21.015  8092  8092 E AndroidRuntime: 	at android.view.ThreadedRenderer.draw(ThreadedRenderer.java:783)
12-04 22:36:21.015  8092  8092 E AndroidRuntime: 	at android.view.ViewRootImpl.draw(ViewRootImpl.java:2992)
12-04 22:36:21.015  8092  8092 E AndroidRuntime: 	at android.view.ViewRootImpl.performDraw(ViewRootImpl.java:2806)
12-04 22:36:21.015  8092  8092 E AndroidRuntime: 	at android.view.ViewRootImpl.performTraversals(ViewRootImpl.java:2359)
12-04 22:36:21.015  8092  8092 E AndroidRuntime: 	at android.view.ViewRootImpl.doTraversal(ViewRootImpl.java:1392)
12-04 22:36:21.015  8092  8092 E AndroidRuntime: 	at android.view.ViewRootImpl$TraversalRunnable.run(ViewRootImpl.java:6752)
12-04 22:36:21.015  8092  8092 E AndroidRuntime: 	at android.view.Choreographer$CallbackRecord.run(Choreographer.java:911)
12-04 22:36:21.015  8092  8092 E AndroidRuntime: 	at android.view.Choreographer.doCallbacks(Choreographer.java:723)
12-04 22:36:21.015  8092  8092 E AndroidRuntime: 	at android.view.Choreographer.doFrame(Choreographer.java:658)
12-04 22:36:21.015  8092  8092 E AndroidRuntime: 	at android.view.Choreographer$FrameDisplayEventReceiver.run(Choreographer.java:897)
12-04 22:36:21.015  8092  8092 E AndroidRuntime: 	at android.os.Handler.handleCallback(Handler.java:790)
12-04 22:36:21.015  8092  8092 E AndroidRuntime: 	at android.os.Handler.dispatchMessage(Handler.java:99)
12-04 22:36:21.015  8092  8092 E AndroidRuntime: 	at android.os.Looper.loop(Looper.java:164)
12-04 22:36:21.015  8092  8092 E AndroidRuntime: 	at android.app.ActivityThread.main(ActivityThread.java:6494)
12-04 22:36:21.015  8092  8092 E AndroidRuntime: 	at java.lang.reflect.Method.invoke(Native Method)
12-04 22:36:21.015  8092  8092 E AndroidRuntime: 	at com.android.internal.os.RuntimeInit$MethodAndArgsCaller.run(RuntimeInit.java:438)
12-04 22:36:21.015  8092  8092 E AndroidRuntime: 	at com.android.internal.os.ZygoteInit.main(ZygoteInit.java:807)
12-04 22:36:21.027  1599  3698 W ActivityManager:   Force finishing activity com.ilinkon.net/.MainActivity
12-04 22:36:21.038  1599  1614 I ActivityManager: Showing crash dialog for package com.ilinkon.net u0
12-04 22:36:21.043  1599  1613 W BroadcastQueue: Background execution not allowed: receiving Intent { act=android.intent.action.DROPBOX_ENTRY_ADDED flg=0x10 (has extras) } to com.google.android.gms/.stats.service.DropBoxEntryAddedReceiver
12-04 22:36:21.043  1599  1613 W BroadcastQueue: Background execution not allowed: receiving Intent { act=android.intent.action.DROPBOX_ENTRY_ADDED flg=0x10 (has extras) } to com.google.android.gms/.chimera.GmsIntentOperationService$PersistentTrustedReceiver
12-04 22:36:21.531  1599  1613 W ActivityManager: Activity pause timeout for ActivityRecord{26021c5 u0 com.ilinkon.net/.MainActivity t127 f}
12-04 22:36:21.561  1599  1613 I WindowManager: Failed to capture screenshot of Token{96971a ActivityRecord{26021c5 u0 com.ilinkon.net/.MainActivity t127 f}} appWin=Window{5fdd0b1 u0 com.ilinkon.net/com.ilinkon.net.MainActivity} drawState=1
12-04 22:36:22.133  1599  1614 W Looper  : Dispatch took 972ms on android.ui, h=Handler (android.view.Choreographer$FrameHandler) {7db20fd} cb=android.view.Choreographer$FrameDisplayEventReceiver@d0851f2 msg=0
12-04 22:36:24.385  1599  3698 W ActivityManager:   Force finishing activity com.ilinkon.net/.MainActivity
12-04 22:36:24.423  1599  3698 I ActivityManager: Killing 8092:com.ilinkon.net/u0a88 (adj 900): crash
12-04 22:36:24.531  1599  1620 W ActivityManager: setHasOverlayUi called on unknown pid: 8092
12-04 22:36:24.610  1599  1646 W AppOps  : Finishing op nesting under-run: uid 1000 pkg android code 24 time=0 duration=0 nesting=0
12-04 22:36:47.468  1599  1613 W BroadcastQueue: Background execution not allowed: receiving Intent { act=android.intent.action.DROPBOX_ENTRY_ADDED flg=0x10 (has extras) } to com.google.android.gms/.stats.service.DropBoxEntryAddedReceiver
12-04 22:36:47.469  1599  1613 W BroadcastQueue: Background execution not allowed: receiving Intent { act=android.intent.action.DROPBOX_ENTRY_ADDED flg=0x10 (has extras) } to com.google.android.gms/.chimera.GmsIntentOperationService$PersistentTrustedReceiver
12-04 22:38:45.334  1599  4567 I ActivityManager: START u0 {act=android.intent.action.MAIN cat=[android.intent.category.LAUNCHER] flg=0x10200000 cmp=com.android.settings/.Settings bnds=[237,1383][439,1645]} from uid 10022
12-04 22:38:45.606  1599  4567 I ActivityManager: START u0 {act=android.intent.action.MAIN cat=[android.intent.category.LAUNCHER] flg=0x10200000 cmp=com.android.settings/.Settings bnds=[237,1383][439,1645]} from uid 10022
12-04 22:38:46.736  1599  1613 W BroadcastQueue: Background execution not allowed: receiving Intent { act=android.intent.action.DROPBOX_ENTRY_ADDED flg=0x10 (has extras) } to com.google.android.gms/.stats.service.DropBoxEntryAddedReceiver
12-04 22:38:46.737  1599  1613 W BroadcastQueue: Background execution not allowed: receiving Intent { act=android.intent.action.DROPBOX_ENTRY_ADDED flg=0x10 (has extras) } to com.google.android.gms/.chimera.GmsIntentOperationService$PersistentTrustedReceiver
12-04 22:38:46.781  1599  1616 E KernelCpuSpeedReader: Failed to read cpu-freq: /sys/devices/system/cpu/cpu0/cpufreq/stats/time_in_state (No such file or directory)
12-04 22:38:46.785  1599  1616 E BatteryExternalStatsWorker: modem info is invalid: ModemActivityInfo{ mTimestamp=0 mSleepTimeMs=0 mIdleTimeMs=0 mTxTimeMs[]=[0, 0, 0, 0, 0] mRxTimeMs=0 mEnergyUsed=0}
12-04 22:38:46.853  1599  1613 W BroadcastQueue: Background execution not allowed: receiving Intent { act=android.intent.action.DROPBOX_ENTRY_ADDED flg=0x10 (has extras) } to com.google.android.gms/.stats.service.DropBoxEntryAddedReceiver
12-04 22:38:46.854  1599  1613 W BroadcastQueue: Background execution not allowed: receiving Intent { act=android.intent.action.DROPBOX_ENTRY_ADDED flg=0x10 (has extras) } to com.google.android.gms/.chimera.GmsIntentOperationService$PersistentTrustedReceiver
12-04 22:38:47.244  1599  4567 I ActivityManager: Start proc 8160:com.google.android.setupwizard/u0a26 for content provider com.google.android.setupwizard/.deferred.DeferredSuggestionSummaryProvider
12-04 22:38:47.244  1599  4567 W ActivityManager: Slow operation: 51ms so far, now at getContentProviderImpl: after start process
12-04 22:38:47.244  1599  4567 W ActivityManager: Slow operation: 51ms so far, now at getContentProviderImpl: updating data structures
12-04 22:38:47.244  1599  4567 W ActivityManager: Slow operation: 51ms so far, now at getContentProviderImpl: done!
12-04 22:38:51.825  1599  4567 I ActivityManager: START u0 {flg=0x8000 cmp=com.android.settings/.Settings$AppAndNotificationDashboardActivity (has extras)} from uid 1000
12-04 22:38:52.041  1599  4567 E UserRestrictionsUtils: Unknown restriction: null
12-04 22:38:53.122  1599  3471 I ActivityManager: START u0 {flg=0x8000 cmp=com.android.settings/.Settings$AppAndNotificationDashboardActivity (has extras)} from uid 1000
12-04 22:38:53.401  1599  2137 E UserRestrictionsUtils: Unknown restriction: null
12-04 22:38:54.145  1599  1613 W BroadcastQueue: Background execution not allowed: receiving Intent { act=android.intent.action.DROPBOX_ENTRY_ADDED flg=0x10 (has extras) } to com.google.android.gms/.stats.service.DropBoxEntryAddedReceiver
12-04 22:38:54.146  1599  1613 W BroadcastQueue: Background execution not allowed: receiving Intent { act=android.intent.action.DROPBOX_ENTRY_ADDED flg=0x10 (has extras) } to com.google.android.gms/.chimera.GmsIntentOperationService$PersistentTrustedReceiver
12-04 22:38:54.514  1599  3471 I ActivityManager: START u0 {act=android.intent.action.MANAGE_PERMISSIONS cmp=com.google.android.packageinstaller/com.android.packageinstaller.permission.ui.ManagePermissionsActivity} from uid 1000
12-04 22:38:54.634  1599  3471 I ActivityManager: Start proc 8201:com.google.android.packageinstaller/u0a19 for activity com.google.android.packageinstaller/com.android.packageinstaller.permission.ui.ManagePermissionsActivity
12-04 22:38:55.199  1599  1613 W BroadcastQueue: Background execution not allowed: receiving Intent { act=android.intent.action.DROPBOX_ENTRY_ADDED flg=0x10 (has extras) } to com.google.android.gms/.stats.service.DropBoxEntryAddedReceiver
12-04 22:38:55.199  1599  1613 W BroadcastQueue: Background execution not allowed: receiving Intent { act=android.intent.action.DROPBOX_ENTRY_ADDED flg=0x10 (has extras) } to com.google.android.gms/.chimera.GmsIntentOperationService$PersistentTrustedReceiver
12-04 22:39:07.195  1599  1616 E BatteryExternalStatsWorker: modem info is invalid: ModemActivityInfo{ mTimestamp=0 mSleepTimeMs=0 mIdleTimeMs=0 mTxTimeMs[]=[0, 0, 0, 0, 0] mRxTimeMs=0 mEnergyUsed=0}
12-04 22:39:08.295  1599  1613 W BroadcastQueue: Background execution not allowed: receiving Intent { act=android.intent.action.DROPBOX_ENTRY_ADDED flg=0x10 (has extras) } to com.google.android.gms/.stats.service.DropBoxEntryAddedReceiver
12-04 22:39:08.298  1599  1613 W BroadcastQueue: Background execution not allowed: receiving Intent { act=android.intent.action.DROPBOX_ENTRY_ADDED flg=0x10 (has extras) } to com.google.android.gms/.chimera.GmsIntentOperationService$PersistentTrustedReceiver
12-04 22:39:11.005  1599  2137 I ActivityManager: START u0 {act=android.intent.action.MAIN cmp=com.android.settings/.SubSettings (has extras)} from uid 1000
12-04 22:39:11.649  6072  6072 W ContextImpl: Calling a method in the system process without a qualified user: android.app.ContextImpl.bindService:1556 android.content.ContextWrapper.bindService:684 android.content.pm.permission.RuntimePermissionPresenter$RemoteService.processMessage:171 android.content.pm.permission.RuntimePermissionPresenter.getAppPermissions:118 com.android.settingslib.applications.PermissionsSummaryHelper.getPermissionSummary:34 
12-04 22:39:11.733  1599  1613 W BroadcastQueue: Background execution not allowed: receiving Intent { act=android.intent.action.DROPBOX_ENTRY_ADDED flg=0x10 (has extras) } to com.google.android.gms/.stats.service.DropBoxEntryAddedReceiver
12-04 22:39:11.734  1599  1613 W BroadcastQueue: Background execution not allowed: receiving Intent { act=android.intent.action.DROPBOX_ENTRY_ADDED flg=0x10 (has extras) } to com.google.android.gms/.chimera.GmsIntentOperationService$PersistentTrustedReceiver
12-04 22:39:11.998  1599  1616 E KernelCpuSpeedReader: Failed to read cpu-freq: /sys/devices/system/cpu/cpu0/cpufreq/stats/time_in_state (No such file or directory)
12-04 22:39:12.061  1599  1616 E BatteryExternalStatsWorker: modem info is invalid: ModemActivityInfo{ mTimestamp=0 mSleepTimeMs=0 mIdleTimeMs=0 mTxTimeMs[]=[0, 0, 0, 0, 0] mRxTimeMs=0 mEnergyUsed=0}
12-04 22:39:13.047  6072  6072 W ViewRootImpl[Settings$AppAndNotificationDashboardActivity]: Dropping event due to no window focus: MotionEvent { action=ACTION_MOVE, actionButton=0, id[0]=0, x[0]=215.98022, y[0]=418.9453, toolType[0]=TOOL_TYPE_FINGER, buttonState=0, metaState=0, flags=0x0, edgeFlags=0x0, pointerCount=1, historySize=0, eventTime=7117973, downTime=7116128, deviceId=0, source=0x1002 }
12-04 22:39:13.070  6072  6072 W ViewRootImpl[Settings$AppAndNotificationDashboardActivity]: Dropping event due to no window focus: MotionEvent { action=ACTION_MOVE, actionButton=0, id[0]=0, x[0]=240.62434, y[0]=418.9453, toolType[0]=TOOL_TYPE_FINGER, buttonState=0, metaState=0, flags=0x0, edgeFlags=0x0, pointerCount=1, historySize=2, eventTime=7117992, downTime=7116128, deviceId=0, source=0x1002 }
12-04 22:39:13.085  6072  6072 W ViewRootImpl[Settings$AppAndNotificationDashboardActivity]: Dropping event due to no window focus: MotionEvent { action=ACTION_MOVE, actionButton=0, id[0]=0, x[0]=271.35202, y[0]=418.9453, toolType[0]=TOOL_TYPE_FINGER, buttonState=0, metaState=0, flags=0x0, edgeFlags=0x0, pointerCount=1, historySize=2, eventTime=7118010, downTime=7116128, deviceId=0, source=0x1002 }
12-04 22:39:13.103  6072  6072 W ViewRootImpl[Settings$AppAndNotificationDashboardActivity]: Dropping event due to no window focus: MotionEvent { action=ACTION_MOVE, actionButton=0, id[0]=0, x[0]=310.78577, y[0]=425.93323, toolType[0]=TOOL_TYPE_FINGER, buttonState=0, metaState=0, flags=0x0, edgeFlags=0x0, pointerCount=1, historySize=2, eventTime=7118027, downTime=7116128, deviceId=0, source=0x1002 }
12-04 22:39:13.119  6072  6072 W ViewRootImpl[Settings$AppAndNotificationDashboardActivity]: Dropping event due to no window focus: MotionEvent { action=ACTION_MOVE, actionButton=0, id[0]=0, x[0]=336.07867, y[0]=429.29785, toolType[0]=TOOL_TYPE_FINGER, buttonState=0, metaState=0, flags=0x0, edgeFlags=0x0, pointerCount=1, historySize=3, eventTime=7118045, downTime=7116128, deviceId=0, source=0x1002 }
12-04 22:39:13.135  6072  6072 W ViewRootImpl[Settings$AppAndNotificationDashboardActivity]: Dropping event due to no window focus: MotionEvent { action=ACTION_MOVE, actionButton=0, id[0]=0, x[0]=358.3368, y[0]=436.80142, toolType[0]=TOOL_TYPE_FINGER, buttonState=0, metaState=0, flags=0x0, edgeFlags=0x0, pointerCount=1, historySize=2, eventTime=7118062, downTime=7116128, deviceId=0, source=0x1002 }
12-04 22:39:13.152  6072  6072 W ViewRootImpl[Settings$AppAndNotificationDashboardActivity]: Dropping event due to no window focus: MotionEvent { action=ACTION_MOVE, actionButton=0, id[0]=0, x[0]=367.65054, y[0]=438.98438, toolType[0]=TOOL_TYPE_FINGER, buttonState=0, metaState=0, flags=0x0, edgeFlags=0x0, pointerCount=1, historySize=2, eventTime=7118080, downTime=7116128, deviceId=0, source=0x1002 }
12-04 22:39:13.170  6072  6072 W ViewRootImpl[Settings$AppAndNotificationDashboardActivity]: Dropping event due to no window focus: MotionEvent { action=ACTION_MOVE, actionButton=0, id[0]=0, x[0]=370.47546, y[0]=438.98438, toolType[0]=TOOL_TYPE_FINGER, buttonState=0, metaState=0, flags=0x0, edgeFlags=0x0, pointerCount=1, historySize=1, eventTime=7118087, downTime=7116128, deviceId=0, source=0x1002 }
12-04 22:39:14.799  6072  6072 W ViewRootImpl[Settings$AppAndNotificationDashboardActivity]: Dropping event due to no window focus: MotionEvent { action=ACTION_MOVE, actionButton=0, id[0]=0, x[0]=368.97583, y[0]=442.96875, toolType[0]=TOOL_TYPE_FINGER, buttonState=0, metaState=0, flags=0x0, edgeFlags=0x0, pointerCount=1, historySize=0, eventTime=7119721, downTime=7116128, deviceId=0, source=0x1002 }
12-04 22:39:14.852  6072  6072 W ViewRootImpl[Settings$AppAndNotificationDashboardActivity]: Dropping event due to no window focus: MotionEvent { action=ACTION_MOVE, actionButton=0, id[0]=0, x[0]=368.97583, y[0]=445.95703, toolType[0]=TOOL_TYPE_FINGER, buttonState=0, metaState=0, flags=0x0, edgeFlags=0x0, pointerCount=1, historySize=0, eventTime=7119777, downTime=7116128, deviceId=0, source=0x1002 }
12-04 22:39:14.909  6072  6072 W ViewRootImpl[Settings$AppAndNotificationDashboardActivity]: Dropping event due to no window focus: MotionEvent { action=ACTION_MOVE, actionButton=0, id[0]=0, x[0]=368.97583, y[0]=452.71353, toolType[0]=TOOL_TYPE_FINGER, buttonState=0, metaState=0, flags=0x0, edgeFlags=0x0, pointerCount=1, historySize=1, eventTime=7119832, downTime=7116128, deviceId=0, source=0x1002 }
12-04 22:39:14.925  6072  6072 W ViewRootImpl[Settings$AppAndNotificationDashboardActivity]: Dropping event due to no window focus: MotionEvent { action=ACTION_MOVE, actionButton=0, id[0]=0, x[0]=368.97583, y[0]=454.89838, toolType[0]=TOOL_TYPE_FINGER, buttonState=0, metaState=0, flags=0x0, edgeFlags=0x0, pointerCount=1, historySize=1, eventTime=7119841, downTime=7116128, deviceId=0, source=0x1002 }
12-04 22:39:14.940  6072  6072 W ViewRootImpl[Settings$AppAndNotificationDashboardActivity]: Dropping event due to no window focus: MotionEvent { action=ACTION_MOVE, actionButton=0, id[0]=0, x[0]=368.97583, y[0]=461.60312, toolType[0]=TOOL_TYPE_FINGER, buttonState=0, metaState=0, flags=0x0, edgeFlags=0x0, pointerCount=1, historySize=2, eventTime=7119867, downTime=7116128, deviceId=0, source=0x1002 }
12-04 22:39:14.958  6072  6072 W ViewRootImpl[Settings$AppAndNotificationDashboardActivity]: Dropping event due to no window focus: MotionEvent { action=ACTION_MOVE, actionButton=0, id[0]=0, x[0]=368.97583, y[0]=465.3075, toolType[0]=TOOL_TYPE_FINGER, buttonState=0, metaState=0, flags=0x0, edgeFlags=0x0, pointerCount=1, historySize=1, eventTime=7119885, downTime=7116128, deviceId=0, source=0x1002 }
12-04 22:39:14.976  6072  6072 W ViewRootImpl[Settings$AppAndNotificationDashboardActivity]: Dropping event due to no window focus: MotionEvent { action=ACTION_MOVE, actionButton=0, id[0]=0, x[0]=364.47693, y[0]=476.48438, toolType[0]=TOOL_TYPE_FINGER, buttonState=0, metaState=0, flags=0x0, edgeFlags=0x0, pointerCount=1, historySize=2, eventTime=7119900, downTime=7116128, deviceId=0, source=0x1002 }
12-04 22:39:14.996  6072  6072 W ViewRootImpl[Settings$AppAndNotificationDashboardActivity]: Dropping event due to no window focus: MotionEvent { action=ACTION_MOVE, actionButton=0, id[0]=0, x[0]=362.38376, y[0]=482.63354, toolType[0]=TOOL_TYPE_FINGER, buttonState=0, metaState=0, flags=0x0, edgeFlags=0x0, pointerCount=1, historySize=1, eventTime=7119920, downTime=7116128, deviceId=0, source=0x1002 }
12-04 22:39:15.012  6072  6072 W ViewRootImpl[Settings$AppAndNotificationDashboardActivity]: Dropping event due to no window focus: MotionEvent { action=ACTION_MOVE, actionButton=0, id[0]=0, x[0]=361.98853, y[0]=487.25565, toolType[0]=TOOL_TYPE_FINGER, buttonState=0, metaState=0, flags=0x0, edgeFlags=0x0, pointerCount=1, historySize=2, eventTime=7119938, downTime=7116128, deviceId=0, source=0x1002 }
12-04 22:39:15.029  6072  6072 W ViewRootImpl[Settings$AppAndNotificationDashboardActivity]: Dropping event due to no window focus: MotionEvent { action=ACTION_MOVE, actionButton=0, id[0]=0, x[0]=358.9563, y[0]=495.40414, toolType[0]=TOOL_TYPE_FINGER, buttonState=0, metaState=0, flags=0x0, edgeFlags=0x0, pointerCount=1, historySize=2, eventTime=7119956, downTime=7116128, deviceId=0, source=0x1002 }
12-04 22:39:15.047  6072  6072 W ViewRootImpl[Settings$AppAndNotificationDashboardActivity]: Dropping event due to no window focus: MotionEvent { action=ACTION_MOVE, actionButton=0, id[0]=0, x[0]=355.95703, y[0]=498.64703, toolType[0]=TOOL_TYPE_FINGER, buttonState=0, metaState=0, flags=0x0, edgeFlags=0x0, pointerCount=1, historySize=1, eventTime=7119974, downTime=7116128, deviceId=0, source=0x1002 }
12-04 22:39:15.064  6072  6072 W ViewRootImpl[Settings$AppAndNotificationDashboardActivity]: Dropping event due to no window focus: MotionEvent { action=ACTION_MOVE, actionButton=0, id[0]=0, x[0]=355.95703, y[0]=501.5039, toolType[0]=TOOL_TYPE_FINGER, buttonState=0, metaState=0, flags=0x0, edgeFlags=0x0, pointerCount=1, historySize=1, eventTime=7119982, downTime=7116128, deviceId=0, source=0x1002 }
12-04 22:39:15.082  6072  6072 W ViewRootImpl[Settings$AppAndNotificationDashboardActivity]: Dropping event due to no window focus: MotionEvent { action=ACTION_MOVE, actionButton=0, id[0]=0, x[0]=355.95703, y[0]=503.96484, toolType[0]=TOOL_TYPE_FINGER, buttonState=0, metaState=0, flags=0x0, edgeFlags=0x0, pointerCount=1, historySize=0, eventTime=7120001, downTime=7116128, deviceId=0, source=0x1002 }
12-04 22:39:15.100  6072  6072 W ViewRootImpl[Settings$AppAndNotificationDashboardActivity]: Dropping event due to no window focus: MotionEvent { action=ACTION_MOVE, actionButton=0, id[0]=0, x[0]=355.95703, y[0]=506.95312, toolType[0]=TOOL_TYPE_FINGER, buttonState=0, metaState=0, flags=0x0, edgeFlags=0x0, pointerCount=1, historySize=0, eventTime=7120026, downTime=7116128, deviceId=0, source=0x1002 }
12-04 22:39:15.170  6072  6072 W ViewRootImpl[Settings$AppAndNotificationDashboardActivity]: Dropping event due to no window focus: MotionEvent { action=ACTION_MOVE, actionButton=0, id[0]=0, x[0]=351.969, y[0]=506.95312, toolType[0]=TOOL_TYPE_FINGER, buttonState=0, metaState=0, flags=0x0, edgeFlags=0x0, pointerCount=1, historySize=0, eventTime=7120084, downTime=7116128, deviceId=0, source=0x1002 }
12-04 22:39:15.189  6072  6072 W ViewRootImpl[Settings$AppAndNotificationDashboardActivity]: Dropping event due to no window focus: MotionEvent { action=ACTION_MOVE, actionButton=0, id[0]=0, x[0]=351.969, y[0]=509.9414, toolType[0]=TOOL_TYPE_FINGER, buttonState=0, metaState=0, flags=0x0, edgeFlags=0x0, pointerCount=1, historySize=0, eventTime=7120106, downTime=7116128, deviceId=0, source=0x1002 }
12-04 22:39:15.329  6072  6072 W ViewRootImpl[Settings$AppAndNotificationDashboardActivity]: Dropping event due to no window focus: MotionEvent { action=ACTION_MOVE, actionButton=0, id[0]=0, x[0]=351.969, y[0]=513.9258, toolType[0]=TOOL_TYPE_FINGER, buttonState=0, metaState=0, flags=0x0, edgeFlags=0x0, pointerCount=1, historySize=0, eventTime=7120253, downTime=7116128, deviceId=0, source=0x1002 }
12-04 22:39:15.348  6072  6072 W ViewRootImpl[Settings$AppAndNotificationDashboardActivity]: Dropping event due to no window focus: MotionEvent { action=ACTION_MOVE, actionButton=0, id[0]=0, x[0]=351.969, y[0]=516.97266, toolType[0]=TOOL_TYPE_FINGER, buttonState=0, metaState=0, flags=0x0, edgeFlags=0x0, pointerCount=1, historySize=0, eventTime=7120274, downTime=7116128, deviceId=0, source=0x1002 }
12-04 22:39:15.382  6072  6072 W ViewRootImpl[Settings$AppAndNotificationDashboardActivity]: Dropping event due to no window focus: MotionEvent { action=ACTION_MOVE, actionButton=0, id[0]=0, x[0]=351.969, y[0]=523.17285, toolType[0]=TOOL_TYPE_FINGER, buttonState=0, metaState=0, flags=0x0, edgeFlags=0x0, pointerCount=1, historySize=1, eventTime=7120310, downTime=7116128, deviceId=0, source=0x1002 }
12-04 22:39:15.400  6072  6072 W ViewRootImpl[Settings$AppAndNotificationDashboardActivity]: Dropping event due to no window focus: MotionEvent { action=ACTION_MOVE, actionButton=0, id[0]=0, x[0]=351.969, y[0]=526.55585, toolType[0]=TOOL_TYPE_FINGER, buttonState=0, metaState=0, flags=0x0, edgeFlags=0x0, pointerCount=1, historySize=1, eventTime=7120327, downTime=7116128, deviceId=0, source=0x1002 }
12-04 22:39:15.418  6072  6072 W ViewRootImpl[Settings$AppAndNotificationDashboardActivity]: Dropping event due to no window focus: MotionEvent { action=ACTION_MOVE, actionButton=0, id[0]=0, x[0]=351.969, y[0]=530.6743, toolType[0]=TOOL_TYPE_FINGER, buttonState=0, metaState=0, flags=0x0, edgeFlags=0x0, pointerCount=1, historySize=1, eventTime=7120345, downTime=7116128, deviceId=0, source=0x1002 }
12-04 22:39:15.437  6072  6072 W ViewRootImpl[Settings$AppAndNotificationDashboardActivity]: Dropping event due to no window focus: MotionEvent { action=ACTION_MOVE, actionButton=0, id[0]=0, x[0]=348.7893, y[0]=534.1446, toolType[0]=TOOL_TYPE_FINGER, buttonState=0, metaState=0, flags=0x0, edgeFlags=0x0, pointerCount=1, historySize=2, eventTime=7120363, downTime=7116128, deviceId=0, source=0x1002 }
12-04 22:39:15.661  6072  6072 W ViewRootImpl[Settings$AppAndNotificationDashboardActivity]: Cancelling event due to no window focus: MotionEvent { action=ACTION_CANCEL, actionButton=0, id[0]=0, x[0]=348.96973, y[0]=533.96484, toolType[0]=TOOL_TYPE_FINGER, buttonState=0, metaState=0, flags=0x0, edgeFlags=0x0, pointerCount=1, historySize=0, eventTime=7120593, downTime=7116128, deviceId=0, source=0x1002 }
12-04 22:39:15.661  6072  6072 I chatty  : uid=1000(system) com.android.settings identical 1 line
12-04 22:39:15.661  6072  6072 W ViewRootImpl[Settings$AppAndNotificationDashboardActivity]: Cancelling event due to no window focus: MotionEvent { action=ACTION_CANCEL, actionButton=0, id[0]=0, x[0]=348.96973, y[0]=533.96484, toolType[0]=TOOL_TYPE_FINGER, buttonState=0, metaState=0, flags=0x0, edgeFlags=0x0, pointerCount=1, historySize=0, eventTime=7120593, downTime=7116128, deviceId=0, source=0x1002 }
12-04 22:39:22.632  1599  2124 I ActivityManager: Killing 6612:com.google.android.deskclock/u0a69 (adj 906): empty for 2290s
12-04 22:39:23.046  1599  2124 E UserRestrictionsUtils: Unknown restriction: com.ilinkon.net
12-04 22:39:23.052  1599  4714 I ActivityManager: START u0 {act=android.intent.action.UNINSTALL_PACKAGE dat=package:com.ilinkon.net cmp=com.google.android.packageinstaller/com.android.packageinstaller.UninstallerActivity (has extras)} from uid 1000
12-04 22:39:32.028  1599  4714 I ActivityManager: START u0 {flg=0x2000000 cmp=com.google.android.packageinstaller/com.android.packageinstaller.UninstallUninstalling (has extras)} from uid 10019
12-04 22:39:32.172  1599  1613 I ActivityManager: Force stopping com.ilinkon.net appid=10088 user=0: deletePackageX
12-04 22:39:33.880  6072  6072 W ContextImpl: Calling a method in the system process without a qualified user: android.app.ContextImpl.bindService:1556 android.content.ContextWrapper.bindService:684 android.content.pm.permission.RuntimePermissionPresenter$RemoteService.processMessage:171 android.content.pm.permission.RuntimePermissionPresenter.getAppPermissions:118 com.android.settingslib.applications.PermissionsSummaryHelper.getPermissionSummary:34 
12-04 22:39:34.136  1599  1625 I ActivityManager: Force stopping com.ilinkon.net appid=10088 user=0: pkg removed
12-04 22:39:34.204  1599  1614 W Looper  : Dispatch took 170ms on android.ui, h=Handler (com.android.server.am.ActivityManagerService$UiHandler) {f6c8156} cb=null msg=53
12-04 22:39:34.252  1599  1613 W BroadcastQueue: Background execution not allowed: receiving Intent { act=android.intent.action.PACKAGE_REMOVED dat=package:com.ilinkon.net flg=0x4000010 (has extras) } to com.android.vending/com.google.android.finsky.packagemanager.impl.PackageMonitorReceiverImpl$RegisteredReceiver
12-04 22:39:34.329  1599  1625 D KernelUidCpuTimeReader: Removing uids 10088-10088
12-04 22:39:34.381  1599  1613 W BroadcastQueue: Background execution not allowed: receiving Intent { act=android.intent.action.PACKAGE_REMOVED dat=package:com.ilinkon.net flg=0x4000010 (has extras) } to com.android.vending/com.google.android.finsky.instantapps.appmanagement.InstantAppRemoveMonitor
12-04 22:39:34.390  1599  1613 W BroadcastQueue: Background execution not allowed: receiving Intent { act=android.intent.action.PACKAGE_REMOVED dat=package:com.ilinkon.net flg=0x4000010 (has extras) } to com.google.android.gms/.games.chimera.GamesSystemBroadcastReceiverProxy
12-04 22:39:34.391  1599  1613 W BroadcastQueue: Background execution not allowed: receiving Intent { act=android.intent.action.PACKAGE_REMOVED dat=package:com.ilinkon.net flg=0x4000010 (has extras) } to com.google.android.gms/.chimera.GmsIntentOperationService$PersistentTrustedReceiver
12-04 22:39:34.391  1599  1613 W BroadcastQueue: Background execution not allowed: receiving Intent { act=android.intent.action.PACKAGE_REMOVED dat=package:com.ilinkon.net flg=0x4000010 (has extras) } to com.google.android.googlequicksearchbox/com.google.android.apps.gsa.googlequicksearchbox.GelStubAppWatcher
12-04 22:39:34.615  1599  1613 W ActivityManager: Slow operation: 224ms so far, now at startProcess: returned from zygote!
12-04 22:39:34.616  1599  1613 W ActivityManager: Slow operation: 225ms so far, now at startProcess: done updating battery stats
12-04 22:39:34.617  1599  1613 W ActivityManager: Slow operation: 225ms so far, now at startProcess: building log message
12-04 22:39:34.617  1599  1613 I ActivityManager: Start proc 8264:com.android.chrome/u0a46 for broadcast com.android.chrome/org.chromium.chrome.browser.browserservices.ClientAppBroadcastReceiver
12-04 22:39:34.617  1599  1613 W ActivityManager: Slow operation: 225ms so far, now at startProcess: starting to update pids map
12-04 22:39:34.617  1599  1613 W ActivityManager: Slow operation: 225ms so far, now at startProcess: done updating pids map
12-04 22:39:34.617  1599  1613 W ActivityManager: Slow operation: 226ms so far, now at startProcess: done starting proc!
12-04 22:39:34.661  1599  1599 I ConditionProviders: Disallowing condition provider com.ilinkon.net
12-04 22:39:34.849  1599  1668 D NetworkStats: Resolving plan for NetworkTemplate: matchRule=MOBILE_ALL, subscriberId=310260..., matchSubscriberIds=[310260...]
12-04 22:39:34.852  1599  1668 D NetworkStats: Found active matching subId 1
12-04 22:39:34.954  1599  4021 W ActivityManager: Slow operation: 101ms so far, now at attachApplicationLocked: immediately after bindApplication
12-04 22:39:34.954  1599  4021 W ActivityManager: Slow operation: 101ms so far, now at attachApplicationLocked: after updateLruProcessLocked
12-04 22:39:34.955  1599  4021 W ActivityManager: Slow operation: 102ms so far, now at attachApplicationLocked: after mServices.attachApplicationLocked
12-04 22:39:34.976  1599  4021 W ActivityManager: Slow operation: 123ms so far, now at attachApplicationLocked: after sendPendingBroadcastsLocked
12-04 22:39:34.982  1599  1668 D NetworkStats: Resolved to plan null
12-04 22:39:36.233  1599  2124 I ActivityManager: Start proc 8309:com.android.documentsui/u0a14 for broadcast com.android.documentsui/.PackageReceiver
12-04 22:39:36.698  1599  4567 I ActivityManager: Start proc 8330:android.process.media/u0a11 for broadcast com.android.providers.downloads/.DownloadReceiver
12-04 22:39:37.036  1599  2124 I ActivityManager: Start proc 8347:com.google.android.apps.docs/u0a52 for content provider com.google.android.apps.docs/.storagebackend.StorageBackendContentProvider
12-04 22:39:37.214  1599  4154 I ActivityManager: Killing 6572:com.android.providers.calendar/u0a3 (adj 906): empty for 2301s
12-04 22:39:37.502  1599  4804 I ActivityManager: Killing 7051:com.android.chrome:webview_service/u0a46 (adj 906): empty for 2145s
12-04 22:39:37.511  1599  4804 W BroadcastQueue: Background execution not allowed: receiving Intent { act=android.intent.action.DROPBOX_ENTRY_ADDED flg=0x10 (has extras) } to com.google.android.gms/.stats.service.DropBoxEntryAddedReceiver
12-04 22:39:37.512  1599  1613 W BroadcastQueue: Background execution not allowed: receiving Intent { act=android.intent.action.DROPBOX_ENTRY_ADDED flg=0x10 (has extras) } to com.google.android.gms/.chimera.GmsIntentOperationService$PersistentTrustedReceiver
12-04 22:39:38.218  1599  1613 W BroadcastQueue: Background execution not allowed: receiving Intent { act=android.intent.action.DROPBOX_ENTRY_ADDED flg=0x10 (has extras) } to com.google.android.gms/.stats.service.DropBoxEntryAddedReceiver
12-04 22:39:38.218  1599  1613 W BroadcastQueue: Background execution not allowed: receiving Intent { act=android.intent.action.DROPBOX_ENTRY_ADDED flg=0x10 (has extras) } to com.google.android.gms/.chimera.GmsIntentOperationService$PersistentTrustedReceiver
12-04 22:39:40.454  1599  1613 W BroadcastQueue: Background execution not allowed: receiving Intent { act=android.intent.action.DROPBOX_ENTRY_ADDED flg=0x10 (has extras) } to com.google.android.gms/.stats.service.DropBoxEntryAddedReceiver
12-04 22:39:40.457  1599  1613 W BroadcastQueue: Background execution not allowed: receiving Intent { act=android.intent.action.DROPBOX_ENTRY_ADDED flg=0x10 (has extras) } to com.google.android.gms/.chimera.GmsIntentOperationService$PersistentTrustedReceiver
12-04 22:39:40.499  1599  1616 E KernelCpuSpeedReader: Failed to read cpu-freq: /sys/devices/system/cpu/cpu0/cpufreq/stats/time_in_state (No such file or directory)
12-04 22:39:40.503  1599  1616 E BatteryExternalStatsWorker: modem info is invalid: ModemActivityInfo{ mTimestamp=0 mSleepTimeMs=0 mIdleTimeMs=0 mTxTimeMs[]=[0, 0, 0, 0, 0] mRxTimeMs=0 mEnergyUsed=0}
12-04 22:39:43.134  1599  4804 I ActivityManager: START u0 {cmp=com.android.settings/.search.SearchActivity} from uid 1000
12-04 22:39:43.937  1599  4804 I ActivityManager: Start proc 8406:com.android.cellbroadcastreceiver/u0a6 for content provider com.android.cellbroadcastreceiver/.CellBroadcastSearchIndexableProvider
12-04 22:39:44.537  1599  4714 I ActivityManager: Start proc 8429:com.google.android.gms.ui/u0a12 for service com.google.android.gms/.chimera.UiIntentOperationService
12-04 22:39:45.144  1599  1613 W BroadcastQueue: Background execution not allowed: receiving Intent { act=android.intent.action.DROPBOX_ENTRY_ADDED flg=0x10 (has extras) } to com.google.android.gms/.stats.service.DropBoxEntryAddedReceiver
12-04 22:39:45.144  1599  1613 W BroadcastQueue: Background execution not allowed: receiving Intent { act=android.intent.action.DROPBOX_ENTRY_ADDED flg=0x10 (has extras) } to com.google.android.gms/.chimera.GmsIntentOperationService$PersistentTrustedReceiver
12-04 22:39:46.355  1599  1864 D CryptdConnector: SND -> {7 cryptfs getpwtype}
12-04 22:39:46.363  1348  1353 D VoldCryptCmdListener: cryptfs getpwtype
12-04 22:39:46.371  1599  1663 D CryptdConnector: RCV <- {213 7 default}
12-04 22:39:48.577  1599  1616 E KernelCpuSpeedReader: Failed to read cpu-freq: /sys/devices/system/cpu/cpu0/cpufreq/stats/time_in_state (No such file or directory)
12-04 22:39:48.587  1599  1616 E BatteryExternalStatsWorker: modem info is invalid: ModemActivityInfo{ mTimestamp=0 mSleepTimeMs=0 mIdleTimeMs=0 mTxTimeMs[]=[0, 0, 0, 0, 0] mRxTimeMs=0 mEnergyUsed=0}
12-04 22:39:49.158  1599  1613 W BroadcastQueue: Background execution not allowed: receiving Intent { act=android.intent.action.DROPBOX_ENTRY_ADDED flg=0x10 (has extras) } to com.google.android.gms/.stats.service.DropBoxEntryAddedReceiver
12-04 22:39:49.158  1599  1613 W BroadcastQueue: Background execution not allowed: receiving Intent { act=android.intent.action.DROPBOX_ENTRY_ADDED flg=0x10 (has extras) } to com.google.android.gms/.chimera.GmsIntentOperationService$PersistentTrustedReceiver
12-04 22:39:49.510  1599  2137 D CryptdConnector: SND -> {8 cryptfs getpwtype}
12-04 22:39:49.510  1348  1353 D VoldCryptCmdListener: cryptfs getpwtype
12-04 22:39:49.511  1599  1663 D CryptdConnector: RCV <- {213 8 default}
12-04 22:39:50.271  1599  1613 W BroadcastQueue: Background execution not allowed: receiving Intent { act=android.intent.action.DROPBOX_ENTRY_ADDED flg=0x10 (has extras) } to com.google.android.gms/.stats.service.DropBoxEntryAddedReceiver
12-04 22:39:50.272  1599  1613 W BroadcastQueue: Background execution not allowed: receiving Intent { act=android.intent.action.DROPBOX_ENTRY_ADDED flg=0x10 (has extras) } to com.google.android.gms/.chimera.GmsIntentOperationService$PersistentTrustedReceiver
12-04 22:39:50.623  1699  1699 V DeadZone: consuming errant click: (489.958,27.914062)
12-04 22:39:52.727  1599  1658 I ActivityManager: START u0 {act=android.intent.action.MAIN cat=[android.intent.category.HOME] flg=0x10200000 cmp=com.google.android.apps.nexuslauncher/.NexusLauncherActivity (has extras)} from uid 1000
12-04 22:40:35.144  1599  1616 E KernelCpuSpeedReader: Failed to read cpu-freq: /sys/devices/system/cpu/cpu0/cpufreq/stats/time_in_state (No such file or directory)
12-04 22:40:35.147  1599  1616 E BatteryExternalStatsWorker: modem info is invalid: ModemActivityInfo{ mTimestamp=0 mSleepTimeMs=0 mIdleTimeMs=0 mTxTimeMs[]=[0, 0, 0, 0, 0] mRxTimeMs=0 mEnergyUsed=0}
12-04 22:40:45.183  1599  1668 D NetworkStats: Resolving plan for NetworkTemplate: matchRule=MOBILE_ALL, subscriberId=310260..., matchSubscriberIds=[310260...]
12-04 22:40:45.187  1599  1668 D NetworkStats: Found active matching subId 1
12-04 22:40:45.201  1599  1668 D NetworkStats: Resolved to plan null
12-04 22:41:42.647  1599  1844 D PackageInstaller: Ignoring abandon after commit relinquished control
12-04 22:41:42.692  1599  1844 W BroadcastQueue: Background execution not allowed: receiving Intent { act=android.intent.action.PACKAGE_ADDED dat=package:com.ilinkon.net flg=0x4000010 (has extras) } to com.android.vending/com.google.android.finsky.packagemanager.impl.PackageMonitorReceiverImpl$RegisteredReceiver
12-04 22:41:42.696  1599  1613 W BroadcastQueue: Background execution not allowed: receiving Intent { act=android.intent.action.PACKAGE_ADDED dat=package:com.ilinkon.net flg=0x4000010 (has extras) } to com.google.android.gms/.games.chimera.GamesSystemBroadcastReceiverProxy
12-04 22:41:42.697  1599  1613 W BroadcastQueue: Background execution not allowed: receiving Intent { act=android.intent.action.PACKAGE_ADDED dat=package:com.ilinkon.net flg=0x4000010 (has extras) } to com.google.android.gms/.gass.chimera.PackageChangeBroadcastReceiver
12-04 22:41:42.697  1599  1613 W BroadcastQueue: Background execution not allowed: receiving Intent { act=android.intent.action.PACKAGE_ADDED dat=package:com.ilinkon.net flg=0x4000010 (has extras) } to com.google.android.gms/.chimera.GmsIntentOperationService$PersistentTrustedReceiver
12-04 22:41:42.697  1599  1613 W BroadcastQueue: Background execution not allowed: receiving Intent { act=android.intent.action.PACKAGE_ADDED dat=package:com.ilinkon.net flg=0x4000010 (has extras) } to com.google.android.googlequicksearchbox/com.google.android.apps.gsa.googlequicksearchbox.GelStubAppWatcher
12-04 22:41:42.803  1599  1599 I Telecom : DefaultDialerCache: Refreshing default dialer for user 0: now com.google.android.dialer: DDC.oR@ALc
12-04 22:41:43.053  1599  2137 W ActivityManager: Unable to start service Intent { act=com.google.android.gms.auth.key.retrieval.service.START pkg=com.google.android.gms } U=0: not found
12-04 22:41:43.056  1599  1844 W ActivityManager: Unbind failed: could not find connection for android.os.BinderProxy@ce612c0
12-04 22:41:43.225  1599  1599 I ActivityManager: Start proc 8626:com.google.android.dialer/u0a20 for service com.google.android.dialer/com.google.android.apps.dialer.spam.impl.SpamJobService
12-04 22:41:43.569  1599  3404 I ActivityManager: START u0 {flg=0x10000000 cmp=com.ilinkon.net/.MainActivity} from uid 2000
12-04 22:41:43.619  1599  3301 I ActivityManager: Start proc 8652:com.ilinkon.net/u0a89 for activity com.ilinkon.net/.MainActivity
12-04 22:41:46.088  8652  8652 E AndroidRuntime: FATAL EXCEPTION: main
12-04 22:41:46.088  8652  8652 E AndroidRuntime: Process: com.ilinkon.net, PID: 8652
12-04 22:41:46.088  8652  8652 E AndroidRuntime: java.lang.RuntimeException: Canvas: trying to draw too large(134295000bytes) bitmap.
12-04 22:41:46.088  8652  8652 E AndroidRuntime: 	at android.view.DisplayListCanvas.throwIfCannotDraw(DisplayListCanvas.java:229)
12-04 22:41:46.088  8652  8652 E AndroidRuntime: 	at android.view.RecordingCanvas.drawBitmap(RecordingCanvas.java:97)
12-04 22:41:46.088  8652  8652 E AndroidRuntime: 	at android.graphics.drawable.BitmapDrawable.draw(BitmapDrawable.java:529)
12-04 22:41:46.088  8652  8652 E AndroidRuntime: 	at android.widget.ImageView.onDraw(ImageView.java:1367)
12-04 22:41:46.088  8652  8652 E AndroidRuntime: 	at android.view.View.draw(View.java:19192)
12-04 22:41:46.088  8652  8652 E AndroidRuntime: 	at android.view.View.updateDisplayListIfDirty(View.java:18142)
12-04 22:41:46.088  8652  8652 E AndroidRuntime: 	at android.view.View.draw(View.java:18920)
12-04 22:41:46.088  8652  8652 E AndroidRuntime: 	at android.view.ViewGroup.drawChild(ViewGroup.java:4236)
12-04 22:41:46.088  8652  8652 E AndroidRuntime: 	at android.view.ViewGroup.dispatchDraw(ViewGroup.java:4022)
12-04 22:41:46.088  8652  8652 E AndroidRuntime: 	at android.view.View.draw(View.java:19195)
12-04 22:41:46.088  8652  8652 E AndroidRuntime: 	at android.view.View.updateDisplayListIfDirty(View.java:18142)
12-04 22:41:46.088  8652  8652 E AndroidRuntime: 	at android.view.View.draw(View.java:18920)
12-04 22:41:46.088  8652  8652 E AndroidRuntime: 	at android.view.ViewGroup.drawChild(ViewGroup.java:4236)
12-04 22:41:46.088  8652  8652 E AndroidRuntime: 	at android.view.ViewGroup.dispatchDraw(ViewGroup.java:4022)
12-04 22:41:46.088  8652  8652 E AndroidRuntime: 	at android.view.View.updateDisplayListIfDirty(View.java:18133)
12-04 22:41:46.088  8652  8652 E AndroidRuntime: 	at android.view.View.draw(View.java:18920)
12-04 22:41:46.088  8652  8652 E AndroidRuntime: 	at android.view.ViewGroup.drawChild(ViewGroup.java:4236)
12-04 22:41:46.088  8652  8652 E AndroidRuntime: 	at android.view.ViewGroup.dispatchDraw(ViewGroup.java:4022)
12-04 22:41:46.088  8652  8652 E AndroidRuntime: 	at android.view.View.updateDisplayListIfDirty(View.java:18133)
12-04 22:41:46.088  8652  8652 E AndroidRuntime: 	at android.view.View.draw(View.java:18920)
12-04 22:41:46.088  8652  8652 E AndroidRuntime: 	at android.view.ViewGroup.drawChild(ViewGroup.java:4236)
12-04 22:41:46.088  8652  8652 E AndroidRuntime: 	at android.view.ViewGroup.dispatchDraw(ViewGroup.java:4022)
12-04 22:41:46.088  8652  8652 E AndroidRuntime: 	at android.view.View.updateDisplayListIfDirty(View.java:18133)
12-04 22:41:46.088  8652  8652 E AndroidRuntime: 	at android.view.View.draw(View.java:18920)
12-04 22:41:46.088  8652  8652 E AndroidRuntime: 	at android.view.ViewGroup.drawChild(ViewGroup.java:4236)
12-04 22:41:46.088  8652  8652 E AndroidRuntime: 	at android.view.ViewGroup.dispatchDraw(ViewGroup.java:4022)
12-04 22:41:46.088  8652  8652 E AndroidRuntime: 	at android.view.View.updateDisplayListIfDirty(View.java:18133)
12-04 22:41:46.088  8652  8652 E AndroidRuntime: 	at android.view.View.draw(View.java:18920)
12-04 22:41:46.088  8652  8652 E AndroidRuntime: 	at android.view.ViewGroup.drawChild(ViewGroup.java:4236)
12-04 22:41:46.088  8652  8652 E AndroidRuntime: 	at android.view.ViewGroup.dispatchDraw(ViewGroup.java:4022)
12-04 22:41:46.088  8652  8652 E AndroidRuntime: 	at android.view.View.draw(View.java:19195)
12-04 22:41:46.088  8652  8652 E AndroidRuntime: 	at com.android.internal.policy.DecorView.draw(DecorView.java:788)
12-04 22:41:46.088  8652  8652 E AndroidRuntime: 	at android.view.View.updateDisplayListIfDirty(View.java:18142)
