12-04 20:39:49.562  1599  3404 I ActivityManager: Start proc 4172:com.google.android.gms.ui/u0a12 for service com.google.android.gms/.chimera.UiIntentOperationService
12-04 20:39:50.584  1599  3404 I ActivityManager: Killing 3306:com.android.chrome/u0a46 (adj 906): empty #17
12-04 20:39:50.812  1599  3404 W BroadcastQueue: Background execution not allowed: receiving Intent { act=rcs.intent.action.provisioningEvent flg=0x10 (has extras) } to com.google.android.apps.messaging/com.google.android.ims.receiver.ProvisioningEventReceiver
12-04 20:39:51.038  1599  1668 D NetworkStats: Resolving plan for NetworkTemplate: matchRule=MOBILE_ALL, subscriberId=310260..., matchSubscriberIds=[310260...]
12-04 20:39:51.041  1599  1668 D NetworkStats: Found active matching subId 1
12-04 20:39:51.060  1599  1668 D NetworkStats: Resolved to plan null
12-04 20:39:51.121  1599  1668 D NetworkStats: Resolving plan for NetworkTemplate: matchRule=MOBILE_ALL, subscriberId=310260..., matchSubscriberIds=[310260...]
12-04 20:39:51.130  1599  1668 D NetworkStats: Found active matching subId 1
12-04 20:39:51.171  1599  1668 D NetworkStats: Resolved to plan null
12-04 20:39:51.193  1599  1668 D NetworkStats: Resolving plan for NetworkTemplate: matchRule=MOBILE_ALL, subscriberId=310260..., matchSubscriberIds=[310260...]
12-04 20:39:51.194  1599  1668 D NetworkStats: Found active matching subId 1
12-04 20:39:51.211  1599  1668 D NetworkStats: Resolved to plan null
12-04 20:39:51.230  1599  1613 I ActivityManager: Start proc 4211:com.google.android.googlequicksearchbox:interactor/u0a32 for service com.google.android.googlequicksearchbox/com.google.android.voiceinteraction.GsaVoiceInteractionService
12-04 20:39:51.264  1599  1668 D NetworkStats: Resolving plan for NetworkTemplate: matchRule=MOBILE_ALL, subscriberId=310260..., matchSubscriberIds=[310260...]
12-04 20:39:51.270  1599  1668 D NetworkStats: Found active matching subId 1
12-04 20:39:51.276  1599  1668 D NetworkStats: Resolved to plan null
12-04 20:39:51.285  1599  1668 D NetworkStats: Resolving plan for NetworkTemplate: matchRule=MOBILE_ALL, subscriberId=310260..., matchSubscriberIds=[310260...]
12-04 20:39:51.311  1599  1668 D NetworkStats: Found active matching subId 1
12-04 20:39:51.322  1599  1668 D NetworkStats: Resolved to plan null
12-04 20:39:51.331  1599  1668 D NetworkStats: Resolving plan for NetworkTemplate: matchRule=MOBILE_ALL, subscriberId=310260..., matchSubscriberIds=[310260...]
12-04 20:39:51.331  1599  1668 D NetworkStats: Found active matching subId 1
12-04 20:39:51.345  1599  1668 D NetworkStats: Resolved to plan null
12-04 20:39:51.374  1599  1668 D NetworkStats: Resolving plan for NetworkTemplate: matchRule=MOBILE_ALL, subscriberId=310260..., matchSubscriberIds=[310260...]
12-04 20:39:51.397  1599  1668 D NetworkStats: Found active matching subId 1
12-04 20:39:51.412  1599  1668 D NetworkStats: Resolved to plan null
12-04 20:39:51.453  1599  1668 D NetworkStats: Resolving plan for NetworkTemplate: matchRule=MOBILE_ALL, subscriberId=310260..., matchSubscriberIds=[310260...]
12-04 20:39:51.456  1599  1668 D NetworkStats: Found active matching subId 1
12-04 20:39:51.461  1599  1668 D NetworkStats: Resolved to plan null
12-04 20:39:51.514  1599  1668 D NetworkStats: Resolving plan for NetworkTemplate: matchRule=MOBILE_ALL, subscriberId=310260..., matchSubscriberIds=[310260...]
12-04 20:39:51.519  1599  1668 D NetworkStats: Found active matching subId 1
12-04 20:39:51.597  1599  1668 D NetworkStats: Resolved to plan null
12-04 20:39:51.651  1599  1668 D NetworkStats: Resolving plan for NetworkTemplate: matchRule=MOBILE_ALL, subscriberId=310260..., matchSubscriberIds=[310260...]
12-04 20:39:51.651  1599  1668 D NetworkStats: Found active matching subId 1
12-04 20:39:51.655  1599  1668 D NetworkStats: Resolved to plan null
12-04 20:39:51.711  1599  1668 D NetworkStats: Resolving plan for NetworkTemplate: matchRule=MOBILE_ALL, subscriberId=310260..., matchSubscriberIds=[310260...]
12-04 20:39:51.713  1599  1668 D NetworkStats: Found active matching subId 1
12-04 20:39:51.723  1599  1668 D NetworkStats: Resolved to plan null
12-04 20:39:51.741  1599  1668 D NetworkStats: Resolving plan for NetworkTemplate: matchRule=MOBILE_ALL, subscriberId=310260..., matchSubscriberIds=[310260...]
12-04 20:39:51.742  1599  1668 D NetworkStats: Found active matching subId 1
12-04 20:39:51.744  1599  1668 D NetworkStats: Resolved to plan null
12-04 20:39:51.938  4211  4211 W KeyphraseEnrollmentInfo: No enrollment application supports the given keyphrase/locale: 'X Google'/en_US
12-04 20:39:51.938  4211  4211 W KeyphraseEnrollmentInfo: No enrollment application supports the given keyphrase/locale: 'X Google'/en_US
12-04 20:39:51.979  1599  3301 W AppOps  : Bad call: specified package com.google.android.gms under uid 10032 but it is really 10012
12-04 20:39:51.979  1599  3301 W AppOps  : java.lang.RuntimeException: here
12-04 20:39:51.979  1599  3301 W AppOps  : 	at com.android.server.AppOpsService.getOpsRawLocked(AppOpsService.java:1322)
12-04 20:39:51.979  1599  3301 W AppOps  : 	at com.android.server.AppOpsService.checkPackage(AppOpsService.java:1041)
12-04 20:39:51.979  1599  3301 W AppOps  : 	at com.android.internal.app.IAppOpsService$Stub.onTransact(IAppOpsService.java:169)
12-04 20:39:51.979  1599  3301 W AppOps  : 	at android.os.Binder.execTransact(Binder.java:697)
12-04 20:39:51.982  4211  4211 W KeyphraseEnrollmentInfo: No enrollment application supports the given keyphrase/locale: 'X Google'/en_US
12-04 20:39:51.982  4211  4211 W KeyphraseEnrollmentInfo: No enrollment application supports the given keyphrase/locale: 'X Google'/en_US
12-04 20:39:53.981  1599  2430 W BroadcastQueue: Background execution not allowed: receiving Intent { act=android.intent.action.DROPBOX_ENTRY_ADDED flg=0x10 (has extras) } to com.google.android.gms/.stats.service.DropBoxEntryAddedReceiver
12-04 20:39:53.981  1599  1613 W BroadcastQueue: Background execution not allowed: receiving Intent { act=android.intent.action.DROPBOX_ENTRY_ADDED flg=0x10 (has extras) } to com.google.android.gms/.chimera.GmsIntentOperationService$PersistentTrustedReceiver
12-04 20:39:54.019  1599  2430 W BroadcastQueue: Background execution not allowed: receiving Intent { act=rcs.intent.action.provisioningEvent flg=0x10 (has extras) } to com.google.android.apps.messaging/com.google.android.ims.receiver.ProvisioningEventReceiver
12-04 20:39:54.046  1599  2430 I chatty  : uid=1000(system) Binder:1599_E identical 1 line
12-04 20:39:54.151  1599  2430 W BroadcastQueue: Background execution not allowed: receiving Intent { act=rcs.intent.action.provisioningEvent flg=0x10 (has extras) } to com.google.android.apps.messaging/com.google.android.ims.receiver.ProvisioningEventReceiver
12-04 20:39:54.244  1599  1844 I ActivityManager: Start proc 4260:com.google.android.apps.photos/u0a68 for broadcast com.google.android.apps.photos/.experiments.phenotype.full.PhenotypeUpdateBroadcastReceiver
12-04 20:39:54.701  1599  2430 I ActivityManager: Start proc 4283:com.google.android.apps.docs/u0a52 for broadcast com.google.android.apps.docs/com.google.android.libraries.internal.growth.growthkit.internal.experiments.impl.PhenotypeBroadcastReceiver
12-04 20:39:54.702  1599  2430 I ActivityManager: Killing 3323:com.google.android.onetimeinitializer/u0a16 (adj 906): empty #17
12-04 20:39:56.145  1599  1742 I ActivityManager: START u0 {act=android.intent.action.MAIN cat=[android.intent.category.LAUNCHER] flg=0x10200000 cmp=com.ilinkon.app/.MainActivity bnds=[35,746][237,1008]} from uid 10022
12-04 20:39:56.419  1599  2142 I ActivityManager: START u0 {act=android.intent.action.MAIN cat=[android.intent.category.LAUNCHER] flg=0x10200000 cmp=com.ilinkon.app/.MainActivity bnds=[35,746][237,1008]} from uid 10022
12-04 20:39:57.457  1599  1742 I ActivityManager: Killing 3344:com.google.android.packageinstaller/u0a19 (adj 906): empty #17
12-04 20:39:58.804  1599  2144 I ActivityManager: Killing 2433:com.google.android.partnersetup/u0a18 (adj 906): empty #17
12-04 20:39:58.956  1599  3404 I ActivityManager: Killing 3373:com.google.process.gapps/u0a51 (adj 906): empty #17
12-04 20:39:59.261  1599  4021 D ConnectivityService: Returning BLOCKED NetworkInfo to uid=10052
12-04 20:39:59.723  1599  2124 I ActivityManager: Killing 3458:com.google.android.youtube/u0a79 (adj 906): empty #17
12-04 20:39:59.761  1599  4154 D ConnectivityService: ConnectivityService NetworkRequestInfo binderDied(NetworkRequest [ LISTEN id=14, [ Capabilities: INTERNET&NOT_RESTRICTED&TRUSTED&FOREGROUND] ], android.os.BinderProxy@b4cb931)
12-04 20:40:04.517  2186  3710 W PackageParser: Unknown element under <manifest>: queries at /data/user_de/0/com.google.android.gms/app_chimera/m/0000003a/AdsDynamite.apk Binary XML file line #5
12-04 20:40:05.713  1599  2124 W ActivityManager: Slow operation: 171ms so far, now at startProcess: returned from zygote!
12-04 20:40:05.714  1599  2124 W ActivityManager: Slow operation: 171ms so far, now at startProcess: done updating battery stats
12-04 20:40:05.714  1599  2124 W ActivityManager: Slow operation: 171ms so far, now at startProcess: building log message
12-04 20:40:05.714  1599  2124 I ActivityManager: Start proc 4399:com.google.android.partnersetup/u0a18 for broadcast com.google.android.partnersetup/.RlzPingBroadcastReceiver
12-04 20:40:05.714  1599  2124 W ActivityManager: Slow operation: 172ms so far, now at startProcess: starting to update pids map
12-04 20:40:05.714  1599  2124 W ActivityManager: Slow operation: 172ms so far, now at startProcess: done updating pids map
12-04 20:40:05.714  1599  2124 W ActivityManager: Slow operation: 172ms so far, now at startProcess: done starting proc!
12-04 20:40:05.714  1599  2124 I ActivityManager: Killing 3669:com.android.settings/1000 (adj 906): empty #17
12-04 20:40:05.730  2186  3710 W PackageParser: Unknown element under <manifest>: queries at /data/user_de/0/com.google.android.gms/app_chimera/m/00000044/dl-AdsFdrDynamite.integ_204102000000000.apk Binary XML file line #5
12-04 20:40:05.967  1599  1658 I ActivityManager: START u0 {act=android.intent.action.MAIN cat=[android.intent.category.HOME] flg=0x10200000 cmp=com.google.android.apps.nexuslauncher/.NexusLauncherActivity (has extras)} from uid 1000
12-04 20:40:06.490  1599  1613 W ActivityManager: Activity pause timeout for ActivityRecord{92e65c u0 com.ilinkon.app/.MainActivity t113}
12-04 20:40:07.751  1599  3404 I ActivityManager: Killing 3692:com.android.cellbroadcastreceiver/u0a6 (adj 906): empty #17
12-04 20:40:08.331  1599  1864 W BroadcastQueue: Background execution not allowed: receiving Intent { act=android.intent.action.DROPBOX_ENTRY_ADDED flg=0x10 (has extras) } to com.google.android.gms/.stats.service.DropBoxEntryAddedReceiver
12-04 20:40:08.331  1599  1613 W BroadcastQueue: Background execution not allowed: receiving Intent { act=android.intent.action.DROPBOX_ENTRY_ADDED flg=0x10 (has extras) } to com.google.android.gms/.chimera.GmsIntentOperationService$PersistentTrustedReceiver
12-04 20:40:08.349  1599  1613 W BroadcastQueue: Permission Denial: broadcasting Intent { act=com.google.android.checkin.CHECKIN_COMPLETE flg=0x1000010 (has extras) } from com.google.android.gms (pid=2186, uid=10012) is not exported from uid 10024 due to receiver com.android.vending/com.google.android.finsky.checkin.CheckinReceiver
12-04 20:40:08.364  1599  1613 I ActivityManager: Killing 3187:com.google.android.deskclock/u0a69 (adj 906): empty #17
12-04 20:40:08.757  1599  1614 W Looper  : Dispatch took 315ms on android.ui, h=Handler (com.android.server.am.ActivityManagerService$UiHandler) {f6c8156} cb=null msg=53
12-04 20:40:12.050  1599  1614 W Looper  : Dispatch took 378ms on android.ui, h=Handler (com.android.server.am.ActivityManagerService$UiHandler) {f6c8156} cb=null msg=68
12-04 20:40:12.654  1599  2792 I ActivityManager: Start proc 4440:com.android.chrome:webview_service/u0a46 for service com.android.chrome/org.chromium.android_webview.services.VariationsSeedServer
12-04 20:40:12.933  1599  1864 W ActivityManager: Unable to start service Intent { act=com.google.android.gms.auth.key.retrieval.service.START pkg=com.google.android.gms } U=0: not found
12-04 20:40:13.009  1599  1815 W ActivityManager: Unbind failed: could not find connection for android.os.BinderProxy@266e444
12-04 20:40:13.027  2186  2825 W PackageParser: Unknown element under <manifest>: queries at /data/user_de/0/com.google.android.gms/app_chimera/m/0000003a/AdsDynamite.apk Binary XML file line #5
12-04 20:40:13.616  1599  1815 I ActivityManager: Killing 2515:com.android.providers.calendar/u0a3 (adj 906): empty #17
12-04 20:40:13.894  2186  2825 W PackageParser: Unknown element under <manifest>: queries at /data/user_de/0/com.google.android.gms/app_chimera/m/00000044/dl-AdsFdrDynamite.integ_204102000000000.apk Binary XML file line #5
12-04 20:40:14.859  1599  1616 E BatteryExternalStatsWorker: modem info is invalid: ModemActivityInfo{ mTimestamp=0 mSleepTimeMs=0 mIdleTimeMs=0 mTxTimeMs[]=[0, 0, 0, 0, 0] mRxTimeMs=0 mEnergyUsed=0}
12-04 20:40:15.808  1599  1815 W ActivityManager: Slow operation: 275ms so far, now at getContentProviderImpl: after checkContentProviderPermission
12-04 20:40:15.808  1599  1815 W ActivityManager: Slow operation: 275ms so far, now at getContentProviderImpl: incProviderCountLocked
12-04 20:40:15.808  1599  1815 W ActivityManager: Slow operation: 275ms so far, now at getContentProviderImpl: before updateOomAdj
12-04 20:40:15.808  1599  1815 W ActivityManager: Slow operation: 275ms so far, now at getContentProviderImpl: after updateOomAdj
12-04 20:40:15.808  1599  1815 W ActivityManager: Slow operation: 275ms so far, now at getContentProviderImpl: done!
12-04 20:40:22.646  1599  2144 W ActivityManager: Unable to start service Intent { act=com.google.android.gms.auth.key.retrieval.service.START pkg=com.google.android.gms } U=0: not found
12-04 20:40:22.751  1599  2144 W ActivityManager: Unbind failed: could not find connection for android.os.BinderProxy@9551846
12-04 20:40:23.163  2186  3710 W PackageParser: Unknown element under <manifest>: queries at /data/user_de/0/com.google.android.gms/app_chimera/m/0000003a/AdsDynamite.apk Binary XML file line #5
12-04 20:40:23.385  2186  3710 W PackageParser: Unknown element under <manifest>: queries at /data/user_de/0/com.google.android.gms/app_chimera/m/00000044/dl-AdsFdrDynamite.integ_204102000000000.apk Binary XML file line #5
12-04 20:40:24.881  2186  2825 W PackageParser: Unknown element under <manifest>: queries at /data/user_de/0/com.google.android.gms/app_chimera/m/0000003a/AdsDynamite.apk Binary XML file line #5
12-04 20:40:25.140  2186  2825 W PackageParser: Unknown element under <manifest>: queries at /data/user_de/0/com.google.android.gms/app_chimera/m/00000044/dl-AdsFdrDynamite.integ_204102000000000.apk Binary XML file line #5
12-04 20:40:31.511  1599  2132 I ActivityManager: Killing 3926:android.process.media/u0a11 (adj 906): empty #17
12-04 20:40:37.325  1599  1844 W ActivityManager: Slow operation: 217ms so far, now at getContentProviderImpl: after updateOomAdj
12-04 20:40:37.326  1599  1844 W ActivityManager: Slow operation: 218ms so far, now at getContentProviderImpl: done!
12-04 20:40:45.825  1599  2137 W ActivityManager: Slow operation: 107ms so far, now at getContentProviderImpl: after updateOomAdj
12-04 20:40:45.825  1599  2137 W ActivityManager: Slow operation: 107ms so far, now at getContentProviderImpl: done!
12-04 20:40:46.816  1599  1655 W ActivityManager: Unable to start service Intent { act=com.google.android.gms.drive.ApiService.RESET_AFTER_BOOT flg=0x4 cmp=com.google.android.gms/.drive.api.ApiService (has extras) } U=0: not found
12-04 20:40:49.307  2186  2660 W PackageParser: Unknown element under <manifest>: queries at /data/user_de/0/com.google.android.gms/app_chimera/m/0000003a/AdsDynamite.apk Binary XML file line #5
12-04 20:40:49.322  2186  2660 W PackageParser: Unknown element under <manifest>: queries at /data/user_de/0/com.google.android.gms/app_chimera/m/00000044/dl-AdsFdrDynamite.integ_204102000000000.apk Binary XML file line #5
12-04 20:40:51.493  1599  2430 I ActivityManager: Start proc 4585:com.google.android.apps.wallpaper/u0a31 for broadcast com.google.android.apps.wallpaper/.module.DailyLoggingAlarmReceiver
12-04 20:40:53.734  1599  4154 W ActivityManager: Unable to start service Intent { act=com.google.android.gms.auth.key.retrieval.service.START pkg=com.google.android.gms } U=0: not found
12-04 20:40:53.780  1599  1844 W ActivityManager: Unbind failed: could not find connection for android.os.BinderProxy@780e9f6
12-04 20:40:54.370  1599  2430 W ActivityManager: Slow operation: 214ms so far, now at getContentProviderImpl: after updateOomAdj
12-04 20:40:54.370  1599  2430 W ActivityManager: Slow operation: 214ms so far, now at getContentProviderImpl: done!
12-04 20:40:55.584  1599  2430 I ActivityManager: Killing 3390:com.google.android.videos/u0a74 (adj 906): empty #17
12-04 20:40:57.454  2186  2757 W PackageParser: Unknown element under <manifest>: queries at /data/user_de/0/com.google.android.gms/app_chimera/m/0000003a/AdsDynamite.apk Binary XML file line #5
12-04 20:40:57.537  2186  2757 W PackageParser: Unknown element under <manifest>: queries at /data/user_de/0/com.google.android.gms/app_chimera/m/00000044/dl-AdsFdrDynamite.integ_204102000000000.apk Binary XML file line #5
12-04 20:40:59.023  1599  1610 D ConnectivityService: requestNetwork for uid/pid:10067/3807 NetworkRequest [ TRACK_DEFAULT id=20, [ Capabilities: INTERNET&NOT_RESTRICTED&TRUSTED&NOT_VPN] ]
12-04 20:41:01.954  1599  1675 D ConnectivityService: releasing NetworkRequest [ TRACK_DEFAULT id=20, [ Capabilities: INTERNET&NOT_RESTRICTED&TRUSTED&NOT_VPN] ] (release request)
12-04 20:41:01.967  1599  3471 W BroadcastQueue: Background execution not allowed: receiving Intent { act=rcs.intent.action.provisioningEvent flg=0x10 (has extras) } to com.google.android.apps.messaging/com.google.android.ims.receiver.ProvisioningEventReceiver
12-04 20:41:02.594  1599  1610 I ActivityManager: Killing 2774:com.android.vending:download_service/u0a24 (adj 906): empty #17
12-04 20:41:02.950  1599  3404 D ConnectivityService: ConnectivityService NetworkRequestInfo binderDied(NetworkRequest [ TRACK_DEFAULT id=11, [ Capabilities: INTERNET&NOT_RESTRICTED&TRUSTED&NOT_VPN] ], android.os.BinderProxy@9b03525)
12-04 20:41:02.951  1599  1675 D ConnectivityService: releasing NetworkRequest [ TRACK_DEFAULT id=11, [ Capabilities: INTERNET&NOT_RESTRICTED&TRUSTED&NOT_VPN] ] (release request)
12-04 20:41:06.719  1599  1844 W ActivityManager: Slow operation: 96ms so far, now at startProcess: returned from zygote!
12-04 20:41:06.719  1599  1844 W ActivityManager: Slow operation: 96ms so far, now at startProcess: done updating battery stats
12-04 20:41:06.720  1599  1844 W ActivityManager: Slow operation: 97ms so far, now at startProcess: building log message
12-04 20:41:06.720  1599  1844 I ActivityManager: Start proc 4671:com.android.chrome/u0a46 for service com.android.chrome/org.chromium.chrome.browser.ChromeBackgroundService
12-04 20:41:06.720  1599  1844 W ActivityManager: Slow operation: 97ms so far, now at startProcess: starting to update pids map
12-04 20:41:06.720  1599  1844 W ActivityManager: Slow operation: 97ms so far, now at startProcess: done updating pids map
12-04 20:41:06.720  1599  1844 W ActivityManager: Slow operation: 97ms so far, now at startProcess: done starting proc!
12-04 20:41:10.795  1599  1609 I ActivityManager: Killing 3229:com.google.android.gm/u0a70 (adj 906): empty #17
12-04 20:41:11.382  2186  2666 W PackageParser: Unknown element under <manifest>: queries at /data/user_de/0/com.google.android.gms/app_chimera/m/0000003a/AdsDynamite.apk Binary XML file line #5
12-04 20:41:11.729  2186  2666 W PackageParser: Unknown element under <manifest>: queries at /data/user_de/0/com.google.android.gms/app_chimera/m/00000044/dl-AdsFdrDynamite.integ_204102000000000.apk Binary XML file line #5
12-04 20:41:12.243  1599  2144 W ActivityManager: Unable to start service Intent { act=com.google.android.gms.auth.key.retrieval.service.START pkg=com.google.android.gms } U=0: not found
12-04 20:41:12.243  1599  2144 W ActivityManager: Unbind failed: could not find connection for android.os.BinderProxy@139842b
12-04 20:41:13.944  1599  3698 I ActivityManager: Start proc 4726:com.google.android.videos/u0a74 for service com.google.android.videos/.service.drm.RefreshLicenseTaskService
12-04 20:41:14.872  1599  2124 W ActivityManager: Background start not allowed: service Intent { cmp=com.google.android.videos/.service.pinning.TransferService (has extras) } to com.google.android.videos/.service.pinning.TransferService from pid=4726 uid=10074 pkg=com.google.android.videos
12-04 20:41:14.911  1599  2124 D CryptdConnector: SND -> {6 cryptfs getpwtype}
12-04 20:41:14.914  1348  1353 D VoldCryptCmdListener: cryptfs getpwtype
12-04 20:41:14.919  1599  1663 D CryptdConnector: RCV <- {213 6 default}
12-04 20:41:15.430  1599  1613 W BroadcastQueue: Permission Denial: broadcasting Intent { act=com.google.android.checkin.CHECKIN_COMPLETE flg=0x1000010 (has extras) } from com.google.android.gms (pid=2186, uid=10012) is not exported from uid 10024 due to receiver com.android.vending/com.google.android.finsky.checkin.CheckinReceiver
12-04 20:41:16.283  1599  4360 W ActivityManager: Unable to start service Intent { act=com.google.android.gms.auth.key.retrieval.service.START pkg=com.google.android.gms } U=0: not found
12-04 20:41:16.288  1599  3301 W ActivityManager: Unbind failed: could not find connection for android.os.BinderProxy@6a191d
12-04 20:41:18.660  1599  1616 E BatteryExternalStatsWorker: modem info is invalid: ModemActivityInfo{ mTimestamp=0 mSleepTimeMs=0 mIdleTimeMs=0 mTxTimeMs[]=[0, 0, 0, 0, 0] mRxTimeMs=0 mEnergyUsed=0}
12-04 20:41:22.244  1599  2792 W ActivityManager: Slow operation: 98ms so far, now at getContentProviderImpl: after updateOomAdj
12-04 20:41:22.244  1599  2792 W ActivityManager: Slow operation: 98ms so far, now at getContentProviderImpl: done!
12-04 20:41:24.929  1599  1599 I Telecom : DefaultDialerCache: Refreshing default dialer for user 0: now com.google.android.dialer: DDC.oR@AFY
12-04 20:41:26.188  2186  2666 W PackageParser: Unknown element under <manifest>: queries at /data/user_de/0/com.google.android.gms/app_chimera/m/0000003a/AdsDynamite.apk Binary XML file line #5
12-04 20:41:26.250  2186  2666 W PackageParser: Unknown element under <manifest>: queries at /data/user_de/0/com.google.android.gms/app_chimera/m/00000044/dl-AdsFdrDynamite.integ_204102000000000.apk Binary XML file line #5
12-04 20:41:26.674  2186  2660 W PackageParser: Unknown element under <manifest>: queries at /data/user_de/0/com.google.android.gms/app_chimera/m/0000003a/AdsDynamite.apk Binary XML file line #5
12-04 20:41:26.769  2186  2660 W PackageParser: Unknown element under <manifest>: queries at /data/user_de/0/com.google.android.gms/app_chimera/m/00000044/dl-AdsFdrDynamite.integ_204102000000000.apk Binary XML file line #5
12-04 20:41:27.638  2186  2660 W PackageParser: Unknown element under <manifest>: queries at /data/user_de/0/com.google.android.gms/app_chimera/m/0000003a/AdsDynamite.apk Binary XML file line #5
12-04 20:41:27.647  2186  2660 W PackageParser: Unknown element under <manifest>: queries at /data/user_de/0/com.google.android.gms/app_chimera/m/00000044/dl-AdsFdrDynamite.integ_204102000000000.apk Binary XML file line #5
12-04 20:41:29.170  1599  1613 W BroadcastQueue: Background execution not allowed: receiving Intent { act=com.google.android.chimera.MODULE_CONFIGURATION_CHANGED flg=0x10 (has extras) } to com.google.android.gms/.chimera.GmsIntentOperationService$PersistentInternalReceiver
12-04 20:41:33.762  1599  4567 I ActivityManager: Killing 4440:com.android.chrome:webview_service/u0a46 (adj 906): empty #17
12-04 20:41:36.362  1599  4804 W ActivityManager: Background start not allowed: service Intent { cmp=com.google.android.apps.messaging/.shared.datamodel.action.execution.ActionExecutorImpl$EmptyService } to com.google.android.apps.messaging/.shared.datamodel.action.execution.ActionExecutorImpl$EmptyService from pid=3726 uid=10067 pkg=com.google.android.apps.messaging
12-04 20:41:37.315  1599  2132 D CountryDetector: The first listener is added
12-04 20:42:00.859  1599  1625 I ActivityManager: Start proc 4851:com.android.defcontainer/u0a7 for service com.android.defcontainer/.DefaultContainerService
12-04 20:42:05.706  1599  4567 W BroadcastQueue: Background execution not allowed: receiving Intent { act=android.intent.action.PACKAGE_ADDED dat=package:com.ilinkon.net flg=0x4000010 (has extras) } to com.android.vending/com.google.android.finsky.packagemanager.impl.PackageMonitorReceiverImpl$RegisteredReceiver
12-04 20:42:05.707  1599  1613 W BroadcastQueue: Background execution not allowed: receiving Intent { act=android.intent.action.PACKAGE_ADDED dat=package:com.ilinkon.net flg=0x4000010 (has extras) } to com.google.android.gms/.games.chimera.GamesSystemBroadcastReceiverProxy
12-04 20:42:05.709  1599  1613 W BroadcastQueue: Background execution not allowed: receiving Intent { act=android.intent.action.PACKAGE_ADDED dat=package:com.ilinkon.net flg=0x4000010 (has extras) } to com.google.android.gms/.gass.chimera.PackageChangeBroadcastReceiver
12-04 20:42:05.709  1599  1613 W BroadcastQueue: Background execution not allowed: receiving Intent { act=android.intent.action.PACKAGE_ADDED dat=package:com.ilinkon.net flg=0x4000010 (has extras) } to com.google.android.gms/.chimera.GmsIntentOperationService$PersistentTrustedReceiver
12-04 20:42:05.710  1599  1613 W BroadcastQueue: Background execution not allowed: receiving Intent { act=android.intent.action.PACKAGE_ADDED dat=package:com.ilinkon.net flg=0x4000010 (has extras) } to com.google.android.googlequicksearchbox/com.google.android.apps.gsa.googlequicksearchbox.GelStubAppWatcher
12-04 20:42:06.452  1599  1599 I Telecom : DefaultDialerCache: Refreshing default dialer for user 0: now com.google.android.dialer: DDC.oR@AGQ
12-04 20:42:06.678  1599  3200 W ActivityManager: Unable to start service Intent { act=com.google.android.gms.auth.key.retrieval.service.START pkg=com.google.android.gms } U=0: not found
12-04 20:42:06.679  1599  4567 W ActivityManager: Unbind failed: could not find connection for android.os.BinderProxy@730177c
12-04 20:42:07.292  1599  4567 I ActivityManager: START u0 {flg=0x10000000 cmp=com.ilinkon.net/.MainActivity} from uid 2000
12-04 20:42:07.372  1599  3471 I ActivityManager: Start proc 4954:com.ilinkon.net/u0a86 for activity com.ilinkon.net/.MainActivity
12-04 20:42:11.099  1599  3200 I ActivityManager: Killing 4399:com.google.android.partnersetup/u0a18 (adj 906): empty #17
12-04 20:42:22.448  1599  2135 I ActivityManager: Killing 4260:com.google.android.apps.photos/u0a68 (adj 906): empty #17
12-04 20:43:06.290  1599  1616 E BatteryExternalStatsWorker: modem info is invalid: ModemActivityInfo{ mTimestamp=0 mSleepTimeMs=0 mIdleTimeMs=0 mTxTimeMs[]=[0, 0, 0, 0, 0] mRxTimeMs=0 mEnergyUsed=0}
12-04 20:43:33.405  1599  2132 I ActivityManager: Start proc 5026:com.android.chrome:webview_service/u0a46 for service com.android.chrome/org.chromium.android_webview.services.VariationsSeedServer
12-04 20:43:33.474  1599  2132 I ActivityManager: Killing 4283:com.google.android.apps.docs/u0a52 (adj 906): empty #17
12-04 20:43:33.550  1599  1815 I ActivityManager: Killing 4073:com.android.vending:instant_app_installer/u0a24 (adj 906): empty #17
12-04 20:44:05.907  1599  1616 E BatteryExternalStatsWorker: modem info is invalid: ModemActivityInfo{ mTimestamp=0 mSleepTimeMs=0 mIdleTimeMs=0 mTxTimeMs[]=[0, 0, 0, 0, 0] mRxTimeMs=0 mEnergyUsed=0}
12-04 20:45:30.369  1599  1613 I ActivityManager: Killing 4172:com.google.android.gms.ui/u0a12 (adj 906): empty #17
12-04 20:46:14.464  1599  1616 E BatteryExternalStatsWorker: modem info is invalid: ModemActivityInfo{ mTimestamp=0 mSleepTimeMs=0 mIdleTimeMs=0 mTxTimeMs[]=[0, 0, 0, 0, 0] mRxTimeMs=0 mEnergyUsed=0}
12-04 20:47:12.930  1599  3301 W ActivityManager: Slow operation: 77ms so far, now at startProcess: returned from zygote!
12-04 20:47:12.930  1599  3301 W ActivityManager: Slow operation: 77ms so far, now at startProcess: done updating battery stats
12-04 20:47:12.931  1599  3301 W ActivityManager: Slow operation: 77ms so far, now at startProcess: building log message
12-04 20:47:12.931  1599  3301 I ActivityManager: Start proc 5098:com.android.chrome:sandboxed_process0/u0i0 for webview_service com.android.chrome/org.chromium.content.app.SandboxedProcessService0
12-04 20:47:12.931  1599  3301 W ActivityManager: Slow operation: 77ms so far, now at startProcess: starting to update pids map
12-04 20:47:12.931  1599  3301 W ActivityManager: Slow operation: 78ms so far, now at startProcess: done updating pids map
12-04 20:47:12.931  1599  3301 W ActivityManager: Slow operation: 78ms so far, now at startProcess: done starting proc!
12-04 20:47:13.160  1599  3301 I ActivityManager: Killing 5098:com.android.chrome:sandboxed_process0/u0a46i0 (adj 0): isolated not needed
12-04 20:47:13.198  1599  1616 E KernelUidCpuFreqTimeReader: Failed to read /proc/uid_time_in_state: java.io.FileNotFoundException: /proc/uid_time_in_state (No such file or directory)
12-04 20:47:13.198  1599  1616 E KernelCpuSpeedReader: Failed to read cpu-freq: /sys/devices/system/cpu/cpu0/cpufreq/stats/time_in_state (No such file or directory)
12-04 20:47:13.199  1599  1616 D KernelUidCpuTimeReader: Removing uids 99000-99000
12-04 20:47:13.561  1599  3301 I ActivityManager: Start proc 5119:com.android.chrome:sandboxed_process1/u0i1 for webview_service com.android.chrome/org.chromium.content.app.SandboxedProcessService1
12-04 20:47:13.651  1599  3301 I ActivityManager: Killing 5119:com.android.chrome:sandboxed_process1/u0a46i1 (adj 0): isolated not needed
12-04 20:47:13.676  1599  1616 E KernelUidCpuFreqTimeReader: Failed to read /proc/uid_time_in_state: java.io.FileNotFoundException: /proc/uid_time_in_state (No such file or directory)
12-04 20:47:13.676  1599  1616 E KernelCpuSpeedReader: Failed to read cpu-freq: /sys/devices/system/cpu/cpu0/cpufreq/stats/time_in_state (No such file or directory)
12-04 20:47:13.679  1599  1616 D KernelUidCpuTimeReader: Removing uids 99001-99001
12-04 20:47:14.548  1599  2144 I ActivityManager: Start proc 5139:com.android.chrome:sandboxed_process2/u0i2 for webview_service com.android.chrome/org.chromium.content.app.SandboxedProcessService2
12-04 20:47:14.630  1599  2144 I ActivityManager: Killing 5139:com.android.chrome:sandboxed_process2/u0a46i2 (adj 0): isolated not needed
12-04 20:47:14.640  1599  1616 E KernelCpuSpeedReader: Failed to read cpu-freq: /sys/devices/system/cpu/cpu0/cpufreq/stats/time_in_state (No such file or directory)
12-04 20:47:14.640  1599  1616 D KernelUidCpuTimeReader: Removing uids 99002-99002
12-04 20:47:28.722  1599  3301 I ActivityManager: Start proc 5160:com.android.chrome:sandboxed_process3/u0i3 for webview_service com.android.chrome/org.chromium.content.app.SandboxedProcessService3
12-04 20:47:28.807  1599  3301 I ActivityManager: Process com.android.chrome:sandboxed_process3 (pid 5160) has died: cch  CEM 
12-04 20:47:28.808  1599  3301 W ActivityManager: Scheduling restart of crashed service com.android.chrome/org.chromium.content.app.SandboxedProcessService3 in 1000ms
12-04 20:47:28.809  1599  1616 E KernelCpuSpeedReader: Failed to read cpu-freq: /sys/devices/system/cpu/cpu0/cpufreq/stats/time_in_state (No such file or directory)
12-04 20:47:28.810  1599  1616 D KernelUidCpuTimeReader: Removing uids 99003-99003
12-04 20:53:15.602  1599  1675 D ConnectivityService: reportNetworkConnectivity(101, false) by 10012
12-04 20:54:01.725  1599  1675 D ConnectivityService: NetworkAgentInfo [WIFI () - 101] validation failed
12-04 20:54:01.731  1599  1675 D ConnectivityService: Switching to new default network: NetworkAgentInfo{ ni{[type: MOBILE[LTE], state: CONNECTED/CONNECTED, reason: connected, extra: epc.tmobile.com, failover: false, available: true, roaming: false]}  network{100}  nethandle{429513165534}  lp{{InterfaceName: radio0 LinkAddresses: [192.168.200.2/24,]  Routes: [0.0.0.0/0 -> 192.168.200.1 radio0,192.168.200.0/24 -> 0.0.0.0 radio0,] DnsAddresses: [10.0.2.3,] Domains: null MTU: 1500 TcpBufferSizes: 524288,1048576,2097152,262144,524288,1048576}}  nc{[ Transports: CELLULAR Capabilities: MMS&SUPL&DUN&FOTA&IMS&CBS&IA&INTERNET&NOT_RESTRICTED&TRUSTED&NOT_VPN&VALIDATED LinkUpBandwidth>=51200Kbps LinkDnBandwidth>=102400Kbps Specifier: <1>]}  Score{50}  everValidated{true}  lastValidated{true}  created{true} lingering{false} explicitlySelected{false} acceptUnvalidated{false} everCaptivePortalDetected{false} lastCaptivePortalDetected{false} clat{null} }
12-04 20:54:01.773  1599  1675 D ConnectivityService: Sending DISCONNECTED broadcast for type 1 NetworkAgentInfo [WIFI () - 101] isDefaultNetwork=true
12-04 20:54:01.797  1599  1675 D ConnectivityService: Sending CONNECTED broadcast for type 0 NetworkAgentInfo [MOBILE (LTE) - 100] isDefaultNetwork=true
12-04 20:54:01.812  1599  1675 D ConnectivityService: handleNetworkUnvalidated NetworkAgentInfo [WIFI () - 101] cap=[ Transports: WIFI Capabilities: NOT_METERED&INTERNET&NOT_RESTRICTED&TRUSTED&NOT_VPN&FOREGROUND LinkUpBandwidth>=1048576Kbps LinkDnBandwidth>=1048576Kbps SignalStrength: -50]
12-04 20:54:01.828  1599  1668 D NetworkStats: Resolving plan for NetworkTemplate: matchRule=MOBILE_ALL, subscriberId=310260..., matchSubscriberIds=[310260...]
12-04 20:54:01.832  1599  1668 D NetworkStats: Found active matching subId 1
12-04 20:54:01.834  1599  1668 D NetworkStats: Resolved to plan null
12-04 20:54:01.877  1599  1668 D NetworkStats: Resolving plan for NetworkTemplate: matchRule=MOBILE_ALL, subscriberId=310260..., matchSubscriberIds=[310260...]
12-04 20:54:01.877  1599  1668 D NetworkStats: Found active matching subId 1
12-04 20:54:01.884  1599  1668 D NetworkStats: Resolved to plan null
12-04 20:54:18.073  1599  1675 D ConnectivityService: NetworkAgentInfo [WIFI () - 101] validation passed
12-04 20:54:18.075  1599  1675 D ConnectivityService: Switching to new default network: NetworkAgentInfo{ ni{[type: WIFI[], state: CONNECTED/CONNECTED, reason: (unspecified), extra: "AndroidWifi", failover: false, available: true, roaming: false]}  network{101}  nethandle{433808132830}  lp{{InterfaceName: wlan0 LinkAddresses: [fe80::ff:fe44:5566/64,192.168.232.2/21,fec0::ff:fe44:5566/64,fec0::94c1:d74f:670c:cb1d/64,]  Routes: [fe80::/64 -> :: wlan0,::/0 -> fe80::ff:fe00:100 wlan0,fec0::/64 -> :: wlan0,192.168.232.0/21 -> 0.0.0.0 wlan0,0.0.0.0/0 -> 192.168.232.1 wlan0,] DnsAddresses: [10.0.2.3,] Domains: null MTU: 0 TcpBufferSizes: 524288,1048576,2097152,262144,524288,1048576}}  nc{[ Transports: WIFI Capabilities: NOT_METERED&INTERNET&NOT_RESTRICTED&TRUSTED&NOT_VPN&VALIDATED&FOREGROUND LinkUpBandwidth>=1048576Kbps LinkDnBandwidth>=1048576Kbps SignalStrength: -50]}  Score{60}  everValidated{true}  lastValidated{true}  created{true} lingering{false} explicitlySelected{false} acceptUnvalidated{false} everCaptivePortalDetected{false} lastCaptivePortalDetected{false} clat{null} }
12-04 20:54:18.082  1599  1675 D ConnectivityService: Lingering NetworkAgentInfo [MOBILE (LTE) - 100] for 30000ms
12-04 20:54:18.085  1599  1675 D ConnectivityService: Sending DISCONNECTED broadcast for type 0 NetworkAgentInfo [MOBILE (LTE) - 100] isDefaultNetwork=true
12-04 20:54:18.099  1599  1675 D ConnectivityService: Sending CONNECTED broadcast for type 1 NetworkAgentInfo [WIFI () - 101] isDefaultNetwork=true
12-04 20:54:18.114  1599  1668 D NetworkStats: Resolving plan for NetworkTemplate: matchRule=MOBILE_ALL, subscriberId=310260..., matchSubscriberIds=[310260...]
12-04 20:54:18.120  1599  1668 D NetworkStats: Found active matching subId 1
12-04 20:54:18.124  1599  1668 D NetworkStats: Resolved to plan null
12-04 20:54:18.154  1599  1668 D NetworkStats: Resolving plan for NetworkTemplate: matchRule=MOBILE_ALL, subscriberId=310260..., matchSubscriberIds=[310260...]
12-04 20:54:18.160  1599  1668 D NetworkStats: Found active matching subId 1
12-04 20:54:18.163  1599  1668 D NetworkStats: Resolved to plan null
12-04 20:54:18.183  1599  1675 D ConnectivityService: reportNetworkConnectivity(101, false) by 10012
12-04 20:54:18.327  1599  1675 D ConnectivityService: NetworkAgentInfo [WIFI () - 101] validation passed
12-04 20:54:28.827  1599  1616 E BatteryExternalStatsWorker: modem info is invalid: ModemActivityInfo{ mTimestamp=0 mSleepTimeMs=0 mIdleTimeMs=0 mTxTimeMs[]=[0, 0, 0, 0, 0] mRxTimeMs=0 mEnergyUsed=0}
12-04 20:54:48.075  1599  1675 D ConnectivityService: handleLingerComplete for NetworkAgentInfo [MOBILE (LTE) - 100]
12-04 20:54:58.105  1599  1616 E BatteryExternalStatsWorker: modem info is invalid: ModemActivityInfo{ mTimestamp=0 mSleepTimeMs=0 mIdleTimeMs=0 mTxTimeMs[]=[0, 0, 0, 0, 0] mRxTimeMs=0 mEnergyUsed=0}
12-04 20:55:03.259  1599  1675 D ConnectivityService: reportNetworkConnectivity(101, false) by 10012
12-04 20:55:23.293  1599  1675 D ConnectivityService: NetworkAgentInfo [WIFI () - 101] validation failed
12-04 20:55:23.294  1599  1675 D ConnectivityService: Switching to new default network: NetworkAgentInfo{ ni{[type: MOBILE[LTE], state: CONNECTED/CONNECTED, reason: connected, extra: epc.tmobile.com, failover: false, available: true, roaming: false]}  network{100}  nethandle{429513165534}  lp{{InterfaceName: radio0 LinkAddresses: [192.168.200.2/24,]  Routes: [0.0.0.0/0 -> 192.168.200.1 radio0,192.168.200.0/24 -> 0.0.0.0 radio0,] DnsAddresses: [10.0.2.3,] Domains: null MTU: 1500 TcpBufferSizes: 524288,1048576,2097152,262144,524288,1048576}}  nc{[ Transports: CELLULAR Capabilities: MMS&SUPL&DUN&FOTA&IMS&CBS&IA&INTERNET&NOT_RESTRICTED&TRUSTED&NOT_VPN&VALIDATED LinkUpBandwidth>=51200Kbps LinkDnBandwidth>=102400Kbps Specifier: <1>]}  Score{50}  everValidated{true}  lastValidated{true}  created{true} lingering{false} explicitlySelected{false} acceptUnvalidated{false} everCaptivePortalDetected{false} lastCaptivePortalDetected{false} clat{null} }
12-04 20:55:23.310  1599  1675 D ConnectivityService: Sending DISCONNECTED broadcast for type 1 NetworkAgentInfo [WIFI () - 101] isDefaultNetwork=true
12-04 20:55:23.311  1599  1675 D ConnectivityService: Sending CONNECTED broadcast for type 0 NetworkAgentInfo [MOBILE (LTE) - 100] isDefaultNetwork=true
12-04 20:55:23.325  1599  1668 D NetworkStats: Resolving plan for NetworkTemplate: matchRule=MOBILE_ALL, subscriberId=310260..., matchSubscriberIds=[310260...]
12-04 20:55:23.326  1599  1668 D NetworkStats: Found active matching subId 1
12-04 20:55:23.329  1599  1668 D NetworkStats: Resolved to plan null
12-04 20:55:23.335  1599  1675 D ConnectivityService: handleNetworkUnvalidated NetworkAgentInfo [WIFI () - 101] cap=[ Transports: WIFI Capabilities: NOT_METERED&INTERNET&NOT_RESTRICTED&TRUSTED&NOT_VPN&FOREGROUND LinkUpBandwidth>=1048576Kbps LinkDnBandwidth>=1048576Kbps SignalStrength: -50]
12-04 20:55:23.338  1599  1668 D NetworkStats: Resolving plan for NetworkTemplate: matchRule=MOBILE_ALL, subscriberId=310260..., matchSubscriberIds=[310260...]
12-04 20:55:23.338  1599  1668 D NetworkStats: Found active matching subId 1
12-04 20:55:23.340  1599  1668 D NetworkStats: Resolved to plan null
12-04 20:55:53.296  1599  1675 D ConnectivityService: handleLingerComplete for NetworkAgentInfo [WIFI () - 101]
12-04 20:56:09.624  1599  1675 D ConnectivityService: NetworkAgentInfo [WIFI () - 101] validation failed
12-04 20:56:13.570  1599  1675 D ConnectivityService: reportNetworkConnectivity(100, false) by 10012
12-04 20:56:41.675  1599  1675 D ConnectivityService: NetworkAgentInfo [WIFI () - 101] validation failed
12-04 20:57:03.637  1599  1675 D ConnectivityService: NetworkAgentInfo [MOBILE (LTE) - 100] validation failed
12-04 20:57:03.638  1599  1675 D ConnectivityService: Switching to new default network: NetworkAgentInfo{ ni{[type: WIFI[], state: CONNECTED/CONNECTED, reason: (unspecified), extra: "AndroidWifi", failover: false, available: true, roaming: false]}  network{101}  nethandle{433808132830}  lp{{InterfaceName: wlan0 LinkAddresses: [fe80::ff:fe44:5566/64,192.168.232.2/21,fec0::ff:fe44:5566/64,fec0::94c1:d74f:670c:cb1d/64,]  Routes: [fe80::/64 -> :: wlan0,::/0 -> fe80::ff:fe00:100 wlan0,fec0::/64 -> :: wlan0,192.168.232.0/21 -> 0.0.0.0 wlan0,0.0.0.0/0 -> 192.168.232.1 wlan0,] DnsAddresses: [10.0.2.3,] Domains: null MTU: 0 TcpBufferSizes: 524288,1048576,2097152,262144,524288,1048576}}  nc{[ Transports: WIFI Capabilities: NOT_METERED&INTERNET&NOT_RESTRICTED&TRUSTED&NOT_VPN&FOREGROUND LinkUpBandwidth>=1048576Kbps LinkDnBandwidth>=1048576Kbps SignalStrength: -50]}  Score{20}  everValidated{true}  lastValidated{false}  created{true} lingering{false} explicitlySelected{false} acceptUnvalidated{false} everCaptivePortalDetected{false} lastCaptivePortalDetected{false} clat{null} }
12-04 20:57:03.644  1599  1675 D ConnectivityService: Sending DISCONNECTED broadcast for type 0 NetworkAgentInfo [MOBILE (LTE) - 100] isDefaultNetwork=true
12-04 20:57:03.645  1599  1675 D ConnectivityService: Sending CONNECTED broadcast for type 1 NetworkAgentInfo [WIFI () - 101] isDefaultNetwork=true
12-04 20:57:03.667  1599  1675 D ConnectivityService: handleNetworkUnvalidated NetworkAgentInfo [MOBILE (LTE) - 100] cap=[ Transports: CELLULAR Capabilities: MMS&SUPL&DUN&FOTA&IMS&CBS&IA&INTERNET&NOT_RESTRICTED&TRUSTED&NOT_VPN&FOREGROUND LinkUpBandwidth>=51200Kbps LinkDnBandwidth>=102400Kbps Specifier: <1>]
12-04 20:57:03.673  1599  1668 D NetworkStats: Resolving plan for NetworkTemplate: matchRule=MOBILE_ALL, subscriberId=310260..., matchSubscriberIds=[310260...]
12-04 20:57:03.674  1599  1668 D NetworkStats: Found active matching subId 1
12-04 20:57:03.679  1599  1668 D NetworkStats: Resolved to plan null
12-04 20:57:03.685  1599  1668 D NetworkStats: Resolving plan for NetworkTemplate: matchRule=MOBILE_ALL, subscriberId=310260..., matchSubscriberIds=[310260...]
12-04 20:57:03.686  1599  1668 D NetworkStats: Found active matching subId 1
12-04 20:57:03.688  1599  1668 D NetworkStats: Resolved to plan null
12-04 20:57:28.747  1599  1675 D ConnectivityService: NetworkAgentInfo [WIFI () - 101] validation failed
12-04 20:57:33.638  1599  1675 D ConnectivityService: handleLingerComplete for NetworkAgentInfo [MOBILE (LTE) - 100]
12-04 20:57:47.692  1599  1675 D ConnectivityService: NetworkAgentInfo [MOBILE (LTE) - 100] validation failed
12-04 20:58:09.621  1599  1675 D ConnectivityService: NetworkAgentInfo [WIFI () - 101] validation failed
12-04 20:58:32.756  1599  1675 D ConnectivityService: NetworkAgentInfo [MOBILE (LTE) - 100] validation failed
12-04 20:58:49.896  1599  1612 I UsageStatsService: User[0] Flushing usage stats to disk
12-04 20:59:00.837  1599  1675 D ConnectivityService: NetworkAgentInfo [WIFI () - 101] validation failed
12-04 20:59:06.797  1599  1675 D ConnectivityService: NetworkAgentInfo [MOBILE (LTE) - 100] validation failed
12-04 20:59:38.725  1599  1675 D ConnectivityService: NetworkAgentInfo [MOBILE (LTE) - 100] validation failed
12-04 20:59:50.788  1599  1616 E BatteryExternalStatsWorker: modem info is invalid: ModemActivityInfo{ mTimestamp=0 mSleepTimeMs=0 mIdleTimeMs=0 mTxTimeMs[]=[0, 0, 0, 0, 0] mRxTimeMs=0 mEnergyUsed=0}
12-04 21:00:15.928  1599  1675 D ConnectivityService: NetworkAgentInfo [WIFI () - 101] validation failed
12-04 21:00:17.727  1599  1599 I ActivityManager: Start proc 5366:com.android.vending:instant_app_installer/u0a24 for service com.android.vending/com.google.android.finsky.instantapps.metrics.LogFlushJob
12-04 21:00:35.531  1599  1675 D ConnectivityService: NetworkAgentInfo [MOBILE (LTE) - 100] validation failed
12-04 21:00:45.549  1599  1616 E BatteryExternalStatsWorker: modem info is invalid: ModemActivityInfo{ mTimestamp=0 mSleepTimeMs=0 mIdleTimeMs=0 mTxTimeMs[]=[0, 0, 0, 0, 0] mRxTimeMs=0 mEnergyUsed=0}
12-04 21:01:50.623  1599  1675 D ConnectivityService: NetworkAgentInfo [MOBILE (LTE) - 100] validation failed
12-04 21:01:55.627  1599  1616 E BatteryExternalStatsWorker: modem info is invalid: ModemActivityInfo{ mTimestamp=0 mSleepTimeMs=0 mIdleTimeMs=0 mTxTimeMs[]=[0, 0, 0, 0, 0] mRxTimeMs=0 mEnergyUsed=0}
12-04 21:01:59.994  1599  1675 D ConnectivityService: NetworkAgentInfo [WIFI () - 101] validation failed
12-04 21:02:26.304  1599  1616 E BatteryExternalStatsWorker: modem info is invalid: ModemActivityInfo{ mTimestamp=0 mSleepTimeMs=0 mIdleTimeMs=0 mTxTimeMs[]=[0, 0, 0, 0, 0] mRxTimeMs=0 mEnergyUsed=0}
12-04 21:02:42.428  1599  1616 E BatteryExternalStatsWorker: modem info is invalid: ModemActivityInfo{ mTimestamp=0 mSleepTimeMs=0 mIdleTimeMs=0 mTxTimeMs[]=[0, 0, 0, 0, 0] mRxTimeMs=0 mEnergyUsed=0}
12-04 21:03:37.734  1599  1675 D ConnectivityService: NetworkAgentInfo [MOBILE (LTE) - 100] validation failed
12-04 21:03:42.751  1599  1616 E BatteryExternalStatsWorker: modem info is invalid: ModemActivityInfo{ mTimestamp=0 mSleepTimeMs=0 mIdleTimeMs=0 mTxTimeMs[]=[0, 0, 0, 0, 0] mRxTimeMs=0 mEnergyUsed=0}
12-04 21:04:54.923  1599  1675 D ConnectivityService: NetworkAgentInfo [WIFI () - 101] validation failed
12-04 21:04:55.345  1599  1616 E BatteryExternalStatsWorker: modem info is invalid: ModemActivityInfo{ mTimestamp=0 mSleepTimeMs=0 mIdleTimeMs=0 mTxTimeMs[]=[0, 0, 0, 0, 0] mRxTimeMs=0 mEnergyUsed=0}
12-04 21:06:28.876  1599  1675 D ConnectivityService: NetworkAgentInfo [MOBILE (LTE) - 100] validation failed
12-04 21:06:33.889  1599  1616 E BatteryExternalStatsWorker: modem info is invalid: ModemActivityInfo{ mTimestamp=0 mSleepTimeMs=0 mIdleTimeMs=0 mTxTimeMs[]=[0, 0, 0, 0, 0] mRxTimeMs=0 mEnergyUsed=0}
12-04 21:08:40.935  1599  1616 E KernelCpuSpeedReader: Failed to read cpu-freq: /sys/devices/system/cpu/cpu0/cpufreq/stats/time_in_state (No such file or directory)
12-04 21:08:40.941  1599  1616 E BatteryExternalStatsWorker: modem info is invalid: ModemActivityInfo{ mTimestamp=0 mSleepTimeMs=0 mIdleTimeMs=0 mTxTimeMs[]=[0, 0, 0, 0, 0] mRxTimeMs=0 mEnergyUsed=0}
12-04 21:08:50.908  1599  1668 D NetworkStats: Resolving plan for NetworkTemplate: matchRule=MOBILE_ALL, subscriberId=310260..., matchSubscriberIds=[310260...]
12-04 21:08:50.909  1599  1668 D NetworkStats: Found active matching subId 1
12-04 21:08:50.913  1599  1668 D NetworkStats: Resolved to plan null
12-04 21:08:50.927  1599  1612 I ProcessStatsService: Pruning old procstats: /data/system/procstats/state-2020-11-27-05-50-00.bin
12-04 21:09:32.854  1599  1675 D ConnectivityService: NetworkAgentInfo [WIFI () - 101] validation passed
12-04 21:09:38.033  1599  1616 E BatteryExternalStatsWorker: modem info is invalid: ModemActivityInfo{ mTimestamp=0 mSleepTimeMs=0 mIdleTimeMs=0 mTxTimeMs[]=[0, 0, 0, 0, 0] mRxTimeMs=0 mEnergyUsed=0}
12-04 21:09:53.608  1599  1613 W BroadcastQueue: Background execution not allowed: receiving Intent { act=android.intent.action.DROPBOX_ENTRY_ADDED flg=0x10 (has extras) } to com.google.android.gms/.stats.service.DropBoxEntryAddedReceiver
12-04 21:09:53.608  1599  1613 W BroadcastQueue: Background execution not allowed: receiving Intent { act=android.intent.action.DROPBOX_ENTRY_ADDED flg=0x10 (has extras) } to com.google.android.gms/.chimera.GmsIntentOperationService$PersistentTrustedReceiver
12-04 21:11:00.003  1599  1599 I ActivityManager: Killing 4585:com.google.android.apps.wallpaper/u0a31 (adj 906): empty for 1808s
12-04 21:11:13.130  1599  1675 D ConnectivityService: NetworkAgentInfo [MOBILE (LTE) - 100] validation passed
12-04 21:11:28.226  1599  1616 E BatteryExternalStatsWorker: modem info is invalid: ModemActivityInfo{ mTimestamp=0 mSleepTimeMs=0 mIdleTimeMs=0 mTxTimeMs[]=[0, 0, 0, 0, 0] mRxTimeMs=0 mEnergyUsed=0}
12-04 21:11:30.869  1599  1844 I ActivityManager: Killing 4726:com.google.android.videos/u0a74 (adj 902): empty for 1814s
12-04 21:11:30.870  1599  1844 I ActivityManager: Killing 2384:com.google.process.gapps/u0a12 (adj 904): empty for 1815s
12-04 21:11:30.871  1599  1844 I ActivityManager: Killing 3873:com.google.android.calendar/u0a44 (adj 904): empty for 1824s
12-04 21:11:30.872  1599  1844 I ActivityManager: Killing 3807:com.google.android.apps.messaging:rcs/u0a67 (adj 904): empty for 1828s
12-04 21:11:30.872  1599  1844 I ActivityManager: Killing 3726:com.google.android.apps.messaging/u0a67 (adj 904): empty for 1828s
12-04 21:11:30.873  1599  1844 I ActivityManager: Killing 3968:com.google.android.apps.maps/u0a62 (adj 904): empty for 1830s
12-04 21:12:21.897  1599  1675 D ConnectivityService: reportNetworkConnectivity(101, false) by 10012
12-04 21:13:11.963  1599  1675 D ConnectivityService: NetworkAgentInfo [WIFI () - 101] validation failed
12-04 21:13:11.964  1599  1675 D ConnectivityService: Switching to new default network: NetworkAgentInfo{ ni{[type: MOBILE[LTE], state: CONNECTED/CONNECTED, reason: connected, extra: epc.tmobile.com, failover: false, available: true, roaming: false]}  network{100}  nethandle{429513165534}  lp{{InterfaceName: radio0 LinkAddresses: [192.168.200.2/24,]  Routes: [0.0.0.0/0 -> 192.168.200.1 radio0,192.168.200.0/24 -> 0.0.0.0 radio0,] DnsAddresses: [10.0.2.3,] Domains: null MTU: 1500 TcpBufferSizes: 524288,1048576,2097152,262144,524288,1048576}}  nc{[ Transports: CELLULAR Capabilities: MMS&SUPL&DUN&FOTA&IMS&CBS&IA&INTERNET&NOT_RESTRICTED&TRUSTED&NOT_VPN&VALIDATED LinkUpBandwidth>=51200Kbps LinkDnBandwidth>=102400Kbps Specifier: <1>]}  Score{50}  everValidated{true}  lastValidated{true}  created{true} lingering{false} explicitlySelected{false} acceptUnvalidated{false} everCaptivePortalDetected{false} lastCaptivePortalDetected{false} clat{null} }
12-04 21:13:11.982  1599  1675 D ConnectivityService: Sending DISCONNECTED broadcast for type 1 NetworkAgentInfo [WIFI () - 101] isDefaultNetwork=true
