12-04 22:41:46.088  8652  8652 E AndroidRuntime: 	at android.view.ThreadedRenderer.updateViewTreeDisplayList(ThreadedRenderer.java:669)
12-04 22:41:46.088  8652  8652 E AndroidRuntime: 	at android.view.ThreadedRenderer.updateRootDisplayList(ThreadedRenderer.java:675)
12-04 22:41:46.088  8652  8652 E AndroidRuntime: 	at android.view.ThreadedRenderer.draw(ThreadedRenderer.java:783)
12-04 22:41:46.088  8652  8652 E AndroidRuntime: 	at android.view.ViewRootImpl.draw(ViewRootImpl.java:2992)
12-04 22:41:46.088  8652  8652 E AndroidRuntime: 	at android.view.ViewRootImpl.performDraw(ViewRootImpl.java:2806)
12-04 22:41:46.088  8652  8652 E AndroidRuntime: 	at android.view.ViewRootImpl.performTraversals(ViewRootImpl.java:2359)
12-04 22:41:46.088  8652  8652 E AndroidRuntime: 	at android.view.ViewRootImpl.doTraversal(ViewRootImpl.java:1392)
12-04 22:41:46.088  8652  8652 E AndroidRuntime: 	at android.view.ViewRootImpl$TraversalRunnable.run(ViewRootImpl.java:6752)
12-04 22:41:46.088  8652  8652 E AndroidRuntime: 	at android.view.Choreographer$CallbackRecord.run(Choreographer.java:911)
12-04 22:41:46.088  8652  8652 E AndroidRuntime: 	at android.view.Choreographer.doCallbacks(Choreographer.java:723)
12-04 22:41:46.088  8652  8652 E AndroidRuntime: 	at android.view.Choreographer.doFrame(Choreographer.java:658)
12-04 22:41:46.088  8652  8652 E AndroidRuntime: 	at android.view.Choreographer$FrameDisplayEventReceiver.run(Choreographer.java:897)
12-04 22:41:46.088  8652  8652 E AndroidRuntime: 	at android.os.Handler.handleCallback(Handler.java:790)
12-04 22:41:46.088  8652  8652 E AndroidRuntime: 	at android.os.Handler.dispatchMessage(Handler.java:99)
12-04 22:41:46.088  8652  8652 E AndroidRuntime: 	at android.os.Looper.loop(Looper.java:164)
12-04 22:41:46.088  8652  8652 E AndroidRuntime: 	at android.app.ActivityThread.main(ActivityThread.java:6494)
12-04 22:41:46.088  8652  8652 E AndroidRuntime: 	at java.lang.reflect.Method.invoke(Native Method)
12-04 22:41:46.088  8652  8652 E AndroidRuntime: 	at com.android.internal.os.RuntimeInit$MethodAndArgsCaller.run(RuntimeInit.java:438)
12-04 22:41:46.088  8652  8652 E AndroidRuntime: 	at com.android.internal.os.ZygoteInit.main(ZygoteInit.java:807)
12-04 22:41:46.092  1599  3301 W ActivityManager:   Force finishing activity com.ilinkon.net/.MainActivity
12-04 22:41:46.110  1599  1614 I ActivityManager: Showing crash dialog for package com.ilinkon.net u0
12-04 22:41:46.140  1599  1613 W BroadcastQueue: Background execution not allowed: receiving Intent { act=android.intent.action.DROPBOX_ENTRY_ADDED flg=0x10 (has extras) } to com.google.android.gms/.stats.service.DropBoxEntryAddedReceiver
12-04 22:41:46.142  1599  1613 W BroadcastQueue: Background execution not allowed: receiving Intent { act=android.intent.action.DROPBOX_ENTRY_ADDED flg=0x10 (has extras) } to com.google.android.gms/.chimera.GmsIntentOperationService$PersistentTrustedReceiver
12-04 22:41:46.241  1599  1614 W Looper  : Dispatch took 132ms on android.ui, h=Handler (com.android.server.am.ActivityManagerService$UiHandler) {f6c8156} cb=null msg=1
12-04 22:41:46.596  1599  1613 W ActivityManager: Activity pause timeout for ActivityRecord{bcbec49 u0 com.ilinkon.net/.MainActivity t128 f}
12-04 22:41:46.614  1599  1613 I WindowManager: Failed to capture screenshot of Token{148094e ActivityRecord{bcbec49 u0 com.ilinkon.net/.MainActivity t128 f}} appWin=Window{cf82662 u0 com.ilinkon.net/com.ilinkon.net.MainActivity} drawState=1
12-04 22:41:47.192  1599  1614 W Looper  : Dispatch took 866ms on android.ui, h=Handler (android.view.Choreographer$FrameHandler) {7db20fd} cb=android.view.Choreographer$FrameDisplayEventReceiver@d0851f2 msg=0
12-04 22:41:57.012  1599  1613 W ActivityManager: Activity destroy timeout for ActivityRecord{bcbec49 u0 com.ilinkon.net/.MainActivity t128 f}
12-04 22:42:04.052  1599  1599 I ActivityManager: Start proc 8704:com.google.android.partnersetup/u0a18 for service com.google.android.partnersetup/.InstalledAppJobService
12-04 22:42:28.686  1599  3301 I ActivityManager: Killing 8652:com.ilinkon.net/u0a89 (adj 900): crash
12-04 22:42:28.817  1599  3301 W InputMethodManagerService: Got RemoteException sending setActive(false) notification to pid 8652 uid 10089
12-04 22:42:28.823  1599  1614 W Looper  : Dispatch took 137ms on android.ui, h=Handler (com.android.server.am.AppErrorDialog$1) {74d26f6} cb=null msg=3
12-04 22:42:28.827  1599  1620 W ActivityManager: setHasOverlayUi called on unknown pid: 8652
12-04 22:42:29.006  1599  1646 W AppOps  : Finishing op nesting under-run: uid 1000 pkg android code 24 time=0 duration=0 nesting=0
12-04 22:45:35.518  1599  1864 I ActivityManager: Killing 3633:com.google.android.gms.unstable/u0a12 (adj 906): empty for 1826s
12-04 22:46:54.978  1599  1612 I UsageStatsService: User[0] Flushing usage stats to disk
12-04 22:47:33.358  1599  1616 E BatteryExternalStatsWorker: modem info is invalid: ModemActivityInfo{ mTimestamp=0 mSleepTimeMs=0 mIdleTimeMs=0 mTxTimeMs[]=[0, 0, 0, 0, 0] mRxTimeMs=0 mEnergyUsed=0}
12-04 22:52:06.666  1599  1616 E BatteryExternalStatsWorker: modem info is invalid: ModemActivityInfo{ mTimestamp=0 mSleepTimeMs=0 mIdleTimeMs=0 mTxTimeMs[]=[0, 0, 0, 0, 0] mRxTimeMs=0 mEnergyUsed=0}
12-04 22:55:50.824  1599  1616 E BatteryExternalStatsWorker: modem info is invalid: ModemActivityInfo{ mTimestamp=0 mSleepTimeMs=0 mIdleTimeMs=0 mTxTimeMs[]=[0, 0, 0, 0, 0] mRxTimeMs=0 mEnergyUsed=0}
12-04 23:04:59.756  1599  1616 E BatteryExternalStatsWorker: modem info is invalid: ModemActivityInfo{ mTimestamp=0 mSleepTimeMs=0 mIdleTimeMs=0 mTxTimeMs[]=[0, 0, 0, 0, 0] mRxTimeMs=0 mEnergyUsed=0}
12-04 23:09:03.471  1599  1612 I UsageStatsService: User[0] Flushing usage stats to disk
12-04 23:09:40.279  1599  2135 I ActivityManager: Killing 8347:com.google.android.apps.docs/u0a52 (adj 904): empty for 1803s
12-04 23:09:40.281  1599  2135 I ActivityManager: Killing 8330:android.process.media/u0a11 (adj 904): empty for 1803s
12-04 23:09:40.283  1599  2135 I ActivityManager: Killing 8309:com.android.documentsui/u0a14 (adj 904): empty for 1804s
12-04 23:09:40.283  1599  2135 I ActivityManager: Killing 7357:com.android.keychain/1000 (adj 906): empty for 1806s
12-04 23:10:35.136  1599  1616 E KernelCpuSpeedReader: Failed to read cpu-freq: /sys/devices/system/cpu/cpu0/cpufreq/stats/time_in_state (No such file or directory)
12-04 23:10:35.142  1599  1616 E BatteryExternalStatsWorker: modem info is invalid: ModemActivityInfo{ mTimestamp=0 mSleepTimeMs=0 mIdleTimeMs=0 mTxTimeMs[]=[0, 0, 0, 0, 0] mRxTimeMs=0 mEnergyUsed=0}
12-04 23:10:45.132  1599  1668 D NetworkStats: Resolving plan for NetworkTemplate: matchRule=MOBILE_ALL, subscriberId=310260..., matchSubscriberIds=[310260...]
12-04 23:10:45.135  1599  1668 D NetworkStats: Found active matching subId 1
12-04 23:10:45.148  1599  1668 D NetworkStats: Resolved to plan null
12-04 23:10:50.765  1599  1616 E BatteryExternalStatsWorker: modem info is invalid: ModemActivityInfo{ mTimestamp=0 mSleepTimeMs=0 mIdleTimeMs=0 mTxTimeMs[]=[0, 0, 0, 0, 0] mRxTimeMs=0 mEnergyUsed=0}
12-04 23:13:01.753  1599  1613 W BroadcastQueue: Background execution not allowed: receiving Intent { act=android.intent.action.DROPBOX_ENTRY_ADDED flg=0x10 (has extras) } to com.google.android.gms/.stats.service.DropBoxEntryAddedReceiver
12-04 23:13:01.753  1599  1613 W BroadcastQueue: Background execution not allowed: receiving Intent { act=android.intent.action.DROPBOX_ENTRY_ADDED flg=0x10 (has extras) } to com.google.android.gms/.chimera.GmsIntentOperationService$PersistentTrustedReceiver
12-04 23:15:29.498  1599  1616 E BatteryExternalStatsWorker: modem info is invalid: ModemActivityInfo{ mTimestamp=0 mSleepTimeMs=0 mIdleTimeMs=0 mTxTimeMs[]=[0, 0, 0, 0, 0] mRxTimeMs=0 mEnergyUsed=0}
12-04 23:17:58.251  1599  3471 I ActivityManager: Start proc 8913:com.google.android.gms.unstable/u0a12 for service com.google.android.gms/.droidguard.DroidGuardService
12-04 23:18:42.074  1599  3698 I ActivityManager: Killing 8406:com.android.cellbroadcastreceiver/u0a6 (adj 906): empty for 2337s
12-04 23:21:56.000  1599  1616 E BatteryExternalStatsWorker: modem info is invalid: ModemActivityInfo{ mTimestamp=0 mSleepTimeMs=0 mIdleTimeMs=0 mTxTimeMs[]=[0, 0, 0, 0, 0] mRxTimeMs=0 mEnergyUsed=0}
12-04 23:30:00.022  1599  1599 D ConditionProviders.SCP: onReceive ScheduleConditionProvider.EVALUATE
12-04 23:30:00.030  1599  1599 D ConditionProviders.SCP: notifyCondition condition://android/schedule?days=6.7&start=23.30&end=10.0&exitAtAlarm=false STATE_TRUE reason=meetsSchedule
12-04 23:30:00.030  1599  1599 D ConditionProviders.SCP: notifyCondition condition://android/schedule?days=1.2.3.4.5&start=22.0&end=7.0&exitAtAlarm=false STATE_FALSE reason=!meetsSchedule
12-04 23:30:00.031  1599  1599 D ConditionProviders.SCP: Scheduling evaluate for Sat Dec 05 07:00:00 GMT+01:00 2020 (1607148000000), in +7h29m59s978ms, now=Fri Dec 04 23:30:00 GMT+01:00 2020 (1607121000022)
12-04 23:31:35.025  1599  1616 E BatteryExternalStatsWorker: modem info is invalid: ModemActivityInfo{ mTimestamp=0 mSleepTimeMs=0 mIdleTimeMs=0 mTxTimeMs[]=[0, 0, 0, 0, 0] mRxTimeMs=0 mEnergyUsed=0}
12-04 23:33:01.773  1599  1612 I UsageStatsService: User[0] Flushing usage stats to disk
12-04 23:40:35.108  1599  1616 E KernelCpuSpeedReader: Failed to read cpu-freq: /sys/devices/system/cpu/cpu0/cpufreq/stats/time_in_state (No such file or directory)
12-04 23:40:35.113  1599  1616 E BatteryExternalStatsWorker: modem info is invalid: ModemActivityInfo{ mTimestamp=0 mSleepTimeMs=0 mIdleTimeMs=0 mTxTimeMs[]=[0, 0, 0, 0, 0] mRxTimeMs=0 mEnergyUsed=0}
12-04 23:40:43.655  1599  1599 I EntropyMixer: Added HW RNG output to entropy pool
12-04 23:40:43.655  1599  1599 I EntropyMixer: Writing entropy...
12-04 23:40:45.087  1599  1668 D NetworkStats: Resolving plan for NetworkTemplate: matchRule=MOBILE_ALL, subscriberId=310260..., matchSubscriberIds=[310260...]
12-04 23:40:45.088  1599  1668 D NetworkStats: Found active matching subId 1
12-04 23:40:45.091  1599  1668 D NetworkStats: Resolved to plan null
12-04 23:41:02.334  1599  1616 E BatteryExternalStatsWorker: modem info is invalid: ModemActivityInfo{ mTimestamp=0 mSleepTimeMs=0 mIdleTimeMs=0 mTxTimeMs[]=[0, 0, 0, 0, 0] mRxTimeMs=0 mEnergyUsed=0}
12-04 23:42:00.039  1599  1612 I ProcessStatsService: Pruning old procstats: /data/system/procstats/state-2020-11-27-18-53-13.bin
12-04 23:42:07.789  1599  1613 W BroadcastQueue: Background execution not allowed: receiving Intent { act=android.intent.action.DROPBOX_ENTRY_ADDED flg=0x10 (has extras) } to com.google.android.gms/.stats.service.DropBoxEntryAddedReceiver
12-04 23:42:07.789  1599  1613 W BroadcastQueue: Background execution not allowed: receiving Intent { act=android.intent.action.DROPBOX_ENTRY_ADDED flg=0x10 (has extras) } to com.google.android.gms/.chimera.GmsIntentOperationService$PersistentTrustedReceiver
12-04 23:44:59.318  1599  1616 E BatteryExternalStatsWorker: modem info is invalid: ModemActivityInfo{ mTimestamp=0 mSleepTimeMs=0 mIdleTimeMs=0 mTxTimeMs[]=[0, 0, 0, 0, 0] mRxTimeMs=0 mEnergyUsed=0}
12-04 23:49:21.038  1599  3471 I ActivityManager: START u0 {act=android.intent.action.MAIN cat=[android.intent.category.LAUNCHER] flg=0x10200000 cmp=com.ilinkon.net/.MainActivity bnds=[35,1345][237,1607]} from uid 10022
12-04 23:49:21.154  1599  3471 W ActivityManager: Slow operation: 59ms so far, now at startProcess: returned from zygote!
12-04 23:49:21.154  1599  3471 W ActivityManager: Slow operation: 59ms so far, now at startProcess: done updating battery stats
12-04 23:49:21.155  1599  3471 W ActivityManager: Slow operation: 60ms so far, now at startProcess: building log message
12-04 23:49:21.155  1599  3471 I ActivityManager: Start proc 9115:com.ilinkon.net/u0a89 for activity com.ilinkon.net/.MainActivity
12-04 23:49:21.155  1599  3471 W ActivityManager: Slow operation: 60ms so far, now at startProcess: starting to update pids map
12-04 23:49:21.156  1599  3471 W ActivityManager: Slow operation: 60ms so far, now at startProcess: done updating pids map
12-04 23:49:21.157  1599  3471 W ActivityManager: Slow operation: 61ms so far, now at startProcess: done starting proc!
12-04 23:49:21.291  1599  3471 I ActivityManager: START u0 {act=android.intent.action.MAIN cat=[android.intent.category.LAUNCHER] flg=0x10200000 cmp=com.ilinkon.net/.MainActivity bnds=[35,1345][237,1607]} from uid 10022
12-04 23:49:23.693  9115  9115 E AndroidRuntime: FATAL EXCEPTION: main
12-04 23:49:23.693  9115  9115 E AndroidRuntime: Process: com.ilinkon.net, PID: 9115
12-04 23:49:23.693  9115  9115 E AndroidRuntime: java.lang.RuntimeException: Canvas: trying to draw too large(134295000bytes) bitmap.
12-04 23:49:23.693  9115  9115 E AndroidRuntime: 	at android.view.DisplayListCanvas.throwIfCannotDraw(DisplayListCanvas.java:229)
12-04 23:49:23.693  9115  9115 E AndroidRuntime: 	at android.view.RecordingCanvas.drawBitmap(RecordingCanvas.java:97)
12-04 23:49:23.693  9115  9115 E AndroidRuntime: 	at android.graphics.drawable.BitmapDrawable.draw(BitmapDrawable.java:529)
12-04 23:49:23.693  9115  9115 E AndroidRuntime: 	at android.widget.ImageView.onDraw(ImageView.java:1367)
12-04 23:49:23.693  9115  9115 E AndroidRuntime: 	at android.view.View.draw(View.java:19192)
12-04 23:49:23.693  9115  9115 E AndroidRuntime: 	at android.view.View.updateDisplayListIfDirty(View.java:18142)
12-04 23:49:23.693  9115  9115 E AndroidRuntime: 	at android.view.View.draw(View.java:18920)
12-04 23:49:23.693  9115  9115 E AndroidRuntime: 	at android.view.ViewGroup.drawChild(ViewGroup.java:4236)
12-04 23:49:23.693  9115  9115 E AndroidRuntime: 	at android.view.ViewGroup.dispatchDraw(ViewGroup.java:4022)
12-04 23:49:23.693  9115  9115 E AndroidRuntime: 	at android.view.View.draw(View.java:19195)
12-04 23:49:23.693  9115  9115 E AndroidRuntime: 	at android.view.View.updateDisplayListIfDirty(View.java:18142)
12-04 23:49:23.693  9115  9115 E AndroidRuntime: 	at android.view.View.draw(View.java:18920)
12-04 23:49:23.693  9115  9115 E AndroidRuntime: 	at android.view.ViewGroup.drawChild(ViewGroup.java:4236)
12-04 23:49:23.693  9115  9115 E AndroidRuntime: 	at android.view.ViewGroup.dispatchDraw(ViewGroup.java:4022)
12-04 23:49:23.693  9115  9115 E AndroidRuntime: 	at android.view.View.updateDisplayListIfDirty(View.java:18133)
12-04 23:49:23.693  9115  9115 E AndroidRuntime: 	at android.view.View.draw(View.java:18920)
12-04 23:49:23.693  9115  9115 E AndroidRuntime: 	at android.view.ViewGroup.drawChild(ViewGroup.java:4236)
12-04 23:49:23.693  9115  9115 E AndroidRuntime: 	at android.view.ViewGroup.dispatchDraw(ViewGroup.java:4022)
12-04 23:49:23.693  9115  9115 E AndroidRuntime: 	at android.view.View.updateDisplayListIfDirty(View.java:18133)
12-04 23:49:23.693  9115  9115 E AndroidRuntime: 	at android.view.View.draw(View.java:18920)
12-04 23:49:23.693  9115  9115 E AndroidRuntime: 	at android.view.ViewGroup.drawChild(ViewGroup.java:4236)
12-04 23:49:23.693  9115  9115 E AndroidRuntime: 	at android.view.ViewGroup.dispatchDraw(ViewGroup.java:4022)
12-04 23:49:23.693  9115  9115 E AndroidRuntime: 	at android.view.View.updateDisplayListIfDirty(View.java:18133)
12-04 23:49:23.693  9115  9115 E AndroidRuntime: 	at android.view.View.draw(View.java:18920)
12-04 23:49:23.693  9115  9115 E AndroidRuntime: 	at android.view.ViewGroup.drawChild(ViewGroup.java:4236)
12-04 23:49:23.693  9115  9115 E AndroidRuntime: 	at android.view.ViewGroup.dispatchDraw(ViewGroup.java:4022)
12-04 23:49:23.693  9115  9115 E AndroidRuntime: 	at android.view.View.updateDisplayListIfDirty(View.java:18133)
12-04 23:49:23.693  9115  9115 E AndroidRuntime: 	at android.view.View.draw(View.java:18920)
12-04 23:49:23.693  9115  9115 E AndroidRuntime: 	at android.view.ViewGroup.drawChild(ViewGroup.java:4236)
12-04 23:49:23.693  9115  9115 E AndroidRuntime: 	at android.view.ViewGroup.dispatchDraw(ViewGroup.java:4022)
12-04 23:49:23.693  9115  9115 E AndroidRuntime: 	at android.view.View.draw(View.java:19195)
12-04 23:49:23.693  9115  9115 E AndroidRuntime: 	at com.android.internal.policy.DecorView.draw(DecorView.java:788)
12-04 23:49:23.693  9115  9115 E AndroidRuntime: 	at android.view.View.updateDisplayListIfDirty(View.java:18142)
12-04 23:49:23.693  9115  9115 E AndroidRuntime: 	at android.view.ThreadedRenderer.updateViewTreeDisplayList(ThreadedRenderer.java:669)
12-04 23:49:23.693  9115  9115 E AndroidRuntime: 	at android.view.ThreadedRenderer.updateRootDisplayList(ThreadedRenderer.java:675)
12-04 23:49:23.693  9115  9115 E AndroidRuntime: 	at android.view.ThreadedRenderer.draw(ThreadedRenderer.java:783)
12-04 23:49:23.693  9115  9115 E AndroidRuntime: 	at android.view.ViewRootImpl.draw(ViewRootImpl.java:2992)
12-04 23:49:23.693  9115  9115 E AndroidRuntime: 	at android.view.ViewRootImpl.performDraw(ViewRootImpl.java:2806)
12-04 23:49:23.693  9115  9115 E AndroidRuntime: 	at android.view.ViewRootImpl.performTraversals(ViewRootImpl.java:2359)
12-04 23:49:23.693  9115  9115 E AndroidRuntime: 	at android.view.ViewRootImpl.doTraversal(ViewRootImpl.java:1392)
12-04 23:49:23.693  9115  9115 E AndroidRuntime: 	at android.view.ViewRootImpl$TraversalRunnable.run(ViewRootImpl.java:6752)
12-04 23:49:23.693  9115  9115 E AndroidRuntime: 	at android.view.Choreographer$CallbackRecord.run(Choreographer.java:911)
12-04 23:49:23.693  9115  9115 E AndroidRuntime: 	at android.view.Choreographer.doCallbacks(Choreographer.java:723)
12-04 23:49:23.693  9115  9115 E AndroidRuntime: 	at android.view.Choreographer.doFrame(Choreographer.java:658)
12-04 23:49:23.693  9115  9115 E AndroidRuntime: 	at android.view.Choreographer$FrameDisplayEventReceiver.run(Choreographer.java:897)
12-04 23:49:23.693  9115  9115 E AndroidRuntime: 	at android.os.Handler.handleCallback(Handler.java:790)
12-04 23:49:23.693  9115  9115 E AndroidRuntime: 	at android.os.Handler.dispatchMessage(Handler.java:99)
12-04 23:49:23.693  9115  9115 E AndroidRuntime: 	at android.os.Looper.loop(Looper.java:164)
12-04 23:49:23.693  9115  9115 E AndroidRuntime: 	at android.app.ActivityThread.main(ActivityThread.java:6494)
12-04 23:49:23.693  9115  9115 E AndroidRuntime: 	at java.lang.reflect.Method.invoke(Native Method)
12-04 23:49:23.693  9115  9115 E AndroidRuntime: 	at com.android.internal.os.RuntimeInit$MethodAndArgsCaller.run(RuntimeInit.java:438)
12-04 23:49:23.693  9115  9115 E AndroidRuntime: 	at com.android.internal.os.ZygoteInit.main(ZygoteInit.java:807)
12-04 23:49:23.700  1599  3646 W ActivityManager:   Force finishing activity com.ilinkon.net/.MainActivity
12-04 23:49:23.729  1599  1614 I ActivityManager: Showing crash dialog for package com.ilinkon.net u0
12-04 23:49:23.790  1599  1613 W BroadcastQueue: Background execution not allowed: receiving Intent { act=android.intent.action.DROPBOX_ENTRY_ADDED flg=0x10 (has extras) } to com.google.android.gms/.stats.service.DropBoxEntryAddedReceiver
12-04 23:49:23.791  1599  1613 W BroadcastQueue: Background execution not allowed: receiving Intent { act=android.intent.action.DROPBOX_ENTRY_ADDED flg=0x10 (has extras) } to com.google.android.gms/.chimera.GmsIntentOperationService$PersistentTrustedReceiver
12-04 23:49:23.912  1599  1614 W Looper  : Dispatch took 188ms on android.ui, h=Handler (com.android.server.am.ActivityManagerService$UiHandler) {f6c8156} cb=null msg=1
12-04 23:49:24.203  1599  1613 W ActivityManager: Activity pause timeout for ActivityRecord{5c14424 u0 com.ilinkon.net/.MainActivity t129 f}
12-04 23:49:24.298  1599  1613 I WindowManager: Failed to capture screenshot of Token{de52b8d ActivityRecord{5c14424 u0 com.ilinkon.net/.MainActivity t129 f}} appWin=Window{94c083e u0 com.ilinkon.net/com.ilinkon.net.MainActivity} drawState=1
12-04 23:49:24.392  1599  1614 W Looper  : Dispatch took 241ms on android.ui, h=Handler (android.view.Choreographer$FrameHandler) {7db20fd} cb=android.view.Choreographer$FrameDisplayEventReceiver@d0851f2 msg=0
12-04 23:49:24.568  1599  2135 I ActivityManager: Killing 8201:com.google.android.packageinstaller/u0a19 (adj 906): empty for 4179s
12-04 23:49:24.728  1599  1620 W ActivityManager: setHasOverlayUi called on unknown pid: 8201
12-04 23:49:25.210  1599  1614 W Looper  : Dispatch took 816ms on android.ui, h=Handler (android.view.Choreographer$FrameHandler) {7db20fd} cb=android.view.Choreographer$FrameDisplayEventReceiver@d0851f2 msg=0
12-04 23:49:27.953  1599  3646 W ActivityManager:   Force finishing activity com.ilinkon.net/.MainActivity
12-04 23:49:27.989  1599  3646 I ActivityManager: Killing 9115:com.ilinkon.net/u0a89 (adj 900): crash
12-04 23:49:28.043  1599  1614 W ViewRootImpl[net]: Dropping event due to root view being removed: MotionEvent { action=ACTION_UP, actionButton=0, id[0]=0, x[0]=180.99292, y[0]=499.92578, toolType[0]=TOOL_TYPE_FINGER, buttonState=0, metaState=0, flags=0x0, edgeFlags=0x0, pointerCount=1, historySize=0, eventTime=11332901, downTime=11332885, deviceId=0, source=0x1002 }
12-04 23:49:28.081  1599  1620 W ActivityManager: setHasOverlayUi called on unknown pid: 9115
12-04 23:49:28.170  1599  1646 W AppOps  : Finishing op nesting under-run: uid 1000 pkg android code 24 time=0 duration=0 nesting=0
12-04 23:50:52.166  1599  1616 E BatteryExternalStatsWorker: modem info is invalid: ModemActivityInfo{ mTimestamp=0 mSleepTimeMs=0 mIdleTimeMs=0 mTxTimeMs[]=[0, 0, 0, 0, 0] mRxTimeMs=0 mEnergyUsed=0}
12-04 23:51:25.092  1599  2135 I ActivityManager: START u0 {act=android.intent.action.MAIN cat=[android.intent.category.LAUNCHER] flg=0x10200000 cmp=com.android.settings/.Settings bnds=[237,1310][439,1572]} from uid 10022
12-04 23:51:25.513  1599  1613 W BroadcastQueue: Background execution not allowed: receiving Intent { act=android.intent.action.DROPBOX_ENTRY_ADDED flg=0x10 (has extras) } to com.google.android.gms/.stats.service.DropBoxEntryAddedReceiver
12-04 23:51:25.514  1599  1613 W BroadcastQueue: Background execution not allowed: receiving Intent { act=android.intent.action.DROPBOX_ENTRY_ADDED flg=0x10 (has extras) } to com.google.android.gms/.chimera.GmsIntentOperationService$PersistentTrustedReceiver
12-04 23:51:26.135  1599  1616 E KernelCpuSpeedReader: Failed to read cpu-freq: /sys/devices/system/cpu/cpu0/cpufreq/stats/time_in_state (No such file or directory)
12-04 23:51:26.145  1599  1616 E BatteryExternalStatsWorker: modem info is invalid: ModemActivityInfo{ mTimestamp=0 mSleepTimeMs=0 mIdleTimeMs=0 mTxTimeMs[]=[0, 0, 0, 0, 0] mRxTimeMs=0 mEnergyUsed=0}
12-04 23:51:33.263  1599  3646 I ActivityManager: START u0 {flg=0x8000 cmp=com.android.settings/.Settings$AppAndNotificationDashboardActivity (has extras)} from uid 1000
12-04 23:51:33.425  1599  4714 E UserRestrictionsUtils: Unknown restriction: null
12-04 23:51:34.274  1599  1613 W BroadcastQueue: Background execution not allowed: receiving Intent { act=android.intent.action.DROPBOX_ENTRY_ADDED flg=0x10 (has extras) } to com.google.android.gms/.stats.service.DropBoxEntryAddedReceiver
12-04 23:51:34.274  1599  1613 W BroadcastQueue: Background execution not allowed: receiving Intent { act=android.intent.action.DROPBOX_ENTRY_ADDED flg=0x10 (has extras) } to com.google.android.gms/.chimera.GmsIntentOperationService$PersistentTrustedReceiver
12-04 23:51:34.410  1599  4021 I ActivityManager: START u0 {flg=0x8000 cmp=com.android.settings/.Settings$AppAndNotificationDashboardActivity (has extras)} from uid 1000
12-04 23:51:34.666  1599  2135 E UserRestrictionsUtils: Unknown restriction: null
12-04 23:51:35.413  1599  1613 W BroadcastQueue: Background execution not allowed: receiving Intent { act=android.intent.action.DROPBOX_ENTRY_ADDED flg=0x10 (has extras) } to com.google.android.gms/.stats.service.DropBoxEntryAddedReceiver
12-04 23:51:35.417  1599  1613 W BroadcastQueue: Background execution not allowed: receiving Intent { act=android.intent.action.DROPBOX_ENTRY_ADDED flg=0x10 (has extras) } to com.google.android.gms/.chimera.GmsIntentOperationService$PersistentTrustedReceiver
12-04 23:51:39.752  1599  2135 I ActivityManager: START u0 {act=android.intent.action.MAIN cmp=com.android.settings/.SubSettings (has extras)} from uid 1000
12-04 23:51:40.042  6072  6072 W ContextImpl: Calling a method in the system process without a qualified user: android.app.ContextImpl.bindService:1556 android.content.ContextWrapper.bindService:684 android.content.pm.permission.RuntimePermissionPresenter$RemoteService.processMessage:171 android.content.pm.permission.RuntimePermissionPresenter.getAppPermissions:118 com.android.settingslib.applications.PermissionsSummaryHelper.getPermissionSummary:34 
12-04 23:51:40.100  1599  4021 W ActivityManager: Slow operation: 56ms so far, now at startProcess: returned from zygote!
12-04 23:51:40.100  1599  4021 W ActivityManager: Slow operation: 56ms so far, now at startProcess: done updating battery stats
12-04 23:51:40.100  1599  4021 W ActivityManager: Slow operation: 56ms so far, now at startProcess: building log message
12-04 23:51:40.100  1599  4021 I ActivityManager: Start proc 9208:com.google.android.packageinstaller/u0a19 for service com.google.android.packageinstaller/com.android.packageinstaller.permission.service.RuntimePermissionPresenterServiceImpl
12-04 23:51:40.100  1599  4021 W ActivityManager: Slow operation: 57ms so far, now at startProcess: starting to update pids map
12-04 23:51:40.100  1599  4021 W ActivityManager: Slow operation: 57ms so far, now at startProcess: done updating pids map
12-04 23:51:40.100  1599  4021 W ActivityManager: Slow operation: 57ms so far, now at startProcess: done starting proc!
12-04 23:51:40.202  1599  1613 W BroadcastQueue: Background execution not allowed: receiving Intent { act=android.intent.action.DROPBOX_ENTRY_ADDED flg=0x10 (has extras) } to com.google.android.gms/.stats.service.DropBoxEntryAddedReceiver
12-04 23:51:40.205  1599  1613 W BroadcastQueue: Background execution not allowed: receiving Intent { act=android.intent.action.DROPBOX_ENTRY_ADDED flg=0x10 (has extras) } to com.google.android.gms/.chimera.GmsIntentOperationService$PersistentTrustedReceiver
12-04 23:51:40.223  1599  1616 E KernelCpuSpeedReader: Failed to read cpu-freq: /sys/devices/system/cpu/cpu0/cpufreq/stats/time_in_state (No such file or directory)
12-04 23:51:40.264  1599  1616 E BatteryExternalStatsWorker: modem info is invalid: ModemActivityInfo{ mTimestamp=0 mSleepTimeMs=0 mIdleTimeMs=0 mTxTimeMs[]=[0, 0, 0, 0, 0] mRxTimeMs=0 mEnergyUsed=0}
12-04 23:51:40.282  1599  3646 I ProcessStatsService: Added stats: 2020-12-04-20-38-47, over +3h1m17s794ms
12-04 23:51:40.495  1599  3404 I ProcessStatsService: Added stats: 2020-12-04-20-38-47, over +3h1m17s794ms
12-04 23:51:42.650  1599  4714 E UserRestrictionsUtils: Unknown restriction: com.ilinkon.net
12-04 23:51:42.651  1599  4714 I ActivityManager: START u0 {act=android.intent.action.UNINSTALL_PACKAGE dat=package:com.ilinkon.net cmp=com.google.android.packageinstaller/com.android.packageinstaller.UninstallerActivity (has extras)} from uid 1000
12-04 23:51:44.833  1599  3698 I ActivityManager: START u0 {flg=0x2000000 cmp=com.google.android.packageinstaller/com.android.packageinstaller.UninstallUninstalling (has extras)} from uid 10019
12-04 23:51:44.927  1599  1613 I ActivityManager: Force stopping com.ilinkon.net appid=10089 user=0: deletePackageX
12-04 23:51:45.570  1599  1625 I ActivityManager: Force stopping com.ilinkon.net appid=10089 user=0: pkg removed
12-04 23:51:45.629  1599  1613 W BroadcastQueue: Background execution not allowed: receiving Intent { act=android.intent.action.PACKAGE_REMOVED dat=package:com.ilinkon.net flg=0x4000010 (has extras) } to com.android.vending/com.google.android.finsky.packagemanager.impl.PackageMonitorReceiverImpl$RegisteredReceiver
12-04 23:51:45.663  1599  1614 W Looper  : Dispatch took 157ms on android.ui, h=Handler (com.android.server.am.ActivityManagerService$UiHandler) {f6c8156} cb=null msg=30
12-04 23:51:45.738  1599  1599 W ActivityManager: Slow operation: 68ms so far, now at startProcess: returned from zygote!
12-04 23:51:45.738  1599  1599 W ActivityManager: Slow operation: 68ms so far, now at startProcess: done updating battery stats
12-04 23:51:45.738  1599  1599 W ActivityManager: Slow operation: 68ms so far, now at startProcess: building log message
12-04 23:51:45.738  1599  1599 I ActivityManager: Start proc 9235:com.android.keychain/1000 for service com.android.keychain/.KeyChainService
12-04 23:51:45.738  1599  1599 W ActivityManager: Slow operation: 68ms so far, now at startProcess: starting to update pids map
12-04 23:51:45.739  1599  1599 W ActivityManager: Slow operation: 68ms so far, now at startProcess: done updating pids map
12-04 23:51:45.739  1599  1599 W ActivityManager: Slow operation: 69ms so far, now at startProcess: done starting proc!
12-04 23:51:45.750  1599  1613 W BroadcastQueue: Background execution not allowed: receiving Intent { act=android.intent.action.PACKAGE_REMOVED dat=package:com.ilinkon.net flg=0x4000010 (has extras) } to com.android.vending/com.google.android.finsky.instantapps.appmanagement.InstantAppRemoveMonitor
12-04 23:51:45.751  1599  1613 W BroadcastQueue: Background execution not allowed: receiving Intent { act=android.intent.action.PACKAGE_REMOVED dat=package:com.ilinkon.net flg=0x4000010 (has extras) } to com.google.android.gms/.games.chimera.GamesSystemBroadcastReceiverProxy
12-04 23:51:45.751  1599  1613 W BroadcastQueue: Background execution not allowed: receiving Intent { act=android.intent.action.PACKAGE_REMOVED dat=package:com.ilinkon.net flg=0x4000010 (has extras) } to com.google.android.gms/.chimera.GmsIntentOperationService$PersistentTrustedReceiver
12-04 23:51:45.751  1599  1613 W BroadcastQueue: Background execution not allowed: receiving Intent { act=android.intent.action.PACKAGE_REMOVED dat=package:com.ilinkon.net flg=0x4000010 (has extras) } to com.google.android.googlequicksearchbox/com.google.android.apps.gsa.googlequicksearchbox.GelStubAppWatcher
12-04 23:51:45.756  1599  1625 D KernelUidCpuTimeReader: Removing uids 10089-10089
12-04 23:51:45.847  1599  3698 W ActivityManager: Slow operation: 71ms so far, now at startProcess: returned from zygote!
12-04 23:51:45.847  1599  3698 W ActivityManager: Slow operation: 71ms so far, now at startProcess: done updating battery stats
12-04 23:51:45.847  1599  3698 W ActivityManager: Slow operation: 72ms so far, now at startProcess: building log message
12-04 23:51:45.847  1599  3698 I ActivityManager: Start proc 9249:com.android.documentsui/u0a14 for broadcast com.android.documentsui/.PackageReceiver
12-04 23:51:45.847  1599  3698 W ActivityManager: Slow operation: 72ms so far, now at startProcess: starting to update pids map
12-04 23:51:45.847  1599  3698 W ActivityManager: Slow operation: 72ms so far, now at startProcess: done updating pids map
12-04 23:51:45.848  1599  3698 W ActivityManager: Slow operation: 73ms so far, now at startProcess: done starting proc!
12-04 23:51:45.881  1599  1599 I ConditionProviders: Disallowing condition provider com.ilinkon.net
12-04 23:51:45.899  1599  1668 D NetworkStats: Resolving plan for NetworkTemplate: matchRule=MOBILE_ALL, subscriberId=310260..., matchSubscriberIds=[310260...]
12-04 23:51:45.954  1599  1668 D NetworkStats: Found active matching subId 1
12-04 23:51:45.965  1599  2132 W ActivityManager: Slow operation: 69ms so far, now at attachApplicationLocked: immediately after bindApplication
12-04 23:51:45.965  1599  2132 W ActivityManager: Slow operation: 74ms so far, now at attachApplicationLocked: after updateLruProcessLocked
12-04 23:51:45.988  1599  2132 W ActivityManager: Slow operation: 97ms so far, now at attachApplicationLocked: after mServices.attachApplicationLocked
12-04 23:51:46.075  1599  1668 D NetworkStats: Resolved to plan null
12-04 23:51:46.735  1599  1610 I ActivityManager: Killing 8429:com.google.android.gms.ui/u0a12 (adj 906): empty for 4319s
12-04 23:51:46.777  1599  4804 I ActivityManager: Start proc 9303:android.process.media/u0a11 for broadcast com.android.providers.downloads/.DownloadReceiver
12-04 23:51:47.017  1599  3698 I ActivityManager: Start proc 9327:com.google.android.apps.docs/u0a52 for content provider com.google.android.apps.docs/.storagebackend.StorageBackendContentProvider
12-04 23:51:47.037  1599  4154 I ActivityManager: Killing 8913:com.google.android.gms.unstable/u0a12 (adj 906): empty for 2023s
12-04 23:51:47.092  1599  4804 W BroadcastQueue: Background execution not allowed: receiving Intent { act=android.intent.action.DROPBOX_ENTRY_ADDED flg=0x10 (has extras) } to com.google.android.gms/.stats.service.DropBoxEntryAddedReceiver
12-04 23:51:47.093  1599  1613 W BroadcastQueue: Background execution not allowed: receiving Intent { act=android.intent.action.DROPBOX_ENTRY_ADDED flg=0x10 (has extras) } to com.google.android.gms/.chimera.GmsIntentOperationService$PersistentTrustedReceiver
12-04 23:52:22.507  1599  1599 D ConditionProviders.SCP: onReceive android.intent.action.TIME_SET
12-04 23:52:22.532  1599  1599 D ConditionProviders.SCP: notifyCondition condition://android/schedule?days=6.7&start=23.30&end=10.0&exitAtAlarm=false STATE_TRUE reason=meetsSchedule
12-04 23:52:22.532  1599  1599 D ConditionProviders.SCP: notifyCondition condition://android/schedule?days=1.2.3.4.5&start=22.0&end=7.0&exitAtAlarm=false STATE_FALSE reason=!meetsSchedule
12-04 23:52:22.994  1599  1613 W ActivityManager: Slow operation: 439ms so far, now at startProcess: returned from zygote!
12-04 23:52:23.008  1599  1613 W ActivityManager: Slow operation: 453ms so far, now at startProcess: done updating battery stats
12-04 23:52:23.010  1599  1613 W ActivityManager: Slow operation: 455ms so far, now at startProcess: building log message
12-04 23:52:23.010  1599  1613 I ActivityManager: Start proc 9391:com.google.android.calendar/u0a44 for broadcast com.google.android.calendar/com.android.calendar.widget.CalendarAppWidgetProvider
12-04 23:52:23.010  1599  1613 W ActivityManager: Slow operation: 455ms so far, now at startProcess: starting to update pids map
12-04 23:52:23.010  1599  1613 W ActivityManager: Slow operation: 456ms so far, now at startProcess: done updating pids map
12-04 23:52:23.010  1599  1613 W ActivityManager: Slow operation: 486ms so far, now at startProcess: done starting proc!
12-04 23:52:23.018  1599  1599 D ConditionProviders.SCP: Scheduling evaluate for Sat Dec 05 07:00:00 GMT+01:00 2020 (1607148000000), in +7h7m37s492ms, now=Fri Dec 04 23:52:22 GMT+01:00 2020 (1607122342508)
12-04 23:52:23.206  1599  1681 W ActivityManager: Slow operation: 84ms so far, now at startProcess: returned from zygote!
12-04 23:52:23.206  1599  1681 W ActivityManager: Slow operation: 84ms so far, now at startProcess: done updating battery stats
12-04 23:52:23.206  1599  1681 W ActivityManager: Slow operation: 85ms so far, now at startProcess: building log message
12-04 23:52:23.206  1599  1681 I ActivityManager: Start proc 9404:com.android.providers.calendar/u0a3 for content provider com.android.providers.calendar/.CalendarProvider2
12-04 23:52:23.207  1599  1681 W ActivityManager: Slow operation: 85ms so far, now at startProcess: starting to update pids map
12-04 23:52:23.207  1599  1681 W ActivityManager: Slow operation: 85ms so far, now at startProcess: done updating pids map
12-04 23:52:23.207  1599  1681 W ActivityManager: Slow operation: 86ms so far, now at startProcess: done starting proc!
12-04 23:52:23.207  1599  1681 W ActivityManager: Slow operation: 102ms so far, now at getContentProviderImpl: after start process
12-04 23:52:23.207  1599  1681 W ActivityManager: Slow operation: 103ms so far, now at getContentProviderImpl: updating data structures
12-04 23:52:23.209  1599  1681 W ActivityManager: Slow operation: 104ms so far, now at getContentProviderImpl: done!
12-04 23:52:23.298  1599  4154 W ActivityManager: Slow operation: 87ms so far, now at attachApplicationLocked: immediately after bindApplication
12-04 23:52:23.299  1599  4154 W ActivityManager: Slow operation: 88ms so far, now at attachApplicationLocked: after updateLruProcessLocked
12-04 23:52:23.322  1599  4154 W ActivityManager: Slow operation: 111ms so far, now at attachApplicationLocked: after mServices.attachApplicationLocked
12-04 23:52:23.348  1599  4154 W ActivityManager: Slow operation: 137ms so far, now at attachApplicationLocked: after sendPendingBroadcastsLocked
12-04 23:52:24.079  1599  1612 I UsageStatsService: Time changed in UsageStats by 32 seconds
12-04 23:52:24.079  1599  1612 I UsageStatsService: User[0] Flushing usage stats to disk
12-04 23:52:24.393  1599  1612 I UsageStatsDatabase: Time changed by +32s390ms. files deleted: 0 files moved: 24
12-04 23:52:24.439  1599  1612 I UsageStatsService: User[0] Rollover scheduled @ 2020-12-05 20:41:16(1607197276429)
12-04 23:52:25.360  1599  3698 W ActivityManager: Slow operation: 67ms so far, now at startProcess: returned from zygote!
12-04 23:52:25.360  1599  3698 W ActivityManager: Slow operation: 67ms so far, now at startProcess: done updating battery stats
12-04 23:52:25.360  1599  3698 W ActivityManager: Slow operation: 67ms so far, now at startProcess: building log message
12-04 23:52:25.360  1599  3698 I ActivityManager: Start proc 9443:com.google.android.deskclock/u0a69 for broadcast com.google.android.deskclock/com.android.deskclock.AlarmInitReceiver
12-04 23:52:25.360  1599  3698 W ActivityManager: Slow operation: 67ms so far, now at startProcess: starting to update pids map
12-04 23:52:25.360  1599  3698 W ActivityManager: Slow operation: 67ms so far, now at startProcess: done updating pids map
12-04 23:52:25.361  1599  3698 W ActivityManager: Slow operation: 68ms so far, now at startProcess: done starting proc!
12-04 23:52:27.754  1599  1675 D ConnectivityService: reportNetworkConnectivity(101, false) by 10012
12-04 23:52:28.394  1599  1675 D ConnectivityService: NetworkAgentInfo [WIFI () - 101] validation passed
12-04 23:52:32.424  1599  1616 E BatteryExternalStatsWorker: modem info is invalid: ModemActivityInfo{ mTimestamp=0 mSleepTimeMs=0 mIdleTimeMs=0 mTxTimeMs[]=[0, 0, 0, 0, 0] mRxTimeMs=0 mEnergyUsed=0}
12-04 23:53:19.866  1599  4360 D PackageInstaller: Ignoring abandon after commit relinquished control
12-04 23:53:19.978  1599  3698 W BroadcastQueue: Background execution not allowed: receiving Intent { act=android.intent.action.PACKAGE_ADDED dat=package:com.ilinkon.net flg=0x4000010 (has extras) } to com.android.vending/com.google.android.finsky.packagemanager.impl.PackageMonitorReceiverImpl$RegisteredReceiver
12-04 23:53:19.990  1599  1613 W BroadcastQueue: Background execution not allowed: receiving Intent { act=android.intent.action.PACKAGE_ADDED dat=package:com.ilinkon.net flg=0x4000010 (has extras) } to com.google.android.gms/.games.chimera.GamesSystemBroadcastReceiverProxy
12-04 23:53:19.992  1599  1613 W BroadcastQueue: Background execution not allowed: receiving Intent { act=android.intent.action.PACKAGE_ADDED dat=package:com.ilinkon.net flg=0x4000010 (has extras) } to com.google.android.gms/.gass.chimera.PackageChangeBroadcastReceiver
12-04 23:53:19.992  1599  1613 W BroadcastQueue: Background execution not allowed: receiving Intent { act=android.intent.action.PACKAGE_ADDED dat=package:com.ilinkon.net flg=0x4000010 (has extras) } to com.google.android.gms/.chimera.GmsIntentOperationService$PersistentTrustedReceiver
12-04 23:53:19.992  1599  1613 W BroadcastQueue: Background execution not allowed: receiving Intent { act=android.intent.action.PACKAGE_ADDED dat=package:com.ilinkon.net flg=0x4000010 (has extras) } to com.google.android.googlequicksearchbox/com.google.android.apps.gsa.googlequicksearchbox.GelStubAppWatcher
12-04 23:53:20.244  1599  3698 W ActivityManager: Unable to start service Intent { act=com.google.android.gms.auth.key.retrieval.service.START pkg=com.google.android.gms } U=0: not found
12-04 23:53:20.312  1599  4360 W ActivityManager: Unbind failed: could not find connection for android.os.BinderProxy@fed7bf4
12-04 23:53:20.641  1599  3698 I ActivityManager: START u0 {flg=0x10000000 cmp=com.ilinkon.net/.MainActivity} from uid 2000
12-04 23:53:21.018  1599  4804 W ActivityManager: Slow operation: 143ms so far, now at startProcess: returned from zygote!
12-04 23:53:21.019  1599  4804 W ActivityManager: Slow operation: 144ms so far, now at startProcess: done updating battery stats
12-04 23:53:21.019  1599  4804 W ActivityManager: Slow operation: 144ms so far, now at startProcess: building log message
12-04 23:53:21.019  1599  4804 I ActivityManager: Start proc 9608:com.ilinkon.net/u0a90 for activity com.ilinkon.net/.MainActivity
12-04 23:53:21.019  1599  4804 W ActivityManager: Slow operation: 144ms so far, now at startProcess: starting to update pids map
12-04 23:53:21.019  1599  4804 W ActivityManager: Slow operation: 144ms so far, now at startProcess: done updating pids map
12-04 23:53:21.019  1599  4804 W ActivityManager: Slow operation: 146ms so far, now at startProcess: done starting proc!
12-04 23:53:21.116  1599  1599 I Telecom : DefaultDialerCache: Refreshing default dialer for user 0: now com.google.android.dialer: DDC.oR@AMQ
12-04 23:53:21.942  1599  2792 W ActivityManager: Slow operation: 254ms so far, now at attachApplicationLocked: after mServices.attachApplicationLocked
12-04 23:53:21.947  1599  1614 W Looper  : Dispatch took 166ms on android.ui, h=Handler (com.android.server.am.ActivityManagerService$UiHandler) {f6c8156} cb=null msg=31
12-04 23:53:42.084  1599  3404 W ActivityManager: Slow operation: 53ms so far, now at startProcess: returned from zygote!
12-04 23:53:42.084  1599  3404 W ActivityManager: Slow operation: 53ms so far, now at startProcess: done updating battery stats
12-04 23:53:42.085  1599  3404 W ActivityManager: Slow operation: 54ms so far, now at startProcess: building log message
12-04 23:53:42.085  1599  3404 I ActivityManager: Start proc 9664:com.android.chrome:webview_service/u0a46 for service com.android.chrome/org.chromium.android_webview.services.VariationsSeedServer
12-04 23:53:42.085  1599  3404 W ActivityManager: Slow operation: 55ms so far, now at startProcess: starting to update pids map
12-04 23:53:42.086  1599  3404 W ActivityManager: Slow operation: 55ms so far, now at startProcess: done updating pids map
12-04 23:53:42.086  1599  3404 W ActivityManager: Slow operation: 55ms so far, now at startProcess: done starting proc!
12-05 00:00:00.419  1599  2792 W BroadcastQueue: Background execution not allowed: receiving Intent { act=android.intent.action.DATE_CHANGED flg=0x20200010 } to com.google.android.calendar/com.android.calendar.widget.CalendarAppWidgetProvider
12-05 00:00:00.420  1599  1613 W BroadcastQueue: Background execution not allowed: receiving Intent { act=android.intent.action.DATE_CHANGED flg=0x20200010 } to com.google.android.calendar/.widgetmonth.MonthViewWidgetProvider
12-05 00:00:00.420  1599  1613 W BroadcastQueue: Background execution not allowed: receiving Intent { act=android.intent.action.DATE_CHANGED flg=0x20200010 } to com.google.android.calendar/com.google.android.apps.calendar.usernotifications.NotificationsInitializer$NotificationsRelevantUpdatesReceiver
12-05 00:00:00.420  1599  1613 W BroadcastQueue: Background execution not allowed: receiving Intent { act=android.intent.action.DATE_CHANGED flg=0x20200010 } to com.google.android.gms/.chimera.GmsIntentOperationService$PersistentTrustedReceiver
12-05 00:00:19.010  1599  1616 E BatteryExternalStatsWorker: modem info is invalid: ModemActivityInfo{ mTimestamp=0 mSleepTimeMs=0 mIdleTimeMs=0 mTxTimeMs[]=[0, 0, 0, 0, 0] mRxTimeMs=0 mEnergyUsed=0}
12-05 00:02:34.583  1599  1599 W WindowManager: removeWindowToken: Attempted to remove non-existing token: android.os.Binder@80b6470
12-05 00:02:40.875  1599  1612 I UsageStatsService: User[0] Flushing usage stats to disk
12-05 00:04:37.411  1599  1616 E BatteryExternalStatsWorker: modem info is invalid: ModemActivityInfo{ mTimestamp=0 mSleepTimeMs=0 mIdleTimeMs=0 mTxTimeMs[]=[0, 0, 0, 0, 0] mRxTimeMs=0 mEnergyUsed=0}
12-05 00:09:32.431  1599  1599 W WindowManager: removeWindowToken: Attempted to remove non-existing token: android.os.Binder@8b95c64
12-05 00:09:36.425  1599  1599 W WindowManager: removeWindowToken: Attempted to remove non-existing token: android.os.Binder@ebfea93
12-05 00:09:43.785  1599  1599 W WindowManager: removeWindowToken: Attempted to remove non-existing token: android.os.Binder@ebff5ce
12-05 00:09:47.140  1599  1599 W WindowManager: removeWindowToken: Attempted to remove non-existing token: android.os.Binder@2e9a0da
12-05 00:10:00.334  1599  1613 I ActivityManager: Force stopping com.ilinkon.net appid=10090 user=-1: installPackageLI
12-05 00:10:00.336  1599  1613 I ActivityManager: Killing 9608:com.ilinkon.net/u0a90 (adj 0): stop com.ilinkon.net
12-05 00:10:00.343  1599  1613 W ActivityManager: Force removing ActivityRecord{a5e0454 u0 com.ilinkon.net/.MainActivity t130}: app died, no saved state
12-05 00:10:00.355  1599  1613 I WindowManager: Failed to capture screenshot of Token{c519ffd ActivityRecord{a5e0454 u0 com.ilinkon.net/.MainActivity t130 f}} appWin=Window{a99985f u0 com.ilinkon.net/com.ilinkon.net.MainActivity} drawState=4
12-05 00:10:00.413  1599  1625 I PackageManager: Package com.ilinkon.net codePath changed from /data/app/com.ilinkon.net-xcZBm23YmMLyTua9Aq1C3g== to /data/app/com.ilinkon.net-Et5vraY2YkDBLXBAJvyHyg==; Retaining data and using new
12-05 00:10:00.413  1599  1625 W PackageManager: Code path for com.ilinkon.net changing from /data/app/com.ilinkon.net-xcZBm23YmMLyTua9Aq1C3g== to /data/app/com.ilinkon.net-Et5vraY2YkDBLXBAJvyHyg==
12-05 00:10:00.413  1599  1625 W PackageManager: Resource path for com.ilinkon.net changing from /data/app/com.ilinkon.net-xcZBm23YmMLyTua9Aq1C3g== to /data/app/com.ilinkon.net-Et5vraY2YkDBLXBAJvyHyg==
12-05 00:10:00.458  1599  1620 W ActivityManager: setHasOverlayUi called on unknown pid: 9608
12-05 00:10:00.682  1599  1613 W BroadcastQueue: Background execution not allowed: receiving Intent { act=android.intent.action.DROPBOX_ENTRY_ADDED flg=0x10 (has extras) } to com.google.android.gms/.stats.service.DropBoxEntryAddedReceiver
12-05 00:10:00.684  1599  1613 W BroadcastQueue: Background execution not allowed: receiving Intent { act=android.intent.action.DROPBOX_ENTRY_ADDED flg=0x10 (has extras) } to com.google.android.gms/.chimera.GmsIntentOperationService$PersistentTrustedReceiver
12-05 00:10:01.546  1599  4804 D PackageInstaller: Ignoring abandon after commit relinquished control
12-05 00:10:01.552  1599  1625 I ActivityManager: Force stopping com.ilinkon.net appid=10090 user=0: pkg removed
12-05 00:10:01.612  1599  1613 W BroadcastQueue: Background execution not allowed: receiving Intent { act=android.intent.action.PACKAGE_REMOVED dat=package:com.ilinkon.net flg=0x4000010 (has extras) } to com.android.vending/com.google.android.finsky.packagemanager.impl.PackageMonitorReceiverImpl$RegisteredReceiver
12-05 00:10:01.612  1599  1613 W BroadcastQueue: Background execution not allowed: receiving Intent { act=android.intent.action.PACKAGE_REMOVED dat=package:com.ilinkon.net flg=0x4000010 (has extras) } to com.android.vending/com.google.android.finsky.instantapps.appmanagement.InstantAppRemoveMonitor
12-05 00:10:01.612  1599  1613 W BroadcastQueue: Background execution not allowed: receiving Intent { act=android.intent.action.PACKAGE_REMOVED dat=package:com.ilinkon.net flg=0x4000010 (has extras) } to com.google.android.gms/.games.chimera.GamesSystemBroadcastReceiverProxy
12-05 00:10:01.612  1599  1613 W BroadcastQueue: Background execution not allowed: receiving Intent { act=android.intent.action.PACKAGE_REMOVED dat=package:com.ilinkon.net flg=0x4000010 (has extras) } to com.google.android.gms/.chimera.GmsIntentOperationService$PersistentTrustedReceiver
12-05 00:10:01.612  1599  1613 W BroadcastQueue: Background execution not allowed: receiving Intent { act=android.intent.action.PACKAGE_REMOVED dat=package:com.ilinkon.net flg=0x4000010 (has extras) } to com.google.android.googlequicksearchbox/com.google.android.apps.gsa.googlequicksearchbox.GelStubAppWatcher
12-05 00:10:01.712  1599  1613 W BroadcastQueue: Background execution not allowed: receiving Intent { act=android.intent.action.PACKAGE_ADDED dat=package:com.ilinkon.net flg=0x4000010 (has extras) } to com.android.vending/com.google.android.finsky.packagemanager.impl.PackageMonitorReceiverImpl$RegisteredReceiver
12-05 00:10:01.712  1599  1613 W BroadcastQueue: Background execution not allowed: receiving Intent { act=android.intent.action.PACKAGE_ADDED dat=package:com.ilinkon.net flg=0x4000010 (has extras) } to com.google.android.gms/.games.chimera.GamesSystemBroadcastReceiverProxy
12-05 00:10:01.712  1599  1613 W BroadcastQueue: Background execution not allowed: receiving Intent { act=android.intent.action.PACKAGE_ADDED dat=package:com.ilinkon.net flg=0x4000010 (has extras) } to com.google.android.gms/.gass.chimera.PackageChangeBroadcastReceiver
12-05 00:10:01.712  1599  1613 W BroadcastQueue: Background execution not allowed: receiving Intent { act=android.intent.action.PACKAGE_ADDED dat=package:com.ilinkon.net flg=0x4000010 (has extras) } to com.google.android.gms/.chimera.GmsIntentOperationService$PersistentTrustedReceiver
12-05 00:10:01.712  1599  1613 W BroadcastQueue: Background execution not allowed: receiving Intent { act=android.intent.action.PACKAGE_ADDED dat=package:com.ilinkon.net flg=0x4000010 (has extras) } to com.google.android.googlequicksearchbox/com.google.android.apps.gsa.googlequicksearchbox.GelStubAppWatcher
12-05 00:10:01.739  1599  1613 W BroadcastQueue: Background execution not allowed: receiving Intent { act=android.intent.action.PACKAGE_REPLACED dat=package:com.ilinkon.net flg=0x4000010 (has extras) } to com.google.android.apps.photos/.account.full.FetchAccountPropertiesAppUpgradeBroadcastReceiver
